_off^_usr, _off^_usr, _off^_usr, _off^_usr, _off^_usr, _off^_usr, _off^_usr, _off^_usr, _off^_usr, _off^_usr, _off^_usr, _off^_usr, _off^_usr, _off^_usr, _off^_usr, _off^_usr, _off^_usr, _off^_usr, _off^_usr, _off^_usr, _off^_usr, _off^_usr, _off^_usr, _off^_usr, _off^_usr, _off^_usr, _off^_usr, _off^_usr, _off^_usr, _off^_usr, _off^_usr, _off^_usr, _off^_usr, _off^_usr, _off^_usr, _off^_usr, _off^_usr, _off^_usr, _off^_usr, _off^_usr, _off^_usr, _off^_usr, _off^_usr, _off^_usr
_off^_usr, _off^_usr, _off^_usr, _off^_usr, _off^_usr, _off^_usr, _off^_usr, _off^_usr, _off^_usr, _off^_usr, _off^_usr, _off^_usr, _off^_usr, _off^_usr, _off^_usr, _off^_usr, _off^_usr, _off^_usr, _off^_usr, _off^_usr, Gll, Md, Gd, Gd, Md, Gd, Hhd^Fdf, Gll, Gll^Fdf, Gll, Gll, Re, Gll, Gll^Fdf, Wwf, Wwf, Gd^Vda, Gd, Gll, Md, Hhd, Hhd^Fp, Md, _off^_usr
_off^_usr, _off^_usr, _off^_usr, _off^_usr, _off^_usr, _off^_usr, _off^_usr, _off^_usr, _off^_usr, _off^_usr, _off^_usr, _off^_usr, _off^_usr, _off^_usr, _off^_usr, _off^_usr, _off^_usr, _off^_usr, Gs, Gs^Fet, Gll, Gll, Gll, Hhd, Gd, Gll^Fdf, Rr, Rr, Rr, Rr, Rr, Hhd, Wwf, Wwf, Gll, Gll, Gll, Gll, Gll, Hhd^Fp, Gll, Hhd, Md, _off^_usr
_off^_usr, _off^_usr, _off^_usr, _off^_usr, _off^_usr, _off^_usr, _off^_usr, _off^_usr, _off^_usr, _off^_usr, _off^_usr, _off^_usr, _off^_usr, _off^_usr, _off^_usr, _off^_usr, Md, Gs, Wwf, Gs^Vc, Gs, Gll, Gll, Ch, Ch, Ch, Kh, Rr, Wwf, Gll, Gll, Rr, Rr, Wwf, Wwf, Gll, 1 Kh, Ch, Ch, Gll, Gll, Hhd, Hhd^Fmf, _off^_usr
_off^_usr, _off^_usr, _off^_usr, _off^_usr, _off^_usr, _off^_usr, _off^_usr, _off^_usr, _off^_usr, _off^_usr, _off^_usr, _off^_usr, _off^_usr, _off^_usr, Gs, Wwf, Wwf, Wwf, Wwf, Wwf, Gs, Gll, Gll, Gd, Gll^Tf, Gll, Gll, Ch, Gll, Wwf, Wwf, Wwf, Wwf, Wwf^Bw\, Rr, Rr, Re, Gd, Gll, Ch, Gll, Gll, Gd, _off^_usr
_off^_usr, _off^_usr, _off^_usr, _off^_usr, _off^_usr, _off^_usr, _off^_usr, _off^_usr, _off^_usr, _off^_usr, _off^_usr, _off^_usr, Gs^Fms, Gll, Hh, Hh^Fms, Gll, Wwf, Gll, Wwf, Md, Md^Xm, Gs^Fds, Gll, Gll, Gll, Md, Gd, Hhd, Gll, Wwf, Wwf, Gll, Gll, Hhd^Fmf, Hhd, Gll, Gll, Re^Gvs, Md, Gll, Gd^Fmf, Gs, _off^_usr
_off^_usr, _off^_usr, _off^_usr, _off^_usr, _off^_usr, _off^_usr, _off^_usr, _off^_usr, _off^_usr, _off^_usr, Gs^Fms, Gg, Gg, Gs, Gs, Gs^Vo, Gll, Gll^Fds, Gll, Gll, Md^Xm, Gs, Gs, Gd, Gd^Ftd, Gll^Ftd, Hhd, Gll, Wwf, Wwf, Gll, Gs^Vh, Gs, Gd, Gll, Gll, Gll, Re^Gvs, Re^Gvs, Re^Gvs, Gd^Ve, Gll, Gll, _off^_usr
_off^_usr, _off^_usr, _off^_usr, _off^_usr, _off^_usr, _off^_usr, _off^_usr, _off^_usr, Gs, Gll, Hh, Gs, Gs, Mm^Xm, Gs, Gs, Gs, Ce, Gll, Md^Xm, Gll, Hhd^Vhh, Gd, Gd, Gs, Gs, Wwf, Wwf, Re^Gvs, Gll^Fds, Re^Gvs, Md, Md^Xm, Md^Xm, Gd, Gll, Kh, Gll, Gd, Gll, Gll, Gd, Hhd^Fds, _off^_usr
_off^_usr, _off^_usr, _off^_usr, _off^_usr, _off^_usr, _off^_usr, Md, Wwf, Wwf, Hh^Fms, Gll, Gs^Vo, Gll, Gs, Gs, Gg, Gg, Gs, Hhd, Gd, Gll, Gll, Gll, Gll, Md, Wwf, Wwf, Re^Gvs, Rrc, Re^Gvs, Gd^Tf, Gd, Gll, Gll^Tf, Gll, Gll, Gll, Ch, Ch, Kh, Gs, Gll, Gs^Fds, _off^_usr
_off^_usr, _off^_usr, _off^_usr, _off^_usr, Gs, Gs, Wwf, Wwf, Wwf, Wwf, Gll, Gll^Fds, Gll, Ce, Gll, Gs, Hhd, Hh^Tf, Hh^Tf, Hh, Gs, Gs^Ftd, Gs, Gs, Hh, Wwf, Wwf, Rrc^Vhc, Wwf, Rrc, Rrc, Md, Gll^Fds, Gll, Hhd, Gll, Wwf, Wwf, Gs, Gs, Re, Gll, Gll, _off^_usr
_off^_usr, _off^_usr, Gll, Gs^Fet, Gll, Gs^Vc, Gs, Wwf, Gs, Wwf, Md, Gll, Md^Xm, Md^Xm, Gll, Gd, Gll, Hh, Gs, Gg^Fds, Gg, Ss, Wwf, Wwf, Wwf, Wwf, Ww, Gll^Ftp, Wwf, Wwf, Wwf, Rrc, Rrc, Wwf, Wwf, Wwf, Rrc, Rrc, Rrc, Rrc, Rrc, Rrc^Vd, _off^_usr, _off^_usr
_off^_usr, Md, Gd, Gll, Gll, Gll, Gll, Gll, Gll, Md^Xm, Gs^Fds, Gs, Gs, Hhd^Vhh, Gd, Gll, Gll, Gs^Ftd, Gs, Ss, Wwf, Ss, Ww, Ww, Ww, Ww, Ww, Ww, Rrc, Wwt, Ww^Bsb/, Ww^Bsb/, Ww, Ww^Vm, Rrc, Rrc, Rb^Ftp, Hhd, Rb^Ftp, Rb^Tf, _off^_usr, _off^_usr, _off^_usr, _off^_usr
_off^_usr, Gd, Md, Hhd, Gd, Ch, Ch, Gd, Gll^Tf, Gd, Gll, Gd, Gd^Ftd, Gll, Gs, Gll, Md, Gs, Hh, Wwf, Wwf, Ww, Ww, Gg^Fds, Mm^Xm, Ww, Wwr, Ww, Rrc, Rrc, Rrc, Ww, Rb^Fds, Ww, Ww, Ww, Ww, Ww, _off^_usr, _off^_usr, _off^_usr, _off^_usr, _off^_usr, _off^_usr
_off^_usr, Gd, Hhd^Fdf, Gll^Fdf, Rr, Ch, Kh, Gll, Gll, Gll, Md, Gll^Ftd, Hhd, Gs, Wwf, Wwf, Wwf, Wwf, Wwf, Wwf, Ww, Ww, Ww, Ww, Wwr, Hh, Ww, Ww, Ww^Bsb/, Rrc, Hhd, Ce, Ww, Ww, Ww, Ww, _off^_usr, _off^_usr, _off^_usr, _off^_usr, _off^_usr, _off^_usr, _off^_usr, _off^_usr
_off^_usr, Gll, Gll^Fdf, Rr, Rr, Rr, Wwf, Ch, Gll, Gd, Hhd, Gll, Wwf, Wwf, Re^Gvs, Re^Gvs, Rrc, Rrc^Vhc, Wwf, Gll^Ftp, Wwf, Ww, Rrc, Ww, Rrc, Ww, Ww^Bsb/, Ww^Bsb/, Ww, Ww, Wwr, Ww, Wo, Wo, _off^_usr, _off^_usr, _off^_usr, _off^_usr, _off^_usr, _off^_usr, _off^_usr, _off^_usr, _off^_usr, _off^_usr
_off^_usr, Gll, Gll, Rr, Rr, Gll, Gll, Wwf, Wwf, Gll, Wwf, Wwf, Gll, Gll^Fds, Re^Gvs, Re^Gvs, Gd^Tf, Rrc, Rrc, Wwf, Wwf, Ww, Ww^Bsb/, Rrc, Rrc, Rrc, Hhd, Ww, Wwr, Mm^Xm, Mm^Xm, Ww, _off^_usr, _off^_usr, _off^_usr, _off^_usr, _off^_usr, _off^_usr, _off^_usr, _off^_usr, _off^_usr, _off^_usr, _off^_usr, _off^_usr
_off^_usr, Re, Gll, Hhd, Wwf, Rr, Rr, Wwf, Wwf, Wwf, Gll, Gs^Vh, Gs, Md, Md^Xm, Gd, Gll, Md, Gll^Fds, Rrc, Rrc, Ww^Bsb/, Ww, Ww, Rb^Fds, Ce, Ww, Ww, Wo, Ww, _off^_usr, _off^_usr, _off^_usr, _off^_usr, _off^_usr, _off^_usr, _off^_usr, _off^_usr, _off^_usr, _off^_usr, _off^_usr, _off^_usr, _off^_usr, _off^_usr
_off^_usr, Gll^Fdf, Wwf, Wwf, Gll, Wwf, Wwf, Wwf^Bw\, Rr, Gll, Hhd^Fmf, Gd, Gll, Md^Xm, Gd, Gll^Tf, Gll, Gll, Hhd, Wwf, Wwf, Ww^Vm, Rrc, Ww, Ww, Ww, Ww, Wo, _off^_usr, _off^_usr, _off^_usr, _off^_usr, _off^_usr, _off^_usr, _off^_usr, _off^_usr, _off^_usr, _off^_usr, _off^_usr, _off^_usr, _off^_usr, _off^_usr, _off^_usr, _off^_usr
_off^_usr, Wwf, Gd^Vda, Gll, Gll, Gll, 2 Kh, Rr, Re, Hhd, Gll, Gll, Gll, Gll, Kh, Gll, Gll, Gll, Wwf, Wwf, Rrc, Rrc, Rb^Ftp, Ww, Ww, Ww, _off^_usr, _off^_usr, _off^_usr, _off^_usr, _off^_usr, _off^_usr, _off^_usr, _off^_usr, _off^_usr, _off^_usr, _off^_usr, _off^_usr, _off^_usr, _off^_usr, _off^_usr, _off^_usr, _off^_usr, _off^_usr
_off^_usr, Gd, Gll, Gll, Gll, Ch, Ch, Gd, Gll, Gll, Re^Gvs, Re^Gvs, Re^Gvs, Gll, Gd, Ch, Ch, Wwf, Gs, Rrc, Rrc, Hhd, Rb^Ftp, Ww, _off^_usr, _off^_usr, _off^_usr, _off^_usr, _off^_usr, _off^_usr, _off^_usr, _off^_usr, _off^_usr, _off^_usr, _off^_usr, _off^_usr, _off^_usr, _off^_usr, _off^_usr, _off^_usr, _off^_usr, _off^_usr, _off^_usr, _off^_usr
_off^_usr, Md, Hhd, Hhd^Fp, Gll, Gll, Gll, Ch, Gll, Md, Gll, Re^Gvs, Gd^Ve, Gll, Gll, Kh, Gs, Gs, Re, Rrc, Rrc, Rb^Tf, _off^_usr, _off^_usr, _off^_usr, _off^_usr, _off^_usr, _off^_usr, _off^_usr, _off^_usr, _off^_usr, _off^_usr, _off^_usr, _off^_usr, _off^_usr, _off^_usr, _off^_usr, _off^_usr, _off^_usr, _off^_usr, _off^_usr, _off^_usr, _off^_usr, _off^_usr
_off^_usr, Hhd^Fp, Md, Hhd, Md, Hhd, Hhd^Fmf, Gll, Gd, Gd^Fmf, Gs, Gll, Gll, Gd, Hhd^Fds, Gll, Gs^Fds, Gll, Gll, Rrc^Vd, _off^_usr, _off^_usr, _off^_usr, _off^_usr, _off^_usr, _off^_usr, _off^_usr, _off^_usr, _off^_usr, _off^_usr, _off^_usr, _off^_usr, _off^_usr, _off^_usr, _off^_usr, _off^_usr, _off^_usr, _off^_usr, _off^_usr, _off^_usr, _off^_usr, _off^_usr, _off^_usr, _off^_usr
_off^_usr, _off^_usr, _off^_usr, _off^_usr, _off^_usr, _off^_usr, _off^_usr, _off^_usr, _off^_usr, _off^_usr, _off^_usr, _off^_usr, _off^_usr, _off^_usr, _off^_usr, _off^_usr, _off^_usr, _off^_usr, _off^_usr, _off^_usr, _off^_usr, _off^_usr, _off^_usr, _off^_usr, _off^_usr, _off^_usr, _off^_usr, _off^_usr, _off^_usr, _off^_usr, _off^_usr, _off^_usr, _off^_usr, _off^_usr, _off^_usr, _off^_usr, _off^_usr, _off^_usr, _off^_usr, _off^_usr, _off^_usr, _off^_usr, _off^_usr, _off^_usr
_off^_usr, _off^_usr, _off^_usr, _off^_usr, _off^_usr, _off^_usr, _off^_usr, _off^_usr, _off^_usr, _off^_usr, _off^_usr, _off^_usr, _off^_usr, _off^_usr, _off^_usr, _off^_usr, _off^_usr, _off^_usr, _off^_usr, _off^_usr, _off^_usr, _off^_usr, _off^_usr, _off^_usr, _off^_usr, _off^_usr, _off^_usr, _off^_usr, _off^_usr, _off^_usr, _off^_usr, _off^_usr, _off^_usr, _off^_usr, _off^_usr, _off^_usr, _off^_usr, _off^_usr, _off^_usr, _off^_usr, _off^_usr, _off^_usr, _off^_usr, _off^_usr
