_off^_usr          , _off^_usr          , _off^_usr          , _off^_usr          , _off^_usr          , _off^_usr          , _off^_usr          , _off^_usr          , _off^_usr          , _off^_usr          , _off^_usr          , _off^_usr          , _off^_usr          , _off^_usr          , _off^_usr          , _off^_usr          , _off^_usr          , _off^_usr          , _off^_usr          , _off^_usr          , _off^_usr          , _off^_usr          , _off^_usr          , _off^_usr          , _off^_usr          , _off^_usr          , _off^_usr          , _off^_usr          , _off^_usr          
_off^_usr          , _off^_usr          , Gs^Fms      , _off^_usr          , Gs          , _off^_usr          , Ww^Ewf      , _off^_usr          , Gs^Fds      , _off^_usr          , Hh^Tf       , _off^_usr          , Gs^Fms      , _off^_usr          , 1 Kv        , _off^_usr          , Hh^Fp       , _off^_usr          , Gs^Fet      , _off^_usr          , Gs          , _off^_usr          , Gs^Tf       , _off^_usr          , Gg^Em       , _off^_usr          , Hh          , _off^_usr          , _off^_usr          
_off^_usr          , Mm          , Hh^Fp       , Gg^Fet      , Gg^Efm      , Gg^Em       , Ww^Ewf      , Ww^Ewl      , Wwf         , Gg^Efm      , Gg^Efm      , Gs^Fp       , Gg^Efm      , Cv          , Gg^Fet      , Cv          , Wo^Bsb\     , Wwf         , Wwf         , Gs          , Wwf         , Gg          , Gg^Em       , Gg          , Gg          , Hh          , Gs^Fet      , Hh^Fds      , _off^_usr          
_off^_usr          , Hh          , Gg^Ve       , Gg          , Gg          , Gs          , Gg          , Mm          , Hh          , Wwf         , Wwf         , Gg^Efm      , Wwf         , Cv          , Cv          , Cv          , Wwf         , Re          , Re          , Wwf         , Hh          , Wwf         , Ww^Ewl      , Gg          , Gg          , Gs^Ve       , Gs          , Mm          , _off^_usr          
_off^_usr          , Hh          , Gs          , Gs^Fp       , Gg^Em       , Gg          , Gs          , Hh^Fds      , Gs^Fms      , Gs^Fds      , Gs^Ve       , Wwf         , Re          , Wo^Bsb/     , Ww^Ewl      , Wwf         , Gg          , Gs          , Gg^Ve       , Re          , Mm          , Gs^Fms      , Ww^Ewf      , Ww^Ewf      , Gg^Efm      , Gg          , Gg          , Gg          , _off^_usr          
_off^_usr          , Gg          , Gg          , Gg          , Gg^Em       , Gg          , Gs          , Gs          , Re          , Re          , Re          , Re          , Gg          , Gg^Efm      , Ww^Ewf      , Gs          , Hh          , Gg          , Gg^Efm      , Re          , Re          , Gs^Fds      , Gg          , Gg          , Gs          , Gg          , Gg^Em       , Gg          , _off^_usr          
_off^_usr          , Gg          , Hh^Fms      , Hh          , Cv          , Hh^Tf       , Re          , Re          , Gg          , Gg^Em       , Gg          , Gs          , Gg^Em       , Hh^Fds      , Wwf         , Gs^Fms      , Hh^Fp       , Hh^Tf       , Gg          , Gg          , Gs          , Re          , Re          , Gg          , Cv          , Gs^Tf       , Gg^Em       , Gs          , _off^_usr          
_off^_usr          , Gs          , Gs^Em       , Gs^Fds      , Re          , Kv          , Cv          , Gg^Fet      , Hh          , Gg^Efm      , Gg          , Gg          , Gs          , Wwf         , Gs^Ve       , Wwf         , Gg          , Gg^Em       , Gg          , Gg          , Gg          , Hh^Fp       , Cv          , Kv          , Re          , Gs^Fds      , Gg          , Gg          , _off^_usr          
_off^_usr          , Gs^Em       , Re          , Re          , Gg^Efm      , Gg          , Gs          , Re          , Re          , Hh          , Gs          , Gg^Em       , Re          , Wwf         , Ww^Ewf      , Wwf         , Gg^Efm      , Gs          , Re          , Gg^Em       , Re          , Re          , Gg          , Gg^Efm      , Gg^Fet      , Re          , Hh          , Gg          , _off^_usr          
_off^_usr          , Hh^Fds      , Re          , Mm          , Hh          , Gg          , Gg          , Gg          , Gg^Em       , Re          , Re          , Re          , Hh^Tf       , Wo^Bsb\     , Kv          , Wwf         , Wo^Bsb/     , Re          , Gs          , Re          , Hh          , Gg          , Gg          , Gg          , Gg          , Re          , Re          , Gg^Efm      , _off^_usr          
_off^_usr          , Gs^Fp       , Hh          , Re          , Gs^Fms      , Gg          , Gg^Em       , Gg          , Ww          , Gs^Ve       , Gs^Fds      , Mm          , Wwf         , Wwf         , Wwf         , Kv          , Wwf         , Hh^Fds      , Wwf         , Gs          , Gs^Ve       , Gg          , Gg          , Gs^Em       , Gg^Em       , Gs^Tf       , Re          , Gs          , _off^_usr          
_off^_usr          , Gs^Tf       , Gs^Fds      , Re          , Gg          , Gg          , Gg          , Gs^Tf       , Ww          , Ww          , Ww^Ewf      , Ww^Ewl      , Wwf         , Hh^Fms      , Gg          , Wwf         , Gs^Fet      , Wwf         , Gg^Efm      , Wwf         , Wwf         , Gg          , Gs^Fp       , Ww^Ewf      , Ww          , Re          , Wwf         , Gs          , _off^_usr          
_off^_usr          , Gs^Fet      , Gs          , Re          , Gs          , Gg          , Gg^Efm      , Gg          , Wwf         , Wwf         , Wwf         , Wwf         , Gg          , Gg^Em       , Gg^Efm      , Gg          , Gg^Em       , Gg^Em       , Gg          , Gg          , Wwf         , Gg          , Wo          , Ww^Ewl      , Wo^Bw/      , Re          , Ww^Ewl      , Wwf         , _off^_usr          
_off^_usr          , Gs          , Gs          , Re          , Re          , Ww^Ewf      , Wo          , Gg          , Wwf         , Gg^Efm      , Gg          , Wwf         , Wwf         , Gg^Efm      , Wo          , Gg^Efm      , Gg^Em       , Gg          , Gg          , Gs^Fms      , Hh^Fp       , Wwf         , Wo          , Wo^Bw|      , Ww^Ewf      , Wwr         , Ww          , Wwf         , _off^_usr          
_off^_usr          , Wwf         , Ww^Ewf      , Ww^Ewl      , Ww          , Wo^Bw\      , Wo          , Wwf         , Hh^Fms      , Gg          , Gg^Em       , Gs^Tf       , Gg          , Wo          , Wo          , Wo          , Wwf         , Gs^Tf       , Gg          , Gg          , Wwf         , Wwf         , Wo          , Wo^Bw\      , Re          , Ww^Ewl      , Gg          , Wwf         , _off^_usr          
_off^_usr          , Wwf         , Ww^Ewl      , Wwr         , Wo^Bw/      , Wo^Bw|      , Wo          , Wwf         , Wwf         , Gs^Fds      , Gg          , Gg^Em       , Gg          , Gg^Efm      , Gg^Efm      , Gg^Efm      , Gg          , Wwf         , Wwf         , Gg^Efm      , Wwf         , Gg          , Gg          , Ww^Ewf      , Gg^Efm      , Re          , Gg^Em       , Gg          , _off^_usr          
_off^_usr          , Wwf         , Wwf         , Re          , Ww          , Ww^Ewl      , Gs^Fet      , Gg          , Wwf         , Gg          , Gg^Efm      , Gg^Em       , Gs^Fp       , Gg          , Gg          , Gg^Em       , Wwf         , Wwf         , Ww          , Wwf         , Ww^Ewl      , Gg          , Gg^Em       , Gg          , Gs          , Re          , Gs^Fms      , Gs^Fds      , _off^_usr          
_off^_usr          , Gg          , Re          , Re          , Gg^Em       , Ww^Ewf      , Gs          , Gg          , Gs^Ve       , Wwf         , Wwf         , Wwf         , Wwf         , Wwf         , Wwf         , Hh^Fds      , Wwf         , Ww^Ewf      , Gs^Fet      , Ww          , Ww          , Gs^Tf       , Gg          , Gg          , Gs^Fds      , Re          , Hh          , Gs^Fet      , _off^_usr          
_off^_usr          , Gg          , Re          , Gs^Tf       , Gg^Em       , Gg^Efm      , Gg          , Gg          , Hh          , Gs          , Gs          , Hh^Fms      , Wo^Bsb/     , Kv          , Kv          , Wwf         , Hh^Tf       , Mm          , Re          , Gs^Ve       , Gg          , Gs^Em       , Gg          , Gg          , Hh          , Re          , Re          , Gs^Tf       , _off^_usr          
_off^_usr          , Gs          , Hh          , Re          , Gs^Fp       , Gg          , Gg          , Gs          , Re          , Re          , Re          , Re          , Gg^Efm      , Wwf         , Ww^Ewf      , Wo^Bsb\     , Re          , Re          , Gg          , Re          , Re          , Gg^Em       , Gg          , Gg          , Gg          , Mm          , Re          , Hh^Fp       , _off^_usr          
_off^_usr          , Gs          , Gg          , Re          , Re          , Gg          , Cv          , Re          , Gg^Efm      , Gs          , Gg          , Gg^Em       , Gg          , Wwf         , Gs^Ve       , Wwf         , Gs          , Gg          , Gg          , Hh          , Hh          , Re          , Cv          , Gg          , Re          , Re          , Gg^Efm      , Gg^Em       , _off^_usr          
_off^_usr          , Gg          , Gg^Em       , Gs^Fet      , Cv          , Kv          , Re          , Hh^Fds      , Gg          , Gg          , Gs^Em       , Gg          , Hh^Fp       , Wwf         , Wwf         , Wwf         , Gg          , Gg^Em       , Gg^Em       , Gs          , Gg          , Gs^Fms      , Re          , Kv          , Cv          , Gs^Fds      , Hh^Fms      , Gg          , _off^_usr          
_off^_usr          , Gg^Em       , Gg          , Gs^Tf       , Gg          , Gg          , Gg          , Re          , Re          , Gg          , Gg          , Hh^Tf       , Hh          , Gs^Fet      , Ww^Ewf      , Hh^Fds      , Gs          , Gg^Efm      , Re          , Gg          , Re          , Re          , Gg          , Hh^Tf       , Gg^Em       , Hh          , Gg          , Gg          , _off^_usr          
_off^_usr          , Gs          , Gs          , Gg^Efm      , Gg          , Gs          , Ww^Ewf      , Gs^Fp       , Mm          , Re          , Gs^Ve       , Gg^Em       , Gg          , Gg^Em       , Ww^Ewl      , Gs          , Re          , Re          , Gs^Ve       , Re          , Gs^Fp       , Gg^Efm      , Gs          , Gg^Em       , Gg          , Gg          , Gg          , Gs          , _off^_usr          
_off^_usr          , Gs          , Gs          , Gg          , Gg          , Ww^Ewl      , Ww^Ewf      , Gs^Fms      , Hh          , Re          , Re          , Gg^Efm      , Wwf         , Wwf         , Cv          , Wo^Bsb/     , Wwf         , Wwf         , Wwf         , Gs^Fds      , Hh          , Hh^Fp       , Gs^Em       , Gs          , Gg          , Gg^Fet      , Gg^Ve       , Hh          , _off^_usr          
_off^_usr          , Mm          , Gs^Fds      , Gg^Ve       , Gg          , Gg          , Gs^Em       , Wwf         , Wwf         , Wwf         , Wwf         , Re          , Wo^Bsb\     , Cv          , Gg^Fet      , Cv          , Gg^Efm      , Gg^Efm      , Gg^Efm      , Wwf         , Wwf         , Mm          , Ww^Ewf      , Gg          , Gg          , Gg          , Hh^Fds      , Hh          , _off^_usr          
_off^_usr          , Hh^Fds      , Hh          , Hh          , Gg          , Gs          , Gs^Tf       , Gs^Em       , Gs          , Gs          , Gs^Fds      , Wwf         , Hh^Fms      , Cv          , 2 Kv        , Cv          , Gs^Fds      , Gs^Fms      , Hh^Tf       , Gg^Efm      , Gg^Fet      , Ww^Ewf      , Ww^Ewl      , Gg^Efm      , Gg          , Gs^Fds      , Gs^Fp       , Mm          , _off^_usr          
_off^_usr          , _off^_usr          , _off^_usr          , _off^_usr          , _off^_usr          , _off^_usr          , _off^_usr          , _off^_usr          , _off^_usr          , _off^_usr          , _off^_usr          , _off^_usr          , _off^_usr          , _off^_usr          , _off^_usr          , _off^_usr          , _off^_usr          , _off^_usr          , _off^_usr          , _off^_usr          , _off^_usr          , _off^_usr          , _off^_usr          , _off^_usr          , _off^_usr          , _off^_usr          , _off^_usr          , _off^_usr          , _off^_usr          
