border_size=1
usage=map

_s          , _s          , _s          , _s          , _s          , _s          , _s          , _s          , _s          , _s          , _s          , _s          , _s          , _s          , _s          , _s          , _s          , _s          , _s          , _s          , _s          , _s          , _s          , _s          , _s          , _s          , _s          , _s          , _s          , _s          , _s          , _s          , _s          , _s          , _s          , _s          , _s          , _s          , _s          
_s          , _s          , _s          , _s          , _s          , _s          , _s          , _s          , Wot^Ewl     , _s          , Ds^Esd      , _s          , Hh          , _s          , Gs          , _s          , Gs^Fds      , _s          , Hh          , _s          , Gs^Em       , _s          , Wwt         , _s          , Wwt         , _s          , Wwt         , _s          , Ds          , _s          , Hh          , _s          , _s          , _s          , _s          , _s          , _s          , _s          , _s          
_s          , _s          , _s          , _s          , _s          , _s          , Gg^Fet      , Wot         , Wot         , Wwt^Ewl     , Gg^Efm      , Gs^Fds      , Gs^Em       , Gs^Vc       , Ds          , Gs          , Gs^Em       , Hh^Fds      , Ket         , Ce          , Ket         , Gs^Em       , Hh          , Wwt         , Wwt         , Wwt         , Ds          , Ds          , Gg          , Gs^Ft       , Gs          , Gs^Ft       , Ds          , _s          , _s          , _s          , _s          , _s          , _s          
_s          , _s          , _s          , _s          , Hh^Fms      , Gs          , Gs^Em       , Ds          , Wwr^Bw/     , Wwt^Bw/     , Wwt         , Gs^Em       , Wwr         , Ds          , Wot         , Rb^Uf       , Rp          , Rp          , Ket         , 1 Ket       , Ket         , Gs          , Wwt         , Wwt         , Wwt         , Gs^Fet      , Gs          , Gs          , Gs          , Gg          , Gg          , Gs^Em       , Rb^Uf       , Ss          , Ss          , _s          , _s          , _s          , _s          
_s          , _s          , Wwt^Ewl     , Mm          , Gg^Em       , Gg^Efm      , Wwf         , Gs          , Wwt         , Wwt         , Wwt^Ewl     , Wwf         , Ce          , Wot         , Wot^Bw/     , Wot^Bw/     , Ds          , Gs          , Gs^Em       , Ce          , Gs          , Rp          , Wot^Bw\     , Wot^Bw/     , Wot^Bw\     , Ds^Vu       , Gg^Efm      , Gs          , Hh^Fds      , Ds          , Hh          , Gs^Em       , Gs^Em       , Ss          , Hh          , Mm          , Gs^Ft       , _s          , _s          
_s          , _s          , Wwt         , Wot         , Wwt^Ewf     , Gs^Ve       , Wwr         , Wwf         , Wwt^Ewf     , Gs^Fms      , Rd          , Rd          , Ce          , Ke          , Wwt         , Wwt         , Wwt         , Hh          , Re^Vct      , Gg^Em       , Gs          , Gs^Ft       , Ds^Esd      , Wwt         , Wwt         , Ket         , Ce          , Gg^Efm      , Rp          , Mm          , Rp          , Gs^Em       , Gs^Em       , Gs^Vo       , Gs          , Gg^Efm      , Gs          , _s          , _s          
_s          , _s          , Ds          , Wwt         , Ds          , Wot^Bw|     , Kv          , Hh^Fds      , Mm          , Hh          , Rp          , Ke          , Rb^Uf       , Ds^Esd      , Hh^Fds      , Wwt         , Wwr         , Wwt         , Wwt         , Wot         , Wot^Bw|     , Gs^Ft       , Wwt         , Wwf         , Rb^Uf       , Gs^Ft       , Ce          , Ket         , Ds^Esd      , Rp          , Gs^Fet      , Rp          , Ko          , Hh^Fds      , Gs^Ft       , Gg          , Gg          , _s          , _s          
_s          , _s          , Hh^Fds      , Gs^Fet      , Kv          , Ds          , Cv          , Rp          , Rp          , Rp          , Gs^Fds      , Rp          , Rp          , Hh          , Mm          , Wwt         , Wwt         , Wot         , Rp          , Wot^Bw/     , Wwr         , Wwt         , Wot         , Wwt         , Wwf         , Wwt         , Wot^Bw|     , Ds          , Wwf         , Gg^Efm      , Wwt         , Ds          , Co          , Mm          , Ko          , Ss          , Gs          , _s          , _s          
_s          , _s          , Gs^Em       , Gg^Em       , Rp          , Cv          , Gg^Efm      , Gs^Fet      , Gg          , Gs^Vht      , Hh^Fds      , Gs^Fds      , Rp          , Gs^Em       , Gs          , Gs          , Gg^Efm      , Gs^Em       , Rp          , Hh^Fds      , Hh          , Wwt         , Wwt         , Wot         , Wwr         , Wwt         , Wot^Bw|     , Wot         , Wwf         , Wwf         , Wwt         , Wwt         , Wwt         , Co          , Rb          , Gg          , Gs          , _s          , _s          
_s          , _s          , Hh^Fds      , Ss          , Rb^Uf       , Rp          , Gg^Em       , Gg          , Rd^Uf       , Gg^Efm      , Gg          , Gg          , Rp          , Ds          , Gs^Fds      , Gg^Vda      , Mm^Xm       , Mm^Xm       , Rp          , Mm          , Rp          , Rp          , Rp          , Wot^Bw/     , Wot^Bw\     , Gs^Em       , Rp          , Hh          , Gs          , Ww^Vm       , Hh^Fds      , Wot         , Wot^Bw/     , Wot^Bw|     , Wwf         , Rb^Uf       , Gs^Em       , _s          , _s          
_s          , _s          , Mm          , Hh          , Ss          , Rp          , Gs^Em       , Gs^Em       , Mm^Xm       , Mm^Xm       , Hh^Fds      , Gg          , Ket         , Gs^Fet      , Wwr         , Gs          , Gs^Em       , Hh^Fds      , Rp          , Rp          , Mm^Xm       , Hh^Vda      , Ds          , Wwt^Ewf     , Wwt^Ewf     , Gs          , Ko          , Gg          , Gs^Fet      , Hh          , Mm          , Gg          , Gs^Ft       , Wwr         , Wwf         , Gs          , Hh          , _s          , _s          
_s          , _s          , Hh^Fds      , Ss          , Ss          , Rp          , Gs          , Hh          , Mm^Xm       , Mm^Xm       , Ss          , Ket         , Gs          , Ket         , Wwt^Ewf     , Wwt^Ewl     , Rp          , Rp          , Mm^Xm       , Mm^Xm       , Mm^Xm       , Gs^Ft       , Hh^Fds      , Wwt^Ewl     , Wwt         , Ko          , Gg          , Ko          , Gs^Ft       , Mm^Xm       , Mm^Xm       , Gs          , Wwf         , Wwf         , Wwf         , Ds          , Wwf         , _s          , _s          
_s          , _s          , Gs          , Gs^Em       , Ds          , Kv          , Gg^Em       , Gg^Efm      , Hh^Fds      , Hh          , Gg^Efm      , Gg          , Hh^Fds      , Gs^Em       , Gg^Em       , Wot^Bw/     , Wwt^Ewl     , Mm^Xm       , Ql          , Ql          , Ql          , Mm^Xm       , Wwt^Ewl     , Wwt^Bw\     , Re^Uf       , Gs          , Hh          , Gg          , Wwf         , Wwf         , Wwf         , Wwf         , Dd^Esd      , Kdr         , Gs^Ft       , Wwf         , Wwf         , _s          , _s          
_s          , _s          , Wwf         , Gs          , Gs^Fet      , Kv          , Ds          , Ds          , Wwf         , Mm          , Wwf         , Rb^Uf       , Hh          , Gg^Em       , Rd^Uf       , Wwt^Ewl     , Wwt^Ewf     , Md^Xm       , Md          , Mv          , Md          , Md^Xm       , Wwt^Ewf     , Wwt^Ewl     , Gg^Em       , Gs^Em       , Hh^Fds      , Rd^Uf       , Gs          , Mm          , Hh^Fds      , Dd          , Gs          , Kdr         , Dd          , Gg^Efm      , Gs^Em       , _s          , _s          
_s          , _s          , Wwf         , Wwf         , Wwf         , Kv          , Wwf         , Wwf         , Mm^Xm       , Wwf         , Gs^Ft       , Gg^Em       , Gs          , Gs^Em       , Wwt^Ewl     , Wwt^Bw\     , Hh^Fds      , Md^Xm       , Md^Xm       , Md          , Md^Xm       , Md^Xm       , Rp          , Wot^Bw/     , Wwt^Ewl     , Gg^Em       , Gg          , Gs          , Ss          , Hh          , Mm^Xm       , Gs          , Gg          , Kdr         , Ss          , Gg          , Hh^Fds      , _s          , _s          
_s          , _s          , Hh          , Ds          , Wwf         , Wwf         , Gs^Ft       , Gs          , Mm          , Mm^Xm       , Gs^Ft       , Khr         , Khr         , Khr         , Wwt         , Wwt         , Ds          , Gs^Ft       , Mm^Xm       , Md^Xm       , Rp          , Rp          , Gg^Efm      , Wwt         , Wwr         , Ket         , Ket         , Ket         , Hh^Fds      , Mm^Xm       , Mm^Xm       , Hh          , Gs          , Rp          , Ss          , Ss          , Mm          , _s          , _s          
_s          , _s          , Gs^Em       , Gs^Em       , Wwf         , Wwr         , Wot^Bw/     , Gg^Efm      , Hh^Fds      , Hh          , Gg^Efm      , Gg          , Rp          , Gs          , Wot^Bw\     , Wwt         , Rp          , Hh^Vd       , Rp          , Rp          , Rp          , Hh^Fds      , Mm^Xm       , Gg          , Gs^Ft       , Gs^Ft       , Rp          , Gs          , Gg^Efm      , Mm^Xm       , Rb^Uf       , Gs          , Gs^Em       , Rp          , Rd^Uf       , Hh          , Hh^Fds      , _s          , _s          
_s          , _s          , Gg^Efm      , Rb^Uf       , Re          , Wot^Bw|     , Wwt         , Wot         , Wwt         , Ww^Vm       , Wwf         , Hh          , Wot^Bw|     , Gs          , Wwr         , Wot^Bw/     , Wwt         , Rp          , Hh          , Mm          , Rp          , Mm^Xm       , Gs          , Gg^Vl       , Gg          , Ds          , Rp          , Gg^Efm      , Hh^Fds      , Gg          , Gs          , Gs          , Gg^Efm      , Rp          , Rp          , Ss          , Gs          , _s          , _s          
_s          , _s          , Gs^Em       , Gg          , Khr         , Chr         , Chr         , Wwt         , Wwt         , Wwf         , Wwf         , Wot         , Wot^Bw|     , Wwt         , Wwf         , Wot         , Wot         , Wwt         , Wwr         , Hh^Fds      , Rp          , Gs^Em       , Wwt         , Gs          , Mm          , Gs^Em       , Rp          , Gs^Fds      , Gs^Fds      , Gs^Vd       , Rp          , Gs^Fet      , Cdr         , Cdr         , Kdr         , Gs^Em       , Hh^Fds      , _s          , _s          
_s          , _s          , Gg          , Ss          , Gs^Fds      , Mm          , Khr         , Ds          , Gs^Ft       , Gs          , Ds^Esd      , Ds^Esd      , Ce          , Wwt         , Rd^Uf       , Wwt         , Wwt         , Wwt         , Wot^Bw|     , Wot^Bw/     , Wwt         , Wot         , Wwr         , Wwt         , Hh^Fds      , Hh          , Rd^Uf       , Rp          , Rp          , Rp          , Mm          , Rp          , Kdr         , Dd^Esd      , Dd          , Gs^Ft       , Ds          , _s          , _s          
_s          , _s          , Gg          , Gg          , Gg^Em       , Hh^Fds      , Gs          , Rp          , Rp          , Rp          , Rp          , Ke          , Ce          , Gs^Ft       , Wwt         , Wwf         , Ds          , Gs^Ft       , Gg          , Wot         , Re^Vct      , Wwt         , Wwt         , Wwt         , Wwt         , Ds          , Ce          , Ket         , Rd          , Hh          , Wwt^Ewl     , Hh^Fds      , Wwr         , Wot^Bw|     , Wwt         , Wwt^Ewf     , Wwt^Ewf     , _s          , _s          
_s          , _s          , Gs^Fds      , Gg^Efm      , Hh          , Gs^Vhcr     , Gg^Em       , Gs          , Hh          , Mm          , Hh^Fds      , Gg^Efm      , Gg          , Ket         , Wot^Bw\     , Wwt         , Wot^Bw\     , Gs^Fds      , Gs^Em       , Gg^Em       , Gs          , Hh          , Ds^Esd      , Wwt         , Wot^Bw/     , Ke          , Ce          , Rd          , Wwt^Ewf     , Gs^Fet      , Wwt         , Wwf         , Wwf         , Gg^Vhs      , Gg^Em       , Wot         , Wwt^Ewl     , _s          , _s          
_s          , _s          , _s          , Mm          , Ss          , Ss          , Rb^Uf       , Gs          , Gg^Efm      , Ds          , Gg          , Gg^Em       , Gg^Em       , Ds^Vhs      , Wwt         , Wot^Bw/     , Wwt         , Rp          , Ket         , Ce          , Ket         , Gs          , Rp          , Wot^Bw/     , Wot         , Wot         , Wwr         , Wwf         , Wwt         , Wwt         , Wot^Bw/     , Gs^Em       , Gs          , Gs^Em       , Hh^Fms      , Mm          , _s          , _s          , _s          
_s          , _s          , _s          , _s          , _s          , Ss          , Ds          , Gg          , Gg          , Gg          , Gs          , Gs^Em       , Ds          , Gs^Fds      , Wwt         , Wwt         , Hh          , Gs          , Ket         , 2 Ket       , Ket         , Rp          , Gg^Efm      , Rb^Uf       , Ds^Esd      , Ds          , Gs          , Gs^Em       , Gs          , Wot^Bw/     , Wot         , Ds          , Gs^Fds      , Gg^Efm      , _s          , _s          , _s          , _s          , _s          
_s          , _s          , _s          , _s          , _s          , _s          , _s          , Gs^Ft       , Hh          , Gs^Fds      , Ds          , Ds          , Wwt         , Wwt         , Wwt         , Wwt         , Wwt         , Gs          , Gg          , Ce          , Hh          , Hh^Fds      , Gs^Fds      , Gg          , Gs          , Gs^Vht      , Hh          , Gs^Ft       , Ds          , Wwt^Ewl     , Wot         , Wot         , _s          , _s          , _s          , _s          , _s          , _s          , _s          
_s          , _s          , _s          , _s          , _s          , _s          , _s          , _s          , _s          , _s          , _s          , _s          , _s          , _s          , _s          , _s          , _s          , _s          , _s          , _s          , _s          , _s          , _s          , _s          , _s          , _s          , _s          , _s          , _s          , _s          , _s          , _s          , _s          , _s          , _s          , _s          , _s          , _s          , _s          
