border_size=1
usage=map

Mm^Xm       , Mm^Xm       , Mm^Xm       , Mm^Xm       , Mm^Xm       , Mm^Xm       , Mm^Xm       , Mm^Xm       , Mm^Xm       , Mm^Xm       , Mm^Xm       , Mm^Xm       , Mm^Xm       , Mm^Xm       , Mm^Xm       , Mm^Xm       , Mm^Xm       , Mm^Xm       , Mm^Xm       , Mm^Xm       , Mm^Xm       , Mm^Xm       , Mm^Xm       , Mm^Xm       , Mm^Xm       , Mm^Xm       , Mm^Xm       , Mm^Xm       , Mm^Xm       , Mm^Xm       , Mm^Xm       , Mm^Xm       , Mm^Xm       , Mm^Xm       , Mm^Xm       , Mm^Xm       , Mm^Xm       , Mm^Xm       , Mm^Xm       , Mm^Xm       , Mm^Xm       , Mm^Xm       , Mm^Xm       , Mm^Xm       , Mm^Xm       , Mm^Xm       , Mm^Xm       
Mm^Xm       , Mm^Xm       , Mm^Xm       , Mm^Xm       , Mm^Xm       , Mm^Xm       , Mm^Xm       , Mm^Xm       , Mm^Xm       , Mm^Xm       , Mm^Xm       , Mm^Xm       , Mm^Xm       , Mm^Xm       , Mm^Xm       , Mm^Xm       , Md          , Hh          , Hh          , Hh^Fds      , Gs^Fds      , Mm^Xm       , Mm^Xm       , Mm^Xm       , Hh          , Mm          , Gg          , Gg          , Gg          , Hh^Fds      , Gg          , Mm^Xm       , Mm^Xm       , Mm^Xm       , Mm^Xm       , Mm^Xm       , Mm^Xm       , Mm^Xm       , Mm^Xm       , Mm^Xm       , Mm^Xm       , Mm^Xm       , Mm^Xm       , Mm^Xm       , Mm^Xm       , Mm^Xm       , Mm^Xm       
Mm^Xm       , Mm^Xm       , Mm^Xm       , Mm^Xm       , Mm^Xm       , Mm^Xm       , Mm^Xm       , Mm^Xm       , Mm^Xm       , Mm^Xm       , Mm^Xm       , Mm^Xm       , Mm^Xm       , Mm^Xm       , Gg          , Gs^Fds      , Gg^Efm      , Gg          , Wwf         , Gg          , Gg          , Gs^Fds      , Wwf         , Gs^Fds      , Gg          , Gg          , Gg^Efm      , Gs^Fds      , Hh          , Gg          , Gg^Efm      , Gg          , Gs^Fds      , Mm^Xm       , Mm^Xm       , Mm^Xm       , Mm^Xm       , Mm^Xm       , Mm^Xm       , Mm^Xm       , Mm^Xm       , Mm^Xm       , Mm^Xm       , Mm^Xm       , Mm^Xm       , Mm^Xm       , Mm^Xm       
Mm^Xm       , Mm^Xm       , Mm^Xm       , Mm^Xm       , Mm^Xm       , Mm^Xm       , Mm^Xm       , Mm^Xm       , Mm^Xm       , Mm^Xm       , Mm^Xm       , Mm^Xm       , Gg          , Gg          , Wwt         , Gg          , Wwt         , Wwt         , Md          , Wwf         , Wwf         , Wwf         , Gg^Efm      , Wwf         , Wwf         , Gg          , Gs^Fds      , Hh^Tf       , Hh^Fds      , Mm          , Gg          , Gg          , Ss          , Hh          , Hh          , Mm^Xm       , Mm^Xm       , Mm^Xm       , Mm^Xm       , Mm^Xm       , Mm^Xm       , Mm^Xm       , Mm^Xm       , Mm^Xm       , Mm^Xm       , Mm^Xm       , Mm^Xm       
Mm^Xm       , Mm^Xm       , Mm^Xm       , Mm^Xm       , Mm^Xm       , Mm^Xm       , Mm^Xm       , Mm^Xm       , Mm^Xm       , Mm^Xm       , Gg          , Gg^Efm      , Wwt         , Wwt         , Gg          , Wwt         , Gg          , Hh          , Hh^Tf       , Gs^Fds      , Wwf         , Gg          , Md          , Gs          , Wwrt        , Wwf         , Wwf         , Wwf         , Wwf         , Gs^Fds      , Gs          , Gg          , Gg          , Gs^Fds      , Hh^Fds      , Mm          , Hh^Tf       , Mm^Xm       , Mm^Xm       , Mm^Xm       , Mm^Xm       , Mm^Xm       , Mm^Xm       , Mm^Xm       , Mm^Xm       , Mm^Xm       , Mm          
Mm^Xm       , Mm^Xm       , Mm^Xm       , Mm^Xm       , Mm^Xm       , Mm^Xm       , Mm^Xm       , Mm^Xm       , Md          , Hh          , Hh^Fds      , Wwt         , Hh^Tf       , Hh          , Gs^Fds      , Wwt         , Ss^Vhs      , Hh^Fds      , Wwf         , Wwf         , Gs          , Gs^Fds      , Hh          , Hh^Tf       , Wwf         , Wwf         , Hh^Tf       , Mm          , Gs^Fds      , Wwf         , Wwf         , Gs^Tf       , Gg          , Gs          , Gg          , Gs          , Gg          , Gg          , Gs^Fds      , Mm^Xm       , Mm^Xm       , Mm^Xm       , Mm^Xm       , Mm^Xm       , Mm^Xm       , Mm^Xm       , Mm^Xm       
Mm^Xm       , Mm^Xm       , Mm^Xm       , Mm^Xm       , Mm^Xm       , Mm^Xm       , Hh          , Gs^Fds      , Gg          , Hh          , Wwt         , Wwf         , Wwf         , Md          , Wwf         , Wwt         , Gs          , Wwf         , Gg          , Wwf         , Wwf         , Gs^Efm      , Gs          , Wwf         , Gg          , Ss          , Gs^Fds      , Hh          , Gg          , Gs          , Wwf         , Ss^Vhs      , Gs          , Gg^Efm      , Gg^Fms      , Gg          , Gg^Vh       , Gg          , Gg          , Hh^Fds      , Hh^Fds      , Mm^Xm       , Mm^Xm       , Mm^Xm       , Mm^Xm       , Mm^Xm       , Mm^Xm       
Mm^Xm       , Mm^Xm       , Mm^Xm       , Mm^Xm       , Md          , Md          , Gg          , Gg          , Wwt         , Wwt         , Hh          , Gs^Fds      , Gg^Wm       , Wwf         , Gg          , Gg          , Gg          , Gg          , Gg^Tf       , Gg          , Gg          , Wwf         , Wwf         , Wwf         , Gg          , Gg          , Gg          , Gg          , Rb^Gvs      , Gs^Fds      , Hh          , Wwf         , Gs^Tf       , Gs          , Gs          , Gs^Tf       , Gs          , Gg^Fms      , Gs^Efm      , Gg          , Gg          , Gs^Fds      , Mm          , Mm^Xm       , Mm^Xm       , Mm^Xm       , Mm^Xm       
Mm^Xm       , Mm^Xm       , Hh          , Hh^Fds      , Gs^Fds      , Gs^Fds      , Gg          , Wwt         , Gg^Efm      , Hh^Fds      , Mm          , Gg          , Wwf         , Wwf         , Gs^Fds      , Gg^Efm      , Gg          , Gs^Fds      , Mm^Xm       , Hh          , Gg          , Gg          , Gg^Tf       , Rd^Vm       , Gs          , Rb^Gvs      , Rb^Gvs      , Rb^Gvs      , Gs          , Gg          , Gg          , Wwf         , Wwf         , Gs          , Gs          , Gs          , Gs^Tf       , Gs          , Gs          , Hh^Fms      , Gg^Fms      , Gg          , Ch          , Hh          , Mm          , Mm^Xm       , Mm^Xm       
Mm^Xm       , Hh          , Hh          , Gs^Fds      , Gg          , Gg          , Gg          , Wwt         , Wwt         , Gg          , Wwf         , Wwf         , Ch          , Hh          , Gs          , Gs          , Gs          , Hh^Tf       , Hh^Fms      , Ss          , Gs          , Gs^Efm      , Gs          , Hh^Fms      , Gd          , Rb^Gvs      , Rb^Gvs      , Rb^Gvs      , Gd^Tf       , Gs^Vh       , Gs          , Ch          , Chw         , Gs          , Ch          , Hh          , Mm          , Hh^Fp       , Gd          , Gd^Fms      , Gd          , Gs          , Gs          , Ch          , Hh          , Mm^Xm       , Mm^Xm       
Mm^Xm       , Md          , Gs^Fds      , Gs^Fds      , Gg          , Gg^Tf       , Hh^Fds      , Gg          , Wwt         , Wwf         , Gg^Tf       , Gg          , Ch          , Gs          , Gs          , Gs^Vh       , Gs^Tf       , Mm^Xm       , Gd^Fms      , Gs          , Gd          , Gd          , Gd          , Gd          , Gll         , Gll         , Gll         , Gd          , Gll^Wm      , Gd          , Gs          , Gg^Efm      , Wwf         , Ch          , Gd          , Gll         , Gll         , Gll^Fp      , Gd          , Gd          , Gll^Fp      , Hh          , Gd          , Ch          , Hh          , Mm          , Mm^Xm       
Mm^Xm       , Hh          , Gs^Fds      , Gg          , Gg^Efm      , Gs^Fds      , Mm          , Gg          , Wwt         , Gs^Fds      , Gs          , Gs^Fds      , Ch          , Gs          , Gd          , Gd          , Gd          , Gd          , Gll         , Gd          , Gll         , Gll^Fp      , Mm          , Gll         , Hh          , Hh^Fp       , Ms^Xm       , Ms^Xm       , Mm^Xm       , Gll^Fp      , Gd          , Gs          , Wwt         , Kh^Kov      , Gs          , Gd          , Gll^Fp      , Gll         , Gll^Em      , Gll         , Gll         , Gll^Tf      , Gd          , Ch          , Hh^Fds      , Hh^Fds      , Mm^Xm       
Mm^Xm       , Hh^Fds      , Hh          , Gg          , Gg          , Gg          , Gg          , Gs^Fds      , Gs          , Wwf         , Kh          , Ch          , Gd          , Gd^Efm      , Gll^Fp      , Gll         , Gll         , Gll         , Mm^Xm       , Gll^Em      , Ms^Xm       , Ms^Xm       , Ms^Xm       , Ms^Xm       , Ms^Xm       , Ms^Xm       , Ms^Xm       , Ms^Xm       , Ms^Xm       , Mm^Xm       , Hh^Tf       , Gs          , Gs          , Wwt         , Wwf         , Gs          , Gs          , Gd^Tf       , Hh^Fp       , Hh          , Gll^Fp      , Gll         , Gd          , Ch          , Ch          , Gs^Fds      , Mm^Xm       
Mm^Xm       , Md          , Hh          , Hh          , Hh^Fds      , Gs^Fds      , Rb^Gvs      , Rb^Gvs      , Gs          , Wwf         , Wwf         , Gs          , Gs          , Gd          , Hh          , Mm^Xm       , Mm^Xm       , Hh^Tf       , Rd^Esd      , Ms^Xm       , Aa          , Ha          , Rd          , Rd^Esd      , Rd          , Ms^Xm       , Aa          , Aa          , Rd          , Rd^Em       , Ms^Xm       , Mm^Xm       , Gll         , Gs          , Gs          , Wwt         , Gs          , Gd          , Mm          , Gll^Fp      , Gd^Em       , Gd          , Gd          , 2 Kh        , Gs          , Gs^Fds      , Mm^Xm       
Mm^Xm       , Hh          , Gs^Fds      , Gs^Fds      , Gs^Fds      , Gs          , Rb^Gvs      , Rb^Gvs      , Gs^Vh       , Gs          , Gs          , Wwt         , Gs          , Gd^Tf       , Mm          , Mm^Xm       , Ms^Xm       , Rd          , Rd          , Rd          , Rd          , Aa          , Rd          , Aa          , Rd          , Rd          , Rd          , Rd          , Rd          , Ha^Fpa      , Ha^Vhha     , Hh          , Gd          , Gd^Fp       , Gs          , Wwt         , Wwf         , Ss          , Gs          , Hh^Fp       , Gd          , Gd^Tf       , Hh^Fms      , Gs          , Gg^Efm      , Gs^Fds      , Mm^Xm       
Mm^Xm       , Hh          , Hh^Fds      , Gs^Fds      , Gg          , Rb^Gvs      , Rb^Gvs      , Gs          , Gd^Tf       , Gd          , Gs          , Wwt         , Gs          , Gd          , Gd          , Hh^Fp       , Aa          , Aa          , Rd          , Aa          , Aa^Tf       , Rd          , Rd          , Rd          , Aa^Fma      , Rd          , Rd          , Aa          , Rd^Efm      , Rd^Tf       , Rd          , Gll         , Gd          , Ss          , Wwf         , Wwt         , Gs^Efm      , Gs          , Hh^Fms      , Gs          , Gs          , Gs^Fds      , Rb^Gvs      , Gg          , Gs^Fds      , Gs^Fds      , Mm^Xm       
Mm^Xm       , Hh^Fds      , Gs^Fds      , Gg          , Rb^Gvs      , Rb^Gvs      , Gs          , Hh          , Hh^Fms      , Gs^Fms      , Gs^Efm      , Wwf         , Wwf         , Gs          , Gd          , Gll         , Rd          , Rd          , Rd^Efm      , Rd          , Rd          , Rd          , Aa^Fma      , Rd^Vm       , Rd          , Rd          , Aa^Tf       , Rd          , Rd          , Rd          , Aa          , Gll         , Gd          , Gs          , Gs          , Wwf         , Gs          , Gs^Fms      , Gd^Tf       , Hh          , Rb^Gvs      , Rb^Gvs      , Gg          , Gg          , Hh^Fds      , Hh^Fds      , Mm^Xm       
Mm^Xm       , Gs^Fds      , Gg^Efm      , Gg          , Hh^Fms      , Gs^Fms      , Gd          , Gs          , Gs          , Gs          , Wwf         , Wwt         , Gs          , Ss          , Gd          , Gll         , Ha^Vhha     , Rd^Tf       , Rd          , Aa          , Rd          , Rd          , Rd          , Rd          , Rd          , Rd          , Rd          , Aa          , Rd          , Aa          , Ms^Xm       , Hh^Fp       , Mm          , Gd          , Gs          , Wwt         , Gs          , Gd          , Gs^Vh       , Gs          , Rb^Gvs      , Rb^Gvs      , Gs^Fds      , Gs^Fds      , Gs^Fds      , Hh          , Mm^Xm       
Mm^Xm       , Gs^Fds      , Gs          , Gs          , Gd^Fms      , Gd^Tf       , Gd^Em       , Hh^Fp       , Mm          , Ss          , Gs          , Wwt         , Gs          , Gd^Fp       , Gll         , Hh          , Ms^Xm       , Ha^Fpa      , Rd          , Rd          , Aa          , Rd          , Rd          , Aa          , Rd          , Aa          , Aa          , Rd          , Rd^Esd      , Rd          , Mm^Xm       , Mm^Xm       , Hh          , Gd^Tf       , Gs          , Wwt         , Wwf         , Gs          , Gs          , Rb^Gvs      , Rb^Gvs      , Gs          , Hh^Fds      , Gs^Fds      , Hh          , Hh          , Mm^Xm       
Mm^Xm       , Gs^Fds      , Ch          , Gs          , Gd          , Gd          , Gll^Fp      , Gll^Fp      , Hh^Fp       , Gd          , Gs          , Wwt         , Wwf         , Gs          , Gs          , Mm^Xm       , Hh^Tf       , Rd^Em       , Ms^Xm       , Aa          , Mm^Xm       , Ms^Xm       , Mm^Xm       , Rd^Esd      , Ms^Xm       , Ha          , Mm^Xm       , Mm^Xm       , Mm^Xm       , Hh^Tf       , Gll         , Mm^Xm       , Gll^Fp      , Gd          , Gd          , Gs          , Kh          , Wwf         , Gs          , Rb^Gvs      , Gg          , Gs^Fds      , Gg          , Hh          , Hh          , Mm          , Mm^Xm       
Mm^Xm       , Gs^Fds      , Ch          , Ch          , Gd          , Gll         , Gll         , Hh          , Gll^Em      , Gd^Tf       , Gll^Fp      , Gs          , Gs          , Wwt         , Wwt         , Gs          , Gd          , Mm^Xm       , Mm^Xm       , Mm^Xm       , Mm^Xm       , Mm^Xm       , Hh          , Mm^Xm       , Mm          , Mm^Xm       , Gll         , Gll^Em      , Gll         , Gll         , Gd          , Gll         , Gd          , Gd^Efm      , Ch          , Ch          , Gs          , Wwf         , Wwt         , Gs^Fds      , Mm          , Gg          , Gg^Efm      , Gg          , Gs^Fds      , Hh^Fds      , Mm^Xm       
Mm^Xm       , Hh^Fds      , Hh          , Ch          , Gd          , Gll^Tf      , Gll^Fp      , Gll         , Gd          , Gll         , Gll         , Gd          , Gd          , Kh          , Wwf         , Gs          , Gs          , Gll^Fp      , Gll^Wm      , Mm^Xm       , Gll         , Hh^Fp       , Gll         , Gll         , Gd          , Gll^Fp      , Gd          , Gd          , Gd^Fms      , Gd          , Gs^Tf       , Gd          , Gs          , Gs          , Ch          , Gs^Fds      , Gg^Tf       , Gs^Fds      , Wwt         , Gs          , Hh^Fds      , Gs^Fds      , Gg          , Gg          , Gs^Fds      , Hh          , Mm^Xm       
Mm^Xm       , Mm          , Hh          , 1 Kh        , Gs          , Hh          , Gd          , Gd          , Gd          , Gll^Fp      , Mm          , Gll         , Ch          , Ch          , Chw         , Gg^Efm      , Gs          , Gd          , Gd^Tf       , Gd          , Rb^Gvs      , Gll         , Gd          , Gd          , Gs          , Gd          , Gs          , Gs          , Hh^Fms      , Mm^Xm       , Gs          , Gs^Vh       , Gs          , Gs          , Ch          , Gg          , Wwf         , Wwf         , Wwt         , Gg          , Gg          , Gg^Tf       , Gg          , Gs^Fds      , Hh          , Mm          , Mm^Xm       
Mm^Xm       , Mm          , Mm          , Ch          , Ch          , Gs          , Gg^Fms      , Gd^Fms      , Gs          , Hh^Fp       , Gs^Tf       , Hh          , Gs          , Gs          , Wwf         , Ch          , Gg          , Gs^Vh       , Gs          , Rb^Gvs      , Rb^Gvs      , Rb^Gvs      , Gs          , Hh^Fms      , Gg^Tf       , Gs^Efm      , Gs          , Ss          , Mm^Xm       , Hh^Tf       , Gs          , Gs          , Gs^Fds      , Hh          , Wwf         , Wwf         , Mm          , Gg          , Gg^Efm      , Wwt         , Gg          , Gg          , Gs^Fds      , Gs^Fds      , Hh          , Hh          , Mm^Xm       
Mm^Xm       , Mm^Xm       , Mm^Xm       , Hh          , Mm          , Gg          , Gg          , Hh^Fms      , Gg^Efm      , Gs          , Gs          , Gs          , Gs          , Gs          , Gs^Tf       , Wwf         , Hh          , Gs          , Rb^Gvs      , Rb^Gvs      , Gg          , Rb^Gvs      , Gg          , Rd^Vm       , Wwf         , Gg          , Gg          , Hh          , Gg^Tf       , Gs^Fds      , Gg          , Gg^Efm      , Gg          , Wwf         , Gg^Wm       , Gg          , Hh          , Hh^Fds      , Wwt         , Wwt         , Gg          , Gs^Fds      , Mm          , Hh^Fds      , Mm^Xm       , Mm^Xm       , Mm^Xm       
Mm^Xm       , Mm^Xm       , Mm^Xm       , Mm^Xm       , Mm^Xm       , Hh          , Hh^Fds      , Gg          , Gg          , Gg^Fms      , Gg^Vh       , Gs^Tf       , Gg^Fms      , Gs          , Gs          , Wwf         , Wwf         , Gs^Fds      , Gg          , Gg          , Gs^Fds      , Gg          , Gg          , Wwf         , Gs          , Wwf         , Wwf         , Gg          , Gg          , Gg          , Gs          , Gg          , Wwf         , Wwf         , Wwf         , Gs^Fds      , Wwt         , Wwt         , Gg          , Gg          , Hh          , Mm          , Mm^Xm       , Mm^Xm       , Mm^Xm       , Mm^Xm       , Mm^Xm       
Mm^Xm       , Mm^Xm       , Mm^Xm       , Mm^Xm       , Mm^Xm       , Mm^Xm       , Mm^Xm       , Hh^Fds      , Gs^Fds      , Gg          , Gg          , Gg          , Gg          , Gg^Efm      , Gg          , Ss^Vhs      , Wwf         , Gs          , Gs^Fds      , Hh          , Hh^Tf       , Ss          , Wwf         , Wwf         , Hh          , Gs^Efm      , Gs          , Wwf         , Wwf         , Wwf         , Ss^Vhs      , Wwt         , Gs^Fds      , Md          , Hh^Tf       , Wwf         , Hh^Fds      , Hh          , Md          , Gs^Fds      , Mm^Xm       , Mm^Xm       , Mm^Xm       , Mm^Xm       , Mm^Xm       , Mm^Xm       , Mm^Xm       
Mm^Xm       , Mm^Xm       , Mm^Xm       , Mm^Xm       , Mm^Xm       , Mm^Xm       , Mm^Xm       , Mm^Xm       , Mm^Xm       , Gg          , Hh^Tf       , Gs          , Hh^Fds      , Gg          , Gg          , Gs^Tf       , Gs          , Wwf         , Wwf         , Mm          , Wwf         , Wwf         , Wwrt        , Hh^Tf       , Md          , Gs^Fds      , Wwf         , Wwf         , Hh^Tf       , Hh^Fds      , Gg          , Wwt         , Gg          , Hh          , Wwt         , Wwt         , Gg          , Hh          , Mm^Xm       , Mm^Xm       , Mm^Xm       , Mm^Xm       , Mm^Xm       , Mm^Xm       , Mm^Xm       , Mm^Xm       , Mm^Xm       
Mm^Xm       , Mm^Xm       , Mm^Xm       , Mm^Xm       , Mm^Xm       , Mm^Xm       , Mm^Xm       , Mm^Xm       , Mm^Xm       , Mm^Xm       , Mm^Xm       , Mm          , Hh          , Gs^Fds      , Ss          , Gg          , Gg          , Gs^Fds      , Hh^Fds      , Wwf         , Gs^Fds      , Wwf         , Wwf         , Gs          , Gg^Efm      , Gg          , Wwf         , Gs^Fds      , Md          , Hh          , Wwt         , Wwt         , Wwt         , Wwt         , Gg          , Gg^Efm      , Mm^Xm       , Mm^Xm       , Mm^Xm       , Mm^Xm       , Mm^Xm       , Mm^Xm       , Mm^Xm       , Mm^Xm       , Mm^Xm       , Mm^Xm       , Mm^Xm       
Mm^Xm       , Mm^Xm       , Mm^Xm       , Mm^Xm       , Mm^Xm       , Mm^Xm       , Mm^Xm       , Mm^Xm       , Mm^Xm       , Mm^Xm       , Mm^Xm       , Mm^Xm       , Mm^Xm       , Hh          , Gs^Fds      , Gg          , Gg^Efm      , Mm          , Gs^Fds      , Hh^Tf       , Gg^Efm      , Gg          , Gg          , Wwf         , Wwf         , Wwf         , Gg          , Wwf         , Wwf         , Wwt         , Gg^Efm      , Gg          , Gg          , Gg          , Mm^Xm       , Mm^Xm       , Mm^Xm       , Mm^Xm       , Mm^Xm       , Mm^Xm       , Mm^Xm       , Mm^Xm       , Mm^Xm       , Mm^Xm       , Mm^Xm       , Mm^Xm       , Mm^Xm       
Mm^Xm       , Mm^Xm       , Mm^Xm       , Mm^Xm       , Mm^Xm       , Mm^Xm       , Mm^Xm       , Mm^Xm       , Mm^Xm       , Mm^Xm       , Mm^Xm       , Mm^Xm       , Mm^Xm       , Mm^Xm       , Mm^Xm       , Gg          , Gg          , Gg          , Gg          , Gs^Fds      , Gg          , Gg          , Hh          , Gs^Fds      , Mm^Xm       , Gs^Fds      , Gs^Fds      , Gg          , Hh          , Gg          , Md          , Gs^Fds      , Mm^Xm       , Mm^Xm       , Mm^Xm       , Mm^Xm       , Mm^Xm       , Mm^Xm       , Mm^Xm       , Mm^Xm       , Mm^Xm       , Mm^Xm       , Mm^Xm       , Mm^Xm       , Mm^Xm       , Mm^Xm       , Mm^Xm       
Mm^Xm       , Mm^Xm       , Mm^Xm       , Mm^Xm       , Mm^Xm       , Mm^Xm       , Mm^Xm       , Mm^Xm       , Mm^Xm       , Mm^Xm       , Mm^Xm       , Mm^Xm       , Mm^Xm       , Mm^Xm       , Mm^Xm       , Mm^Xm       , Mm^Xm       , Hh^Fds      , Mm^Xm       , Gg          , Mm^Xm       , Mm          , Mm^Xm       , Mm^Xm       , Mm^Xm       , Mm^Xm       , Mm^Xm       , Gs^Fds      , Mm^Xm       , Hh          , Mm^Xm       , Mm^Xm       , Mm^Xm       , Mm^Xm       , Mm^Xm       , Mm^Xm       , Mm^Xm       , Mm^Xm       , Mm^Xm       , Mm^Xm       , Mm^Xm       , Mm^Xm       , Mm^Xm       , Mm^Xm       , Mm^Xm       , Mm^Xm       , Mm^Xm       
Mm^Xm       , Mm^Xm       , Mm^Xm       , Mm^Xm       , Mm^Xm       , Mm^Xm       , Mm^Xm       , Mm^Xm       , Mm^Xm       , Mm^Xm       , Mm^Xm       , Mm^Xm       , Mm^Xm       , Mm^Xm       , Mm^Xm       , Mm^Xm       , Mm^Xm       , Mm^Xm       , Mm^Xm       , Mm^Xm       , Mm^Xm       , Mm^Xm       , Mm^Xm       , Mm^Xm       , Mm^Xm       , Mm^Xm       , Mm^Xm       , Mm^Xm       , Mm^Xm       , Mm^Xm       , Mm^Xm       , Mm^Xm       , Mm^Xm       , Mm^Xm       , Mm^Xm       , Mm^Xm       , Mm^Xm       , Mm^Xm       , Mm^Xm       , Mm^Xm       , Mm^Xm       , Mm^Xm       , Mm^Xm       , Mm^Xm       , Mm^Xm       , Mm^Xm       , Mm^Xm       
