border_size=1
usage=map

_off^_usr, _off^_usr, _off^_usr, _off^_usr, _off^_usr, _off^_usr, _off^_usr, _off^_usr, _off^_usr, _off^_usr, _off^_usr, _off^_usr, _off^_usr, _off^_usr, _off^_usr, _off^_usr, _off^_usr, _off^_usr, _off^_usr, _off^_usr, Xuc, _off^_usr, _off^_usr, _off^_usr, _off^_usr, _off^_usr, _off^_usr, _off^_usr, _off^_usr, _off^_usr
_off^_usr, _off^_usr, _off^_usr, _off^_usr, _off^_usr, _off^_usr, _off^_usr, _off^_usr, _off^_usr, _off^_usr, _off^_usr, _off^_usr, _off^_usr, _off^_usr, _off^_usr, _off^_usr, _off^_usr, _off^_usr, Xuc, Xuc, Rr, Xuc, Hh, _off^_usr, _off^_usr, _off^_usr, _off^_usr, _off^_usr, _off^_usr, _off^_usr
_off^_usr, _off^_usr, _off^_usr, _off^_usr, _off^_usr, _off^_usr, _off^_usr, _off^_usr, _off^_usr, _off^_usr, _off^_usr, _off^_usr, _off^_usr, _off^_usr, _off^_usr, _off^_usr, Rr, Xuc, Gs^Fds, Rr, Rr, Rr, Rr, Ql, Ql, _off^_usr, _off^_usr, _off^_usr, _off^_usr, _off^_usr
_off^_usr, _off^_usr, _off^_usr, _off^_usr, _off^_usr, _off^_usr, _off^_usr, _off^_usr, _off^_usr, _off^_usr, _off^_usr, _off^_usr, _off^_usr, _off^_usr, Ql, Rr, Uh, Rr, Rr, Rr^Vhc, Rr, Cud, Rr, Rr, Rr, Ql, Hh^Fp, _off^_usr, _off^_usr, _off^_usr
_off^_usr, _off^_usr, _off^_usr, _off^_usr, _off^_usr, _off^_usr, _off^_usr, _off^_usr, _off^_usr, _off^_usr, _off^_usr, _off^_usr, Rr, Rr, Rr^Vhc, Uh, Rr, Rr, Rr, Rr, Rr, Cud, Cud, 2 Kud, Cud, Rr, Rr, Xuc, _off^_usr, _off^_usr
_off^_usr, _off^_usr, _off^_usr, _off^_usr, _off^_usr, _off^_usr, _off^_usr, _off^_usr, _off^_usr, _off^_usr, Rr, Rr, Uu^Uf, Rr, Hh^Fp, Rr, Gs^Fds, Rr, Rr, Kud, Cud, Cud, Rr, Cud, Rr, Rr, Rr^Uf, Xuc, _off^_usr, _off^_usr
_off^_usr, _off^_usr, _off^_usr, _off^_usr, _off^_usr, _off^_usr, _off^_usr, _off^_usr, Ql, Uu, Xuc, Xuc, Rr, Hh, Rr, Rr, Rr, Rr, Rr, Rr, Wwf, Kud, Rr, Rr, Rr, Rr, Rr, Xuc, _off^_usr, _off^_usr
_off^_usr, _off^_usr, _off^_usr, _off^_usr, _off^_usr, _off^_usr, Hh^Fms, Ql, Rr, Rr, Rr, Rr, Rr, Rr, Rr, Rr, Wwf, Rr, Wwf, Wwf, Wwf, Wwf, Rr, Rr, Hh, Rr^Vhc, Rr, Rr, _off^_usr, _off^_usr
_off^_usr, _off^_usr, _off^_usr, _off^_usr, Xu, Rr, Rr, Rr, Hh, Hh^Uf, Rr, Rr, Rr^Vhcr, Rr, Wwf, Wwf, Wwf, Wwf, Rr, Xuc, Ww, Wwf, Rr, Rr, Rr, Rr, Rr, Md, _off^_usr, _off^_usr
_off^_usr, _off^_usr, _off^_usr, Ww, Ss, Rr, Rr, Rr, Rr, Rr, Rr, Gs^Fds, Rr, Wwf, Gs^Fms, Wwf, Ss^Ewf, Rr, Rr, Rr, Wwf, Rr^Vhc, Gs^Fds, Rr, Rr, Rr, Rr, Gs^Fds, _off^_usr, _off^_usr
_off^_usr, _off^_usr, _off^_usr, Xu, Gs^Fds, Wwf, Wwf, Rr, Rr, Rr, Rr, Rr, Wwf, Wwf, Wwf, Rr^Uf, Md, Rr, Rr, Rr, Rr, Wwf, Rr, Rr, Rr, Rr, Mm, Ql, _off^_usr, _off^_usr
_off^_usr, _off^_usr, _off^_usr, Uu, Rr, Rr, Rr, Wwf, Wwf, Md, Wwf, Wwf, Rr, Wwf, Wwf, Rr, Rr, Rr, Rr^Vhc, Hh, Wwf, Wwf, Chw, Rr, Wwf, Wwf, Wwf, Hh, _off^_usr, _off^_usr
_off^_usr, _off^_usr, _off^_usr, Ql, Rr, Rr, Chw, Chw, Hh^Fds, Wwf, Chw, Rr, Hh, Xuc, Rr, Wwf, Ww, Rr, Gs^Fms, Wwf, Rr, Wwf, Wwf, Wwf, Rr, Rr, Uu, Ww, _off^_usr, _off^_usr
_off^_usr, _off^_usr, _off^_usr, Ql, Gs^Fms, Rr, Rr, Rr, Rr, Wwf, Rr, Rr, Xuc, Rr, Wwf, Ss, Xuc, Wwf, Wwf, Wwf, Rr, Wwf, Rr, Rr^Vhc, Rr, Rr, Hh^Fds, Xuc, _off^_usr, _off^_usr
_off^_usr, _off^_usr, _off^_usr, Ql, Md, Gs^Fms, Rr, Rr, Rr, Wwf, Rr, Rr, Gs^Fds, Wwf, Uh, Xuc, Hh^Fp, Wwf, Rr, Hh^Uf, Rr, Wwf, Rr, Rr, Rr, Rr, Rr, Xuc, _off^_usr, _off^_usr
_off^_usr, _off^_usr, _off^_usr, Uu, Rr, Hh, Rr, Rr, Rr, Wwf, Rr, Xuc, Rr, Wwf, Hh^Fp, Xuc, Uh, Wwf, Gs^Fds, Xuc, Rr, Wwf, Rr, Rr, Rr, Hh, Md, Uu, _off^_usr, _off^_usr
_off^_usr, _off^_usr, _off^_usr, Xuc, Hh^Fds, Rr, Rr, Rr, Rr, Wwf, Rr, Hh^Uf, Wwf, Wwf, Xuc, Xuc, Wwf, Wwf, Xuc, Rr, Rr, Wwf, Rr, Rr, Rr, Gs^Fms, Gs^Fms, Ql, _off^_usr, _off^_usr
_off^_usr, _off^_usr, _off^_usr, Xuc, Uu, Rr, Rr, Rr^Vhc, Wwf, Wwf, Rr, Wwf, Gs^Fms, Wwf, Ww, Ss, Rr, Rr, Hh, Rr, Chw, Wwf, Hh^Fds, Rr, Chw, Rr, Rr, Ql, _off^_usr, _off^_usr
_off^_usr, _off^_usr, _off^_usr, Ww, Wwf, Rr, Wwf, Wwf, Chw, Wwf, Wwf, Wwf, Rr^Vhc, Rr, Rr, Wwf, Wwf, Xuc, Rr, Rr, Wwf, Wwf, Wwf, Chw, Rr, Rr, Rr, Ql, _off^_usr, _off^_usr
_off^_usr, _off^_usr, _off^_usr, Hh, Mm, Wwf, Rr, Rr, Rr, Wwf, Rr, Hh, Rr, Rr, Md, Rr, Wwf, Wwf, Wwf, Wwf, Rr, Md, Rr, Wwf, Wwf, Rr, Gs^Fds, Uu, _off^_usr, _off^_usr
_off^_usr, _off^_usr, _off^_usr, Ql, Rr, Rr, Rr, Rr, Gs^Fds, Wwf, Wwf, Rr, Rr, Rr, Ss^Ewf, Rr^Uf, Gs^Fms, Wwf, Rr, Rr, Rr, Rr, Rr, Rr, Rr, Wwf, Ss, Xu, _off^_usr, _off^_usr
_off^_usr, _off^_usr, _off^_usr, Gs^Fds, Rr, Rr, Rr, Rr, Rr, Rr^Vhc, Ww, Rr, Rr, Rr, Wwf, Wwf, Wwf, Wwf, Rr^Vhcr, Gs^Fds, Rr, Rr, Hh, Rr, Rr, Rr, Xu, Ww, _off^_usr, _off^_usr
_off^_usr, _off^_usr, _off^_usr, Md, Rr, Rr, Hh, Rr, Rr, Wwf, Wwf, Xuc, Wwf, Wwf, Wwf, Wwf, Rr, Rr, Rr, Rr, Rr, Hh^Uf, Rr, Rr, Hh^Fds, Rr, _off^_usr, _off^_usr, _off^_usr, _off^_usr
_off^_usr, _off^_usr, _off^_usr, Rr, Rr, Rr^Vhc, Rr, Rr, Rr, Wwf, Wwf, Wwf, Rr, Rr, Rr, Rr, Rr, Rr, Rr, Rr, Xuc, Rr, Ql, Ql, _off^_usr, _off^_usr, _off^_usr, _off^_usr, _off^_usr, _off^_usr
_off^_usr, _off^_usr, _off^_usr, Xuc, Rr^Uf, Rr, Rr, Rr, Rr, Kud, Cud, Rr, Rr, Rr, Gs^Fds, Rr, Hh^Fp, Hh, Uu^Uf, Xuc, Rr, Uu, _off^_usr, _off^_usr, _off^_usr, _off^_usr, _off^_usr, _off^_usr, _off^_usr, _off^_usr
_off^_usr, _off^_usr, _off^_usr, Xuc, Rr, Rr, Cud, Cud, Cud, Cud, Rr, Kud, Rr, Rr, Rr, Rr, Rr^Vhc, Rr, Rr, Rr, _off^_usr, _off^_usr, _off^_usr, _off^_usr, _off^_usr, _off^_usr, _off^_usr, _off^_usr, _off^_usr, _off^_usr
_off^_usr, _off^_usr, _off^_usr, Xuc, 1 Hh^Fp, Rr, Rr, Kud, Rr, Cud, Rr, Rr, Rr, Rr, Uh, Uh, Ql, Rr, _off^_usr, _off^_usr, _off^_usr, _off^_usr, _off^_usr, _off^_usr, _off^_usr, _off^_usr, _off^_usr, _off^_usr, _off^_usr, _off^_usr
_off^_usr, _off^_usr, _off^_usr, _off^_usr, _off^_usr, Ql, Ql, Rr, Rr, Cud, Rr, Rr^Vhc, Gs^Fds, Rr, Rr, Rr, _off^_usr, _off^_usr, _off^_usr, _off^_usr, _off^_usr, _off^_usr, _off^_usr, _off^_usr, _off^_usr, _off^_usr, _off^_usr, _off^_usr, _off^_usr, _off^_usr
_off^_usr, _off^_usr, _off^_usr, _off^_usr, _off^_usr, _off^_usr, _off^_usr, Ql, Hh, Rr, Rr, Rr, Xuc, Xuc, _off^_usr, _off^_usr, _off^_usr, _off^_usr, _off^_usr, _off^_usr, _off^_usr, _off^_usr, _off^_usr, _off^_usr, _off^_usr, _off^_usr, _off^_usr, _off^_usr, _off^_usr, _off^_usr
_off^_usr, _off^_usr, _off^_usr, _off^_usr, _off^_usr, _off^_usr, _off^_usr, _off^_usr, _off^_usr, Xuc, Xuc, Xuc, _off^_usr, _off^_usr, _off^_usr, _off^_usr, _off^_usr, _off^_usr, _off^_usr, _off^_usr, _off^_usr, _off^_usr, _off^_usr, _off^_usr, _off^_usr, _off^_usr, _off^_usr, _off^_usr, _off^_usr, _off^_usr
