_off^_usr, _off^_usr, _off^_usr, _off^_usr, _off^_usr, _off^_usr, _off^_usr, _off^_usr, _off^_usr, _off^_usr, _off^_usr, _off^_usr, _off^_usr, _off^_usr, _off^_usr, _off^_usr, _off^_usr, _off^_usr, _off^_usr, _off^_usr, Xoi, _off^_usr, _off^_usr, _off^_usr, _off^_usr, _off^_usr, _off^_usr, _off^_usr, _off^_usr, _off^_usr
_off^_usr, _off^_usr, _off^_usr, _off^_usr, _off^_usr, _off^_usr, _off^_usr, _off^_usr, _off^_usr, _off^_usr, _off^_usr, _off^_usr, _off^_usr, _off^_usr, _off^_usr, _off^_usr, _off^_usr, _off^_usr, Xoi, Xoi, Rrc, Xoi, Hh, _off^_usr, _off^_usr, _off^_usr, _off^_usr, _off^_usr, _off^_usr, _off^_usr
_off^_usr, _off^_usr, _off^_usr, _off^_usr, _off^_usr, _off^_usr, _off^_usr, _off^_usr, _off^_usr, _off^_usr, _off^_usr, _off^_usr, _off^_usr, _off^_usr, _off^_usr, _off^_usr, Rrc, Xoi, Gs^Fds, Rrc, Rrc, Rrc, Rrc, Ql, Ql, _off^_usr, _off^_usr, _off^_usr, _off^_usr, _off^_usr
_off^_usr, _off^_usr, _off^_usr, _off^_usr, _off^_usr, _off^_usr, _off^_usr, _off^_usr, _off^_usr, _off^_usr, _off^_usr, _off^_usr, _off^_usr, _off^_usr, Ql, Rrc, Uh, Rrc, Rrc, Rrc^Vhc, Rrc, Cud, Rrc, Rrc, Rrc, Ql, Hh^Fp, _off^_usr, _off^_usr, _off^_usr
_off^_usr, _off^_usr, _off^_usr, _off^_usr, _off^_usr, _off^_usr, _off^_usr, _off^_usr, _off^_usr, _off^_usr, _off^_usr, _off^_usr, Rrc, Rrc, Rrc^Vhc, Uh, Rrc, Rrc, Rrc, Rrc, Rrc, Cud, Cud, 2 Kud, Cud, Rrc, Rrc, Xoi, _off^_usr, _off^_usr
_off^_usr, _off^_usr, _off^_usr, _off^_usr, _off^_usr, _off^_usr, _off^_usr, _off^_usr, _off^_usr, _off^_usr, Rrc, Rrc, Uu^Tf, Rrc, Hh^Fp, Rrc, Gs^Fds, Rrc, Rrc, Kud, Cud, Cud, Rrc, Cud, Rrc, Rrc, Rrc^Tf, Xoi, _off^_usr, _off^_usr
_off^_usr, _off^_usr, _off^_usr, _off^_usr, _off^_usr, _off^_usr, _off^_usr, _off^_usr, Ql, Uu, Xoi, Xoi, Rrc, Hh, Rrc, Rrc, Rrc, Rrc, Rrc, Rrc, Wwf, Kud, Rrc, Rrc, Rrc, Rrc, Rrc, Xoi, _off^_usr, _off^_usr
_off^_usr, _off^_usr, _off^_usr, _off^_usr, _off^_usr, _off^_usr, Hh^Fms, Ql, Rrc, Rrc, Rrc, Rrc, Rrc, Rrc, Rrc, Rrc, Wwf, Rrc, Wwf, Wwf, Wwf, Wwf, Rrc, Rrc, Hh, Rrc^Vhc, Rrc, Rrc, _off^_usr, _off^_usr
_off^_usr, _off^_usr, _off^_usr, _off^_usr, Xuc, Rrc, Rrc, Rrc, Hh, Hh^Tf, Rrc, Rrc, Rrc^Vhcr, Rrc, Wwf, Wwf, Wwf, Wwf, Rrc, Xoi, Ww^Wkf, Wwf, Rrc, Rrc, Rrc, Rrc, Rrc, Md, _off^_usr, _off^_usr
_off^_usr, _off^_usr, _off^_usr, Ww, Ww^Wkf, Rrc, Rrc, Rrc, Rrc, Rrc, Rrc, Gs^Fds, Rrc, Wwf, Gs^Fms, Wwf, Ww^Wkf, Rrc, Rrc, Rrc, Wwf, Rrc^Vhc, Gs^Fds, Rrc, Rrc, Rrc, Rrc, Gs^Fds, _off^_usr, _off^_usr
_off^_usr, _off^_usr, _off^_usr, Xuc, Gs^Fds, Wwf, Wwf, Rrc, Rrc, Rrc, Rrc, Rrc, Wwf, Wwf, Wwf, Rrc^Tf, Md, Rrc, Rrc, Rrc, Rrc, Wwf, Rrc, Rrc, Rrc, Rrc, Mm, Ql, _off^_usr, _off^_usr
_off^_usr, _off^_usr, _off^_usr, Uu, Rrc, Rrc, Rrc, Wwf, Wwf, Md, Wwf, Wwf, Rrc, Wwf, Wwf, Rrc, Rrc, Rrc, Rrc^Vhc, Hh, Wwf, Wwf, Chw, Rrc, Wwf, Wwf, Wwf, Hh, _off^_usr, _off^_usr
_off^_usr, _off^_usr, _off^_usr, Ql, Rrc, Rrc, Chw, Chw, Hh^Fds, Wwf, Chw, Rrc, Hh, Xoi, Rrc, Wwf, Ww, Rrc, Gs^Fms, Wwf, Rrc, Wwf, Wwf, Wwf, Rrc, Rrc, Uu, Ww, _off^_usr, _off^_usr
_off^_usr, _off^_usr, _off^_usr, Ql, Gs^Fms, Rrc, Rrc, Rrc, Rrc, Wwf, Rrc, Rrc, Xoi, Rrc, Wwf, Ww^Wkf, Xoi, Wwf, Wwf, Wwf, Rrc, Wwf, Rrc, Rrc^Vhc, Rrc, Rrc, Hh^Fds, Xoi, _off^_usr, _off^_usr
_off^_usr, _off^_usr, _off^_usr, Ql, Md, Gs^Fms, Rrc, Rrc, Rrc, Wwf, Rrc, Rrc, Gs^Fds, Wwf, Uh, Xoi, Hh^Fp, Wwf, Rrc, Hh^Tf, Rrc, Wwf, Rrc, Rrc, Rrc, Rrc, Rrc, Xoi, _off^_usr, _off^_usr
_off^_usr, _off^_usr, _off^_usr, Uu, Rrc, Hh, Rrc, Rrc, Rrc, Wwf, Rrc, Xoi, Rrc, Wwf, Hh^Fp, Xoi, Uh, Wwf, Gs^Fds, Xoi, Rrc, Wwf, Rrc, Rrc, Rrc, Hh, Md, Uu, _off^_usr, _off^_usr
_off^_usr, _off^_usr, _off^_usr, Xoi, Hh^Fds, Rrc, Rrc, Rrc, Rrc, Wwf, Rrc, Hh^Tf, Wwf, Wwf, Xoi, Xoi, Wwf, Wwf, Xoi, Rrc, Rrc, Wwf, Rrc, Rrc, Rrc, Gs^Fms, Gs^Fms, Ql, _off^_usr, _off^_usr
_off^_usr, _off^_usr, _off^_usr, Xoi, Uu, Rrc, Rrc, Rrc^Vhc, Wwf, Wwf, Rrc, Wwf, Gs^Fms, Wwf, Ww, Ww^Wkf, Rrc, Rrc, Hh, Rrc, Chw, Wwf, Hh^Fds, Rrc, Chw, Rrc, Rrc, Ql, _off^_usr, _off^_usr
_off^_usr, _off^_usr, _off^_usr, Ww, Wwf, Rrc, Wwf, Wwf, Chw, Wwf, Wwf, Wwf, Rrc^Vhc, Rrc, Rrc, Wwf, Wwf, Xoi, Rrc, Rrc, Wwf, Wwf, Wwf, Chw, Rrc, Rrc, Rrc, Ql, _off^_usr, _off^_usr
_off^_usr, _off^_usr, _off^_usr, Hh, Mm, Wwf, Rrc, Rrc, Rrc, Wwf, Rrc, Hh, Rrc, Rrc, Md, Rrc, Wwf, Wwf, Wwf, Wwf, Rrc, Md, Rrc, Wwf, Wwf, Rrc, Gs^Fds, Uu, _off^_usr, _off^_usr
_off^_usr, _off^_usr, _off^_usr, Ql, Rrc, Rrc, Rrc, Rrc, Gs^Fds, Wwf, Wwf, Rrc, Rrc, Rrc, Ww^Wkf, Rrc^Tf, Gs^Fms, Wwf, Rrc, Rrc, Rrc, Rrc, Rrc, Rrc, Rrc, Wwf, Ww^Wkf, Xuc, _off^_usr, _off^_usr
_off^_usr, _off^_usr, _off^_usr, Gs^Fds, Rrc, Rrc, Rrc, Rrc, Rrc, Rrc^Vhc, Ww, Rrc, Rrc, Rrc, Wwf, Wwf, Wwf, Wwf, Rrc^Vhcr, Gs^Fds, Rrc, Rrc, Hh, Rrc, Rrc, Rrc, Xuc, Ww, _off^_usr, _off^_usr
_off^_usr, _off^_usr, _off^_usr, Md, Rrc, Rrc, Hh, Rrc, Rrc, Wwf, Wwf, Xoi, Wwf, Wwf, Wwf, Wwf, Rrc, Rrc, Rrc, Rrc, Rrc, Hh^Tf, Rrc, Rrc, Hh^Fds, Rrc, _off^_usr, _off^_usr, _off^_usr, _off^_usr
_off^_usr, _off^_usr, _off^_usr, Rrc, Rrc, Rrc^Vhc, Rrc, Rrc, Rrc, Wwf, Wwf, Wwf, Rrc, Rrc, Rrc, Rrc, Rrc, Rrc, Rrc, Rrc, Xoi, Rrc, Ql, Ql, _off^_usr, _off^_usr, _off^_usr, _off^_usr, _off^_usr, _off^_usr
_off^_usr, _off^_usr, _off^_usr, Xoi, Rrc^Tf, Rrc, Rrc, Rrc, Rrc, Kud, Cud, Rrc, Rrc, Rrc, Gs^Fds, Rrc, Hh^Fp, Hh, Uu^Tf, Xoi, Rrc, Uu, _off^_usr, _off^_usr, _off^_usr, _off^_usr, _off^_usr, _off^_usr, _off^_usr, _off^_usr
_off^_usr, _off^_usr, _off^_usr, Xoi, Rrc, Rrc, Cud, Cud, Cud, Cud, Rrc, Kud, Rrc, Rrc, Rrc, Rrc, Rrc^Vhc, Rrc, Rrc, Rrc, _off^_usr, _off^_usr, _off^_usr, _off^_usr, _off^_usr, _off^_usr, _off^_usr, _off^_usr, _off^_usr, _off^_usr
_off^_usr, _off^_usr, _off^_usr, Xoi, 1 Hh^Fp, Rrc, Rrc, Kud, Rrc, Cud, Rrc, Rrc, Rrc, Rrc, Uh, Uh, Ql, Rrc, _off^_usr, _off^_usr, _off^_usr, _off^_usr, _off^_usr, _off^_usr, _off^_usr, _off^_usr, _off^_usr, _off^_usr, _off^_usr, _off^_usr
_off^_usr, _off^_usr, _off^_usr, _off^_usr, _off^_usr, Ql, Ql, Rrc, Rrc, Cud, Rrc, Rrc^Vhc, Gs^Fds, Rrc, Rrc, Rrc, _off^_usr, _off^_usr, _off^_usr, _off^_usr, _off^_usr, _off^_usr, _off^_usr, _off^_usr, _off^_usr, _off^_usr, _off^_usr, _off^_usr, _off^_usr, _off^_usr
_off^_usr, _off^_usr, _off^_usr, _off^_usr, _off^_usr, _off^_usr, _off^_usr, Ql, Hh, Rrc, Rrc, Rrc, Xoi, Xoi, _off^_usr, _off^_usr, _off^_usr, _off^_usr, _off^_usr, _off^_usr, _off^_usr, _off^_usr, _off^_usr, _off^_usr, _off^_usr, _off^_usr, _off^_usr, _off^_usr, _off^_usr, _off^_usr
_off^_usr, _off^_usr, _off^_usr, _off^_usr, _off^_usr, _off^_usr, _off^_usr, _off^_usr, _off^_usr, Xoi, Xoi, Xoi, _off^_usr, _off^_usr, _off^_usr, _off^_usr, _off^_usr, _off^_usr, _off^_usr, _off^_usr, _off^_usr, _off^_usr, _off^_usr, _off^_usr, _off^_usr, _off^_usr, _off^_usr, _off^_usr, _off^_usr, _off^_usr
