border_size=1
usage=map

Ms^Xm       , Ms^Xm       , Ms^Xm       , Ms^Xm       , Ms^Xm       , Ms^Xm       , Ms^Xm       , Ms^Xm       , Ms^Xm       , Ms^Xm       , Ms^Xm       , Ms^Xm       , Ms^Xm       , Ms^Xm       , Ms^Xm       , Ms^Xm       , Ms^Xm       , Ms^Xm       , Ms^Xm       , Ms^Xm       , Ms^Xm       , Ms^Xm       , Ms^Xm       , Ms^Xm       , Ms^Xm       , Ms^Xm       
Ms^Xm       , Ms^Xm       , Ms^Xm       , Ms^Xm       , Ms^Xm       , Ms^Xm       , Ms^Xm       , Ms^Xm       , Ai          , Ms^Xm       , Ai          , Ms^Xm       , Ai          , Ms^Xm       , Ai          , Ms^Xm       , Ai          , Ms^Xm       , Ms^Xm       , Ms^Xm       , Ms^Xm       , Ms^Xm       , Ms^Xm       , Ms^Xm       , Ms^Xm       , Ms^Xm       
Ms^Xm       , Ms^Xm       , Ms^Xm       , Ms^Xm       , Ms^Xm       , Ms^Xm       , Ms^Xm       , Ai          , Aa          , Ai          , Aa^Vla      , Ai          , Aa          , Ai          , Aa          , Ai          , Aa          , Ai          , Ms^Xm       , Ms^Xm       , Ms^Xm       , Ms^Xm       , Ms^Xm       , Ms^Xm       , Ms^Xm       , Ms^Xm       
Ms^Xm       , Ms^Xm       , Ms^Xm       , Ms^Xm       , Ai          , Ha          , Aa          , Aa          , Aa          , Ai          , Coa         , Aa          , Coa         , Aa          , Coa         , Aa          , Gg          , Aa          , Aa^Fda      , Aa          , Ai          , Ms^Xm       , Ms^Xm       , Ms^Xm       , Ms^Xm       , Ms^Xm       
Ms^Xm       , Ms^Xm       , Mm^Xm       , Ai          , Aa          , Aa          , Gg^Efm      , Mm          , Gg          , Wog         , Wwg         , Co          , Aa          , 2 Ko        , Gg          , Rrc         , Rrc         , Gs^Vh       , Gg          , Aa          , Aa          , Ai          , Ai          , Ms^Xm       , Ms^Xm       , Ms^Xm       
Ms^Xm       , Ms^Xm       , Mm^Xm       , Wwg         , Gg          , Gg          , Gg^Efm      , Gg          , Wwf         , Gg^Efm      , Wwf         , Co          , Gg          , Gg          , Gg          , Gg^Efm      , Gg          , Rrc         , Gg^Efm      , Gs^Fds      , Gs          , Wwg         , Ha          , Ms^Xm       , Ms^Xm       , Ms^Xm       
Ms^Xm       , Ms^Xm       , Hh          , Wwf         , Gd^Vo       , Gg^Efm      , Wwf         , Wwf         , Hh          , Wwf         , Gg^Efm      , Wwf         , Gs^Fds      , Gg          , Wwg         , Gg          , Mm          , Rrc         , Gs          , Hh          , Ds          , Wwg         , Uh          , Ms^Xm       , Ms^Xm       , Ms^Xm       
Ms^Xm       , Ms^Xm       , Gg          , Wwf         , Gg^Gvs      , Gg^Gvs      , Wwf         , Hh^Fds      , Gg          , Gg^Efm      , Gg^Efm      , Wwf         , Gg          , Gg^Efm      , Gg          , Gs^Fds      , Rrc         , Rrc         , Gs          , Gd          , Wwg         , Wwg         , Uh          , Ms^Xm       , Ms^Xm       , Ms^Xm       
Ms^Xm       , Ms^Xm       , Gg          , Wwf         , Hh^Fds      , Gs^Fds      , Wwf         , Gg^Efm      , Gg          , Gg^Efm      , Ce          , Wwg         , Wwg         , Gg          , Rrc         , Rrc         , Gg          , Gs^Fds      , Gs          , Wwf         , Gs^Fds      , Gg          , Gs^Fdw      , Ms^Xm       , Ms^Xm       , Ms^Xm       
Ms^Xm       , Ms^Xm       , Gg          , Wwf         , Wwg         , Wwf         , Gg          , Gg          , Gg^Efm      , Ss          , Gg          , Wwg         , Rrc         , Wwf         , Wwf         , Gg          , Hh          , Gg          , Gs          , Wwf         , Gg          , Gg          , Gs^Fdw      , Ms^Xm       , Ms^Xm       , Ms^Xm       
Ms^Xm       , Ms^Xm       , Gg          , Gs^Fds      , Wwg         , Gg          , Gg          , Gg          , Gg          , Gg          , Wwg         , Wwf         , Wwf         , Gg          , Ds          , Wwg         , Gg          , Gg          , Ds          , Wwf         , Ke          , Gg          , Gg          , Ms^Xm       , Ms^Xm       , Ms^Xm       
Ms^Xm       , Ms^Xm       , Gg          , Gg          , Wwf         , Gs^Fdw      , Gs          , Gs          , Wwf         , Wwg         , Rr          , Rr          , Rb          , Wwg         , Wwg         , Wog         , Wwg         , Ds          , Wwf         , Wwf         , Wwg         , Ce          , Gg^Gvs      , Ms^Xm       , Ms^Xm       , Ms^Xm       
Ms^Xm       , Ms^Xm       , Gg          , Wwg         , Gg          , Wwg         , Wwf         , Gd^Vo       , Wwf         , Sm          , Rr          , Gll^Fp      , Re          , Re          , Wwf         , Ce          , Gs          , Wwf         , Gs          , Gg          , Gll^Fp      , Wwg         , Gg          , Ms^Xm       , Ms^Xm       , Ms^Xm       
Ms^Xm       , Ms^Xm       , Ms^Xm       , Wwf         , Gg          , Hh^Fds      , Wwg         , Wwf         , Wwf         , Ce          , Rr          , Re          , Mm^Xm       , Uh          , Wwf         , Rb          , Re          , Wwg         , Gd          , Gs^Vc       , Gd          , Wwf         , Ms^Xm       , Ms^Xm       , Ms^Xm       , Ms^Xm       
Ms^Xm       , Ms^Xm       , Ai          , Khw         , Wwf         , Wwg         , Mm          , Gs          , Wwg         , Rr          , Rb          , Mm          , Wwf         , Wwf         , Rb^Em       , Gs^Fdw      , Re          , Wwf         , Wwg         , Ds          , Gs^Fds      , Wwf         , Wwg         , Ms^Xm       , Ms^Xm       , Ms^Xm       
Ms^Xm       , Ms^Xm       , Ss          , Chw         , Wwf         , Dd^Do       , Gd          , Gs          , Wwf         , Rr          , Rr          , Sm^Emf      , Wwg         , Rb          , Rb          , Gs          , Wog         , Re          , Wwf         , Wwg         , Wwf         , Gs          , Wwg         , Ms^Xm       , Ms^Xm       , Ms^Xm       
Ms^Xm       , Ms^Xm       , Ms^Xm       , Wwg         , Sm          , Re          , Gd^Fmw      , Re          , Wwg         , Wwf         , Wwf         , Rr          , Wwf         , Re          , Re          , Uu^Tf       , Md          , Hhd^Fdw     , Wwf         , Re          , Mm^Xm       , Wwf         , Ms^Xm       , Ms^Xm       , Ms^Xm       , Ms^Xm       
Ms^Xm       , Ms^Xm       , Ms^Xm       , Wwg         , Re          , Re          , Rb^Em       , Wwf         , Rb          , Hhd         , Re          , Wwf         , Mm^Xm       , Wwg         , Re          , Rb          , Rb^Em       , Wwg         , Rb          , Re          , Re          , Wwf         , Ms^Xm       , Ms^Xm       , Ms^Xm       , Ms^Xm       
Ms^Xm       , Ms^Xm       , Ms^Xm       , Wwf         , Mm^Xm       , Re          , Wwf         , Wwg         , Md          , Rb          , Re          , Wwg         , Wwf         , Wwf         , Wwf         , Hhd         , Wwg         , Wwf         , Gd^Fmw      , Re          , Sm          , Wwg         , Ms^Xm       , Ms^Xm       , Ms^Xm       , Ms^Xm       
Ms^Xm       , Ms^Xm       , Wwg         , Wwf         , Wwf         , Re          , Wwf         , Hhd^Fdw     , Wog         , Uu^Tf       , Rb          , Re          , Wwg         , Rr          , Rr          , Wwf         , Wwf         , Re          , Gd          , Re          , Wwf         , Wwg         , Ss          , Ms^Xm       , Ms^Xm       , Ms^Xm       
Ms^Xm       , Ms^Xm       , Wwg         , Gs          , Gs^Fds      , Wwg         , Wwg         , Re          , Re          , Gs          , Rb          , Rb^Em       , Wwf         , Sm          , Rb          , Rr          , Wwg         , Gs          , Mm          , Dd^Do       , Wwf         , Chw         , Ai          , Ms^Xm       , Ms^Xm       , Ms^Xm       
Ms^Xm       , Ms^Xm       , Ms^Xm       , Wwf         , Gd          , Ds          , Gd          , Wwf         , Re          , Gs^Fdw      , Wwf         , Wwf         , Mm^Xm       , Mm          , Rr          , Rr          , Wwf         , Gs          , Wwg         , Wwg         , Gg          , Khw         , Ms^Xm       , Ms^Xm       , Ms^Xm       , Ms^Xm       
Ms^Xm       , Ms^Xm       , Gg          , Wwf         , Gs          , Gs^Vc       , Gll^Fp      , Wwg         , Gs          , Rb          , Wwf         , Uh          , Re          , Re          , Rr          , Ce          , Wwf         , Wwf         , Wwf         , Hh^Fds      , Gg          , Wwf         , Gg          , Ms^Xm       , Ms^Xm       , Ms^Xm       
Ms^Xm       , Ms^Xm       , Gg          , Wwg         , Wwg         , Gg          , Wwf         , Wwf         , Wwg         , Ce          , Wwg         , Re          , Rb^Em       , Gll^Fp      , Rr          , Sm          , Wwf         , Gd^Vo       , Gs          , Wwg         , Wwf         , Wwg         , Gg          , Ms^Xm       , Ms^Xm       , Ms^Xm       
Ms^Xm       , Ms^Xm       , Gg          , Ce          , Ke          , Wwf         , Ds          , Ds          , Gg          , Wog         , Ds          , Wwg         , Wwf         , Rr          , Wwg         , Wwg         , Gg          , Gs          , Gg          , Gs^Fdw      , Wwg         , Gg          , Gg          , Ms^Xm       , Ms^Xm       , Ms^Xm       
Ms^Xm       , Ms^Xm       , Gs^Fdw      , Gg          , Gg          , Wwf         , Gs          , Gg^Efm      , Hh          , Wwg         , Wwf         , Gg          , Gg          , Wwf         , Gg          , Gg^Efm      , Gg^Efm      , Gg          , Gg^Efm      , Gg^Efm      , Wwg         , Gs^Fds      , Gg          , Ms^Xm       , Ms^Xm       , Ms^Xm       
Ms^Xm       , Ms^Xm       , Gs^Fdw      , Gg          , Gs^Fds      , Wwf         , Gs          , Gg^Efm      , Gg          , Gg          , Rrc         , Wwf         , Gg          , Wwg         , Ce          , Ss          , Gg^Efm      , Gg          , Wwf         , Wwf         , Hh^Fds      , Wwf         , Gg^Efm      , Ms^Xm       , Ms^Xm       , Ms^Xm       
Ms^Xm       , Ms^Xm       , Uh          , Gg          , Wwg         , Wwf         , Gs          , Gs^Fds      , Rrc         , Rrc         , Gg^Efm      , Gg^Efm      , Gg          , Wwg         , Gg          , Gg^Efm      , Gg^Efm      , Gg          , Wwf         , Gs^Fds      , Gg          , Wwf         , Gg^Efm      , Ms^Xm       , Ms^Xm       , Ms^Xm       
Ms^Xm       , Ms^Xm       , Uh          , Wwg         , Ds          , Gd          , Gs          , Rrc         , Mm          , Gs^Fds      , Wwg         , Gg          , Gg          , Wwf         , Gg          , Gg^Efm      , Hh          , Hh^Fds      , Wwf         , Gg          , Gd^Vo       , Wwf         , Hh          , Ms^Xm       , Ms^Xm       , Ms^Xm       
Ms^Xm       , Ms^Xm       , Ha          , Wwg         , Gs          , Hh          , Gg          , Rrc         , Gg^Efm      , Gg          , Gg          , Gg          , Gg^Efm      , Wwf         , Wwf         , Wwf         , Wwf         , Wwf         , Gg^Efm      , Gg          , Gg^Efm      , Wwf         , Mm^Xm       , Ms^Xm       , Ms^Xm       , Ms^Xm       
Ms^Xm       , Ms^Xm       , Ai          , Wwg         , Aa          , Gs^Fds      , Gg^Efm      , Rrc         , Rrc         , Gg^Efm      , Gg          , Gg          , Aa          , Co          , Wwg         , Gg          , Gg          , Gg^Efm      , Gg^Efm      , Gg          , Aa          , Wwg         , Mm^Xm       , Ms^Xm       , Ms^Xm       , Ms^Xm       
Ms^Xm       , Ms^Xm       , Ms^Xm       , Ai          , Ai          , Aa          , Aa^Fda      , Gs^Vh       , Gg          , Rrc         , Coa         , Koa         , 1 Coa       , Coa         , Coa         , Wog         , Aa          , Mm          , Aa          , Aa          , Ai          , Ai          , Ms^Xm       , Ms^Xm       , Ms^Xm       , Ms^Xm       
Ms^Xm       , Ms^Xm       , Ms^Xm       , Ms^Xm       , Ms^Xm       , Aa          , Ms^Xm       , Aa          , Aa          , Aa          , Aa          , Aa          , Aa          , Aa          , Aa^Vla      , Ai          , Aa          , Aa          , Ms^Xm       , Ha          , Ms^Xm       , Ms^Xm       , Ms^Xm       , Ms^Xm       , Ms^Xm       , Ms^Xm       
Ms^Xm       , Ms^Xm       , Ms^Xm       , Ms^Xm       , Ms^Xm       , Ms^Xm       , Ms^Xm       , Ai          , Ai          , Ai          , Ai          , Ai          , Ai          , Ai          , Ai          , Ai          , Ai          , Ai          , Ms^Xm       , Ms^Xm       , Ms^Xm       , Ms^Xm       , Ms^Xm       , Ms^Xm       , Ms^Xm       , Ms^Xm       
Ms^Xm       , Ms^Xm       , Ms^Xm       , Ms^Xm       , Ms^Xm       , Ms^Xm       , Ms^Xm       , Ms^Xm       , Ms^Xm       , Ms^Xm       , Ms^Xm       , Ms^Xm       , Ms^Xm       , Ms^Xm       , Ms^Xm       , Ms^Xm       , Ms^Xm       , Ms^Xm       , Ms^Xm       , Ms^Xm       , Ms^Xm       , Ms^Xm       , Ms^Xm       , Ms^Xm       , Ms^Xm       , Ms^Xm       
Ms^Xm       , Ms^Xm       , Ms^Xm       , Ms^Xm       , Ms^Xm       , Ms^Xm       , Ms^Xm       , Ms^Xm       , Ms^Xm       , Ms^Xm       , Ms^Xm       , Ms^Xm       , Ms^Xm       , Ms^Xm       , Ms^Xm       , Ms^Xm       , Ms^Xm       , Ms^Xm       , Ms^Xm       , Ms^Xm       , Ms^Xm       , Ms^Xm       , Ms^Xm       , Ms^Xm       , Ms^Xm       , Ms^Xm       
