border_size=1
usage=map

_s          , _s          , _s          , _s          , _s          , _s          , _s          , _s          , _s          , _s          , _s          , _s          , _s          , _s          , _s          , _s          , _s          , _s          , _s          , _s          , Md^Xm       , Md^Xm       , Md^Xm       , Md^Xm       , Md^Xm       , Md^Xm       , Md^Xm       , Md^Xm       , Md^Xm       
_s          , _s          , _s          , _s          , _s          , _s          , _s          , _s          , _s          , _s          , _s          , _s          , _s          , _s          , _s          , _s          , _s          , _s          , Md^Xm       , Md^Xm       , Ww          , Md^Xm       , Rb^Tf       , Md^Xm       , Hhd         , Md^Xm       , Ch          , Md^Xm       , Md^Xm       
_s          , _s          , _s          , _s          , _s          , _s          , _s          , _s          , _s          , _s          , _s          , _s          , _s          , _s          , _s          , _s          , Md^Xm       , Md^Xm       , Rd^Tf       , Ww          , Ww          , Hhd^Fmw     , Rp          , Gll^Fp      , Rp          , Ch          , 1 Kh        , Ch          , Md^Xm       
_s          , _s          , _s          , _s          , _s          , _s          , _s          , _s          , _s          , _s          , _s          , _s          , _s          , _s          , Md^Xm       , Md^Xm       , Hhd^Fp      , Gs^Es       , Gs          , Ww          , Wo^Bw/      , Rr^Vhc      , Gs^Es       , Rp          , Gll^Gvs     , Rp          , Ch          , Ch          , Md^Xm       
_s          , _s          , _s          , _s          , _s          , _s          , _s          , _s          , _s          , _s          , _s          , _s          , Md^Xm       , Md^Xm       , Gd^Es       , Gd          , Gd          , Gs^Es       , Ke          , Wo^Bw/      , Ww          , Gs          , Gs^Wm       , Gll^Gvs     , Gll^Gvs     , Gll^Gvs     , Rp          , Wwf         , Md^Xm       
_s          , _s          , _s          , _s          , _s          , _s          , _s          , _s          , _s          , _s          , Md^Xm       , Md^Xm       , Sm          , Ds          , Gd          , Gd          , Ket         , Ce          , Ce          , Ww          , Ww          , Gs          , Hhd         , Gll^Gvs     , Gll^Gvs     , Gll^Gvs     , Rp          , Wwf         , Md^Xm       
_s          , _s          , _s          , _s          , _s          , _s          , _s          , _s          , Xuce        , Xuce        , Uh          , Md          , Hhd^Fdw     , Sm          , Rp          , Rp          , Ds          , Gll^Fmf     , Ds          , Ds          , Ww          , Gs          , Gs          , Gll^Gvs     , Gll^Gvs     , Gd^Fmw      , Rp          , Wwf         , Md^Xm       
_s          , _s          , _s          , _s          , _s          , _s          , Xuce        , Xuce        , Uue^Em      , Uue^Em      , Uue         , Re^Tf       , Rp          , Rp          , Ww          , Ww^Ewl      , Ww^Ewl      , Gd          , Gs          , Wwf         , Wwf         , Ww          , Gs^Es       , Gs          , Ww^Ewl      , Ww          , Rr^Vhc      , Hhd         , Md^Xm       
_s          , _s          , _s          , _s          , _s          , Xuce        , Uue         , Uue^Tf      , Re^Es       , Uue^Em      , Rp          , Re^Vc       , Rb          , Gd^Fmw      , Ww          , Ww^Ewl      , Gd          , Gs          , Ww          , Wwf         , Ds          , Re^Tf       , Gd          , Gd^Es       , Ww^Ewl      , Ww^Ewl      , Rp          , Gd          , Md^Xm       
_s          , _s          , _s          , _s          , _s          , Xuce        , Hhd^Fdf     , Re          , Re          , Uh          , Rp          , Sm          , Sm          , Rb          , Ww          , Gd          , Gd^Es       , Gd^Fdf      , Gd^Fdf      , Ww          , Ww          , Ds          , Gd          , Ce          , Ket         , Rp          , Gd^Fdf      , Gd          , Md^Xm       
_s          , _s          , _s          , _s          , _s          , Ms^Xm       , Md          , Sm          , Ce          , Ket         , Rp          , Gs          , Gs          , Rb          , Rb          , Gd          , Gd          , Rb^Tf       , Wwf         , Ww          , Ww          , Ds          , Ke          , Ce          , Gs          , Gd^Es       , Gll         , Gd          , Md^Xm       
_s          , _s          , _s          , _s          , _s          , Ms^Xm       , Aa          , Cea         , Gd          , Gd^Es       , Rp          , Hhd^Fdw     , Ww^Ewl      , Gs          , Gs^Fdw      , Re^Vh       , Ds          , Hhd         , Ww          , Wwf         , Gs          , Gs          , Rp          , Gs^Es       , Gs          , Gll         , Ha          , Aa^Fda      , Md^Xm       
_s          , _s          , _s          , _s          , Ms^Xm       , Ms^Xm       , Aa          , Ke          , Rp          , Gs^Fdw      , Re^Tf       , Wo^Bw\      , Wo^Bw|      , Gs^Es       , Gs          , Rb          , Ww          , Ww          , Gs^Es       , Gll^Fp      , Gs          , Gs          , Rp          , Gd^Fmw      , Gll^Gvs     , Gd^Es       , Aa          , Aa          , Md^Xm       
_s          , _s          , Ms^Xm       , Ms^Xm       , Sm          , Ha          , Rp          , Rp          , Hhd         , Rp          , Rp          , Ww          , Kh          , Ww^Ewl      , Rb          , Rb          , Gd^Es       , Wwf         , Ww          , Gs          , Gd          , Rp          , Gd^Wm       , Gll^Gvs     , Gll^Gvs     , Aa          , Aa          , Aa          , Md^Xm       
Ms^Xm       , Ms^Xm       , Ha^Fpa      , Sm          , Ai          , Rr          , Sm          , Gd^Es       , Gd          , Gs          , Ww^Ewl      , Wo^Bw\      , Ch          , Ww          , Rb          , Gs^Es       , Md          , Ww          , Ww          , Ha^Fma      , Aa          , Rp          , Aa          , Gll^Gvs     , Gll^Gvs     , Aa          , Ha^Fpa      , Ms          , Ms^Xm       
Ms^Xm       , Aa          , Aa          , Re          , Re          , Rr          , Re          , Aa^Fda      , Ai          , Gd          , Gs          , Ww^Ewl      , Ch          , Kh          , Rp          , Hhd         , Ds          , Ww          , Ww          , Ww          , Rr          , Aa^Vla      , Rr          , Re          , Re          , Gll^Gvs     , Re          , Ha          , Ms^Xm       
Ms^Xm       , Ha          , Aa^Fma      , Re^Es       , Rr          , Rrc^Vhca    , Rr          , Aa          , Ww          , Ha^Fma      , Gs^Es       , Gs          , Gs          , Rb          , Rb^Tf       , Rp          , Sm          , Ds          , Wo^Bw/      , Wo^Bw/      , Rb          , Aa          , Re          , Rr          , Kea         , Rb          , Rb          , Aa          , Ms^Xm       
Ms^Xm       , Re          , Re          , Rb          , Rr          , Ha^Fma      , Rr          , Ww          , Ai          , Ai          , Gs          , Gs          , Sm          , Rb          , Gll^Gvs     , Rp          , Rp          , Rp          , Ww          , Ww          , Aa^Fpa      , Rb^Tf       , Ai          , Ha          , Cea         , Cea         , Rb^Es       , Aa          , Ms^Xm       
Ms^Xm       , Rb          , Aa^Fpa      , Kha         , Cha         , Cha         , Kha         , Ww          , Ww          , Ai          , Aa          , Gs          , Rb          , Rb          , Gll^Gvs     , Gll^Gvs     , Gs          , Kh          , Ch          , Ww          , Ww          , Ww          , Ai          , Aa          , Rr          , Kea         , Re          , Re          , Ms^Xm       
Ms^Xm       , Ha          , Ha^Fma      , Aa          , Gll^Gvs     , Gll^Gvs     , Ww          , Wwf         , Rb          , Ha          , Rb          , Re^Vhs      , Gs          , Gll^Gvs     , Gll^Gvs     , Gll^Gvs     , Gs^Wm       , Wwf         , Wwf         , Ch          , Kh          , Ww          , Rr          , Rr          , Rb          , Rb          , Ha^Fda      , Re          , Ms^Xm       
Ms^Xm       , Aa          , Gll^Gvs     , Gll^Gvs     , Gll^Gvs     , Gll^Gvs     , Ai          , Ww          , Ds          , Rb          , Gd^Es       , Gs          , Ww          , Ds          , Ds          , Hhd^Fmf     , Wwf         , Wwf         , Ww          , Ww          , Wwf         , Wwf         , Aa^Fma      , Aa          , Gll^Es      , Rb          , Aa          , Aa          , Ms^Xm       
Ms^Xm       , Sm          , Rb^Tf       , Gll^Gvs     , Gll^Gvs     , Gll^Gvs     , Gll^Wm      , Ds          , Gd          , Gd          , Ww          , Ww          , Ww          , Ww          , Ww          , Wwf         , Wwf         , Ww          , Ds          , Ds          , Re^Tf       , Gll^Es      , Gll         , Gd          , Aa          , Sm          , Sm          , Sm          , Ms^Xm       
Ms^Xm       , Aa          , Ai          , Ha          , Ha^Fda      , Gll         , Sm          , Hhd^Fmf     , Gd          , Gd          , Gd^Es       , Hhd^Fdf     , Ww          , Wo          , Wo          , Wo          , Ww          , Gs^Es       , Gs          , Gd          , Gd          , Gd          , Sm          , Gd          , Ha^Fpa      , Ms          , Aa          , Ai          , Ms^Xm       
Ms^Xm       , Ai          , Sm          , Ms          , Aa          , Gll         , Gd          , Gd          , Rb^Tf       , Gd          , Ds          , Gd^Es       , Wwf         , Wo          , Ww          , Wo          , Ww          , Hhd^Fdf     , Ww          , Gd          , Gd          , Hhd^Fmw     , Gd          , Gll         , Re          , Ha          , Re^Tf       , Aa          , Ms^Xm       
Ms^Xm       , Sm          , Aa          , Sm          , Gll^Es      , Gll         , Aa^Fma      , Gll         , Wwf         , Ds          , Ww          , Ww          , Wwf         , Wwf         , Ds          , Ww          , Ww          , Ww          , Gd          , Gd          , Ds          , Ds          , Ai          , Re^Es       , Re          , Re          , Re          , Sm          , Ms^Xm       
Ms^Xm       , Aa          , Ha^Fpa      , Rb          , Rb          , Aa          , Rr          , Wwf         , Kh          , Ww          , Wwf         , Wwf         , Gs          , Hhd^Fmw     , Gd^Es       , Ds          , Gs^Wm       , Gs^Es       , Rb          , Rb          , Rb          , Ww          , Ww          , Rb          , Rb          , Rb          , Ha^Fpa      , Aa          , Ms^Xm       
Ms^Xm       , Re^Es       , Re          , Rb          , Rr          , Rr          , Ai          , Ww          , Ww          , Ch          , Ch          , Wwf         , Gd          , Gd          , Gd          , Gd          , Rb          , Re^Vl       , Aa          , Ha          , Ww          , Wwf         , Kha         , Rb          , Cha         , Aa          , Aa^Fma      , Ha          , Ms^Xm       
Ms^Xm       , Re          , Re          , Kea         , Cea         , Aa          , Ai          , Ww          , Aa^Fma      , Ww          , Ww          , Kh          , Rp          , Gs          , Gs          , Rb          , Sm          , Gll^Gvs     , Gll^Gvs     , Ai          , Aa          , Ww          , Rr          , Cha         , Rr          , Kha         , Rb          , Rb^Es       , Ms^Xm       
Ms^Xm       , Aa          , Rb          , Cea         , Kea         , Ha          , Rb          , Rb^Tf       , Rb          , Ww          , Wo^Bw/      , Rp          , Sm          , Rp          , Rd^Tf       , Rb          , Gll^Gvs     , Gll^Gvs     , Gll^Gvs     , Aa          , Ww          , Ww          , Rr          , Ha^Fda      , Rr          , Rb          , Aa^Fda      , Rb          , Ms^Xm       
Ms^Xm       , Aa          , Re          , Rb          , Re          , Rr          , Rr          , Aa          , Rr          , Wo^Bw/      , Ww          , Ds          , Ds          , Rp          , Rp          , Rb          , Ch          , Gll^Gvs     , Gll^Gvs     , Ha^Fda      , Ai          , Ai          , Re^Es       , Rrc^Vhca    , Rb          , Re          , Aa          , Ha          , Ms^Xm       
Ms^Xm       , Ha          , Ha^Fda      , Rb          , Rb          , Rb          , Aa          , Aa^Vha      , Aa          , Ww          , Ww          , Ww          , Md          , Hhd         , Rb          , Kh          , Ch          , Ww          , Ww^Ewl      , Gd          , Gll         , Aa^Fpa      , Sm          , Rr          , Aa          , Rb          , Ha^Fpa      , Aa          , Ms^Xm       
Ms^Xm       , Ms          , Aa          , Aa          , Rb          , Gll^Es      , Gd          , Rp          , Gd          , Ha^Fda      , Ww          , Ww          , Gs^Es       , Gs          , Rb          , Ww^Ewl      , Kh          , Wo^Bw\      , Rp          , Gd^Es       , Hhd         , Gll^Es      , Rp          , Rr          , Sm          , Sm          , Ms^Xm       , Ms^Xm       , _s          
Md^Xm       , Aa          , Aa          , Aa          , Gll^Gvs     , Gll         , Rp          , Rp          , Gd          , Gs^Es       , Gs^Es       , Wwf         , Ww          , Rb          , Gs          , Ww          , Wo^Bw|      , Ww          , Rb^Tf       , Rp          , Rp          , Rp          , Aa          , Ha          , Ms^Xm       , Ms^Xm       , _s          , _s          , _s          
Md^Xm       , Aa          , Ha          , Gll^Gvs     , Gll^Gvs     , Gll^Fdw     , Rp          , Gd^Es       , Gd          , Gs^Fdw      , Ww          , Ww          , Ds          , Rb          , Gll^Fmf     , Gs          , Ww^Ewl      , Wo^Bw\      , Rp          , Gs^Fdw      , Gs          , Ket         , Aa          , Ms^Xm       , _s          , _s          , _s          , _s          , _s          
Md^Xm       , Aa^Fma      , Gll^Gvs     , Gll^Gvs     , Gll^Gvs     , Gll^Gvs     , Ket         , Gd          , Ww          , Wwf         , Wwf         , Hhd         , Gs          , Re^Vhs      , Rb          , Gs          , Gs          , Hhd^Fmf     , Rp          , Gs^Es       , Ce          , Cea         , Md          , Ms^Xm       , _s          , _s          , _s          , _s          , _s          
Md^Xm       , Gll^Wm      , Gll^Fmf     , Gll^Gvs     , Ke          , Ce          , Gs          , Ds          , Ww          , Ww          , Gll^Fmf     , Ds^Tf       , Gs          , Gs          , Ww^Ewl      , Rb          , Sm          , Gs^Es       , Rp          , Ke          , Re          , Sm          , Hhd^Fdw     , Ms^Xm       , _s          , _s          , _s          , _s          , _s          
Md^Xm       , Gd          , Rp          , Rp          , Ww^Ewl      , Ce          , Gd          , Ds          , Ds          , Ww          , Ww          , Gd^Fdf      , Gs^Es       , Gd          , Ww          , Rb          , Rb          , Sm          , Rp          , Uh          , Re          , Re          , Uue^Em      , Xuce        , _s          , _s          , _s          , _s          , _s          
Md^Xm       , Gll^Es      , Rr^Vhc      , Ww          , Ww^Ewl      , Gd^Es       , Gd          , Rd^Tf       , Wwf         , Wwf         , Gs          , Gs^Es       , Ww          , Ww^Ewl      , Ww          , Gll^Fp      , Rp          , Re^Vc       , Uue^Em      , Uue^Em      , Uue^Em      , Uue^Tf      , Xuce        , Xuce        , _s          , _s          , _s          , _s          , _s          
Md^Xm       , Hhd         , Rp          , Ww^Ewl      , Gd          , Gd          , Gd          , Ww          , Ww          , Wwf         , Ds          , Gd          , Ds          , Ww          , Rp          , Rp          , Hhd^Fmw     , Rb^Tf       , Uh          , Uue         , Xuce        , Xuce        , _s          , _s          , _s          , _s          , _s          , _s          , _s          
Md^Xm       , Wwf         , Rp          , Gd^Fdw      , Gll^Gvs     , Gll^Gvs     , Hhd         , Gs          , Ww          , Ds          , Ce          , Gd^Fdf      , Ke          , Rp          , Gs          , Sm          , Sm          , Md          , Md^Xm       , Xuce        , _s          , _s          , _s          , _s          , _s          , _s          , _s          , _s          , _s          
Md^Xm       , Wwf         , Rp          , Gll^Gvs     , Gll^Gvs     , Gll^Gvs     , Gs          , Gs^Es       , Ww          , Ww          , Ket         , Ce          , Gs          , Gs^Es       , Gs          , Ds          , Md^Xm       , Md^Xm       , _s          , _s          , _s          , _s          , _s          , _s          , _s          , _s          , _s          , _s          , _s          
Md^Xm       , Wwf         , Ch          , Gll^Gvs     , Gll^Gvs     , Gs^Wm       , Gs^Es       , Gs          , Wo^Bw/      , Wo^Bw/      , Gs          , Gd          , Hhd^Fmf     , Gs          , Md^Xm       , Md^Xm       , _s          , _s          , _s          , _s          , _s          , _s          , _s          , _s          , _s          , _s          , _s          , _s          , _s          
Md^Xm       , Ch          , 2 Kh        , Rp          , Rp          , Rp          , Rp          , Rr^Vhc      , Ww          , Ww          , Ds^Tf       , Gs          , Md^Xm       , Md^Xm       , _s          , _s          , _s          , _s          , _s          , _s          , _s          , _s          , _s          , _s          , _s          , _s          , _s          , _s          , _s          
Md^Xm       , Ch          , Ch          , Ch          , Hhd         , Gll^Fp      , Rb^Tf       , Hhd^Fmw     , Ww          , Ww          , Md^Xm       , Md^Xm       , _s          , _s          , _s          , _s          , _s          , _s          , _s          , _s          , _s          , _s          , _s          , _s          , _s          , _s          , _s          , _s          , _s          
Md^Xm       , Md^Xm       , Md^Xm       , Md^Xm       , Md^Xm       , Md^Xm       , Md^Xm       , Md^Xm       , Md^Xm       , Md^Xm       , _s          , _s          , _s          , _s          , _s          , _s          , _s          , _s          , _s          , _s          , _s          , _s          , _s          , _s          , _s          , _s          , _s          , _s          , _s          
