border_size=1
usage=map

Xu          , Xu          , Xu          , Xu          , Xu          , Xu          , Xu          , Xu          , Xu          , Xu          , Xu          , Xu          , Xu          , Xu          , Xu          , Xu          , Xu          , Xu          , Xu          , Xu          , Xu          , Xu          , Xu          , Xu          , Xu          , Xu          , Xu          , Xu          , Xu          , Xu          , Xu          , Xu          , Xu          , Xu          , Xu          , Xu          , Xu          , Xu          , Xu          , Xu          , Xu          , Xu          , Xu          , Xu          , Xu          , Xu          
Xu          , Xu          , Xu          , Xu          , Xu          , Xu          , Xu          , Xu          , Xu          , Xu          , Xu          , Xu          , Xu          , Xu          , Xu          , Xu          , Xu          , Xu          , Xu          , Xu          , Xu          , Xu          , Xu          , Xu          , Xu          , Xu          , Xu          , Xu          , Xu          , Xu          , Xu          , Xu          , Xu          , Xu          , Xu          , Xu          , Xu          , Xu          , Xu          , Xu          , Xu          , Xu          , Xu          , Xu          , Xu          , Xu          
Xu          , Xu          , Xu          , Xu          , Xu          , Xu          , Xu          , Xu          , Xu          , Xu          , Xu          , Xu          , Xu          , Xu          , Xu          , Xu          , Xu          , Xu          , Xu          , Xu          , Xu          , Xu          , Xu          , Xu          , Xu          , Xu          , Xu          , Xu          , Xu          , Xu          , Xu          , Xu          , Xu          , Xu          , Xu          , Xu          , Xu          , Xu          , Xu          , Xu          , Xu          , Xu          , Xu          , Xu          , Xu          , Xu          
Xu          , Xu          , Xu          , Xu          , Xu          , Xu          , Xu          , Xu          , Xu          , Xu          , Xu          , Xu          , Xu          , Xu          , Xu          , Xu          , Xu          , Xu          , Xu          , Xu          , Xu          , Xu          , Xu          , Xu          , Xu          , Xu          , Xu          , Xu          , Xu          , Xu          , Xu          , Xu          , Xu          , Xu          , Xu          , Xu          , Xu          , Xu          , Xu          , Xu          , Xu          , Xu          , Xu          , Xu          , Xu          , Xu          
Xu          , Xu          , Xu          , Xu          , Xu          , Xu          , Xu          , Xu          , Xu          , Xu          , Xu          , Xu          , Xu          , Xu          , Xu          , Xu          , Xu          , Xu          , Xu          , Xu          , Aa^Fda      , Xu          , Aa^Fda      , Xu          , Aa^Fda      , Xu          , Xu          , Xu          , Xu          , Xu          , Xu          , Xu          , Xu          , Xu          , Xu          , Xu          , Xu          , Xu          , Xu          , Xu          , Xu          , Xu          , Xu          , Xu          , Xu          , Xu          
Xu          , Xu          , Xu          , Xu          , Xu          , Xu          , Xu          , Xu          , Xu          , Xu          , Xu          , Xu          , Xu          , Xu          , Xu          , Xu          , Aa^Fpa      , Aa^Fpa      , Aa^Fpa      , Aa^Fda      , Aa^Vea      , Aa^Fda      , Aa^Fda      , Aa^Fda      , Aa^Voa      , Aa^Fda      , Aa^Fpa      , Aa^Fpa      , Aa^Fpa      , Xu          , Xu          , Xu          , Xu          , Xu          , Xu          , Xu          , Xu          , Xu          , Xu          , Xu          , Xu          , Xu          , Xu          , Xu          , Xu          , Xu          
Xu          , Xu          , Xu          , Xu          , Xu          , Xu          , Xu          , Xu          , Xu          , Xu          , Xu          , Xu          , Xu          , Xu          , Ds          , Aa          , Aa          , Aa          , Rrc         , Rrc         , Rrc         , Rrc         , Rrc         , Rrc         , Rrc         , Rrc         , Rrc         , Aa          , Aa^Fpa      , Aa          , Ds          , Xu          , Xu          , Xu          , Xu          , Xu          , Xu          , Xu          , Xu          , Xu          , Xu          , Xu          , Xu          , Xu          , Xu          , Xu          
Xu          , Xu          , Xu          , Xu          , Xu          , Xu          , Xu          , Xu          , Xu          , Xu          , Xu          , Xu          , Ds          , Wog         , Ce          , Aa          , Rrc         , Rrc         , Aa          , Aa          , Rrc         , Aa          , Ce          , Aa          , Rrc         , Aa          , Aa          , Rrc         , Rrc         , Aa          , Ce          , Wog         , Ds          , Xu          , Xu          , Xu          , Xu          , Xu          , Xu          , Xu          , Xu          , Xu          , Xu          , Xu          , Xu          , Xu          
Xu          , Xu          , Xu          , Xu          , Xu          , Xu          , Xu          , Xu          , Xu          , Xu          , Gg          , Gg          , Ds          , Wog         , Wog^Bw/     , Rd          , Ce          , Ds          , Ds          , Ds          , Ce          , Rrc         , Ce          , Rrc         , Ce          , Ds          , Ds          , Ds          , Ce          , Rd          , Wog^Bw\     , Wog         , Ds          , Gd          , Mm^Xm       , Xu          , Xu          , Xu          , Xu          , Xu          , Xu          , Xu          , Xu          , Xu          , Xu          , Xu          
Xu          , Xu          , Xu          , Xu          , Xu          , Xu          , Xu          , Xu          , Xu          , Xu          , Gs^Fds      , Gg^Efm      , Rrc         , Rd          , Ds          , Wog         , Wog         , Wog         , Wwg         , Wog         , Ce          , Gg          , 1 Ke        , Gg          , Ce          , Wog         , Wwg         , Wog         , Wog         , Wog         , Ds          , Rd          , Rrc         , Gd          , Gd          , Xu          , Xu          , Xu          , Xu          , Xu          , Xu          , Xu          , Xu          , Xu          , Xu          , Xu          
Xu          , Xu          , Xu          , Xu          , Xu          , Xu          , Xu          , Xu          , Ww^Ewf      , Gs^Fds      , Hh^Fds      , Gg          , Rrc         , Gg          , Ds          , Wog         , Ds          , Ds          , Ds          , Ds          , Ce          , Ce          , Gd          , Ce          , Ce          , Ds          , Ds          , Ds          , Ds          , Wog         , Ds          , Gs          , Gs          , Rp^Vhcr     , Gd^Fdf      , Gd          , Mm^Xm       , Xu          , Xu          , Xu          , Xu          , Xu          , Xu          , Xu          , Xu          , Xu          
Xu          , Xu          , Xu          , Xu          , Xu          , Xu          , Xu          , Xu          , Wwg         , Wwg         , Gg          , Gg          , Rp^Vhcr     , Gg^Efm      , Gg          , Wwf         , Gg          , Dd^Vdt      , Rrc         , Rrc         , Rrc         , Gd          , Gd          , Gd^Em       , Gs^Fds      , Gd          , Gd          , Gd          , Wwf         , Wwf         , Wwf         , Wwf         , Wwf         , Gs          , Gg          , Gd          , Hhd^Fdf     , Xu          , Xu          , Xu          , Xu          , Xu          , Xu          , Xu          , Xu          , Xu          
Xu          , Xu          , Xu          , Xu          , Xu          , Xu          , Wog         , Wog         , Wwg         , Wwrg        , Wwf         , Gg          , Gg          , Hh^Fms      , Md          , Wwf         , Gs^Fds      , Rrc         , Gs          , Gg          , Hh          , Gd^Vhr      , Gd          , Gd          , Gd          , Gd          , Wwf         , Wwf         , Gd          , Gd          , Wwf         , Gs^Fds      , Gg^Efm      , Wwg         , Wwg         , Gd          , Rd          , Mm^Xm       , Mm^Xm       , Xu          , Xu          , Xu          , Xu          , Xu          , Xu          , Xu          
Xu          , Xu          , Xu          , Xu          , Xu          , Wog         , Wwg         , Wwg         , Wwg         , Wwg         , Wwf         , Wwf         , Wwf         , Gg          , Wwf         , Wwf         , Gg          , Cv          , Gg          , Gg^Efm      , Gg          , Rrc         , Gd          , Gd          , Gd^Gvs      , Gd^Gvs      , Wwf         , Mm^Xm       , Mm^Xm       , Hhd         , Wwf         , Gg^Efm      , Gg^Efm      , Gg^Efm      , Wwf         , Rd          , Rd          , Uh          , Mm^Xm       , Mm^Xm       , Xu          , Xu          , Xu          , Xu          , Xu          , Xu          
Xu          , Xu          , Xu          , Xu          , Wwg         , Wog         , Wwf         , Wwf         , Gg^Efm      , Gg^Efm      , Gg          , Gg^Efm      , Gd          , Wwf         , Gd          , Gd          , Gd          , Gg          , Gd          , Hh^Fds      , Gs          , Rrc         , Hhd         , Mm^Xm       , Wog         , Wwf         , Gd          , Wwf         , Wwf         , Mm^Xm       , Uh          , Wwg         , Wwf         , Gg^Efm      , Wwf         , Dd          , Rd          , Hd          , Hd          , Mm^Xm       , Md          , Xu          , Xu          , Xu          , Xu          , Xu          
Xu          , Xu          , Xu          , Xu          , Hhd         , Wwg         , Wwf         , Wwg         , Ww^Vm       , Gg          , Gd          , Mm^Xm       , Gd          , Wwf         , Gd          , Gd          , Gd          , Gd          , Mm^Xm       , Ds          , Gd          , Rrc         , Rrc         , Mm^Xm       , Mm^Xm       , Wwf         , Gd          , Ds          , Wwf         , Mm^Xm       , Gg          , Gg          , Wwf         , Gs^Fds      , Wwf         , Rd          , Dd          , Rd          , Gd          , Dd          , Hhd         , Xu          , Xu          , Xu          , Xu          , Xu          
Xu          , Xu          , Xu          , Xu          , Md          , Hhd         , Gg          , Ww^Ewl      , Gd          , Gg          , Gd          , Gd          , Ds          , Wwf         , Gd          , Hh          , Gs          , Gd          , Mm^Xm       , Wwg         , Gs          , Gs          , Gg^Ve       , Gd          , Gd          , Wwf         , Gd          , Gd          , Rb          , Wwf         , Wwf         , Gg          , Wwf         , Wwf         , Gd          , Ke          , Ce          , Dd          , Gd          , Gd          , Wwf         , Xu          , Xu          , Xu          , Xu          , Xu          
Xu          , Xu          , Xu          , Uh          , Md          , Hhd         , Rd          , Gd          , Gd          , Hhd         , Gd          , Gd          , Wwf         , Wwf         , Wwf         , Gs          , Gg          , Mm^Xm       , Mm^Xm       , Wwf         , Wwf         , Wwf         , Wwf         , Wwf         , Wwf         , Wwf         , Gd          , Ce          , Gll         , Sm          , Rb          , Wwf         , Gs^Vc       , Gd          , Mm^Xm       , Gd          , Wwf         , Wwf         , Wwf         , Wwf         , Gg          , Wwg         , Xu          , Xu          , Xu          , Xu          
Xu          , Xu          , Xu          , Uh          , Rd          , Rd          , Gd          , Rd          , Rr^Vhc      , Gd          , Gd          , Wwf         , Sm          , Sm^Em       , Hhd         , Wwf         , Wwf         , Mm^Xm       , Mm^Xm       , Wwf         , Gg          , Wwf         , Gg          , Gg          , Gs          , Gd          , Gd          , Wwg         , Rb          , Rb          , Wwg         , Wwf         , Gd          , Gd          , Gll         , Wwf         , Gg          , Gg          , Gs          , Gs          , Gs          , Wwf         , Xu          , Xu          , Xu          , Xu          
Xu          , Xu          , Xu          , Uh          , Rd          , Dd          , Rd          , Rd          , Gd          , Gd          , Md^Xm       , Wwf         , Rb          , Rb          , Gd          , Gd^Vhr      , Gd          , Wwf         , Wwf         , Wwf         , Wwf         , Wwrg        , Wwf         , Wwf         , Wwf         , Ds          , Re          , Rb          , Sm          , Rb          , Rb          , Wwf         , Gd          , Gd          , Wwf         , Wwf         , Gs          , Gs          , Gd^Fdf      , Gd^Fdf      , Gd          , Md          , Xu          , Xu          , Xu          , Xu          
Xu          , Xu          , Xu          , Dd          , Dd          , Rd          , Dd          , Dd          , Rb          , Gd          , Md^Xm       , Wwg         , Gg          , Gd          , Dd          , Gd          , Gd          , Wwf         , Wwf         , Gg          , Gg          , Gg          , Gs^Fds      , Ds          , Wwf         , Gs          , Re          , Hhd         , Rb          , Rb          , Wwf         , Wwf         , Wwf         , Wwf         , Dd          , Dd          , Gs          , Gs          , Gs          , Chr         , Gs          , Gd          , Xu          , Xu          , Xu          , Xu          
Xu          , Xu          , Xu          , Hd          , Cdr         , Rd          , Rd          , Dd          , Rb          , Gd          , Mm^Xm       , Md^Xm       , Gs^Ft       , Gg          , Gd          , Gd          , Gd          , Gll^Fmf     , Wwf         , Wwf         , Hh          , Hh          , Xu          , Gs^Fds      , Gg          , Wwf         , Wwf         , Re          , Re          , Rb          , Wwf         , Gd          , Wwf         , Gd          , Cud         , Hhd^Fdf     , Gs          , Gs          , Gs          , Gs          , Gg          , Gd          , Xu          , Xu          , Xu          , Xu          
Xu          , Xu          , Xu          , Hd          , Dd          , Dd          , Rd          , Rb          , Hhd         , Md^Xm       , Md^Xm       , Md^Xm       , Gg          , Gs          , Wwf         , Wwf         , Wwf         , Wwf         , Wwf         , Wwf         , Xu          , Xu          , Xu          , Xu          , Xu          , Mm          , Gs^Fds      , Wwf         , Gg          , Ds          , Wwf         , Gd^Fdf      , Wwf         , Gd          , Kud         , Gg          , Gg          , Gs^Fds      , Gs^Dr       , Gs          , Gd          , Dd          , Xu          , Xu          , Xu          , Xu          
Xu          , Xu          , Xu          , Md          , Dd          , Dd          , Rd          , Gd          , Gs          , Gs^Ft       , Md          , Gg          , Wwf         , Wwf         , Gg          , Hhd         , Wwf         , Ds          , Wwf         , Xu          , Ql          , Ql          , Qxu         , Ql          , Ql          , Xu          , Gg          , Wwf         , Wwf         , Wwf         , Gd          , Wwf         , Gs          , Gs^Fds      , Mm^Xm       , Gg          , Gg          , Gs          , Gs          , Wwg         , Dd          , Hd          , Xu          , Xu          , Xu          , Xu          
Xu          , Xu          , Xu          , Wog         , Wwf         , Gg          , Rd          , Gs          , Wwf         , Gs^Ft       , Wwf         , Wwf         , Hh^Fds      , Gg          , Gg          , Gs          , Ds          , Wwf         , Md          , Xu          , Ql          , Qxu         , Qxu         , Qxu         , Ql          , Xu          , Md          , Wwf         , Gd          , Gd          , Gd          , Wwf         , Hhd         , Mm^Xm       , Mm^Xm       , Mm^Xm       , Hh^Fds      , Gs          , Gs          , Gd          , Gd          , Dd          , Xu          , Xu          , Xu          , Xu          
Xu          , Xu          , Xu          , Ss          , Ss          , Wwf         , Wwf         , Wwf         , Hh^Fp       , Wwf         , Gll^Fp      , Gg          , Gg          , Gg          , Gg          , Gg          , Gll         , Wwf         , Wwf         , Xu          , Ql          , Qxu         , Qxu         , Qxu         , Ql          , Xu          , Wwf         , Wwf         , Wwf         , Gd^Fdf      , Wwf         , Wwf         , Gs          , Gg          , Mm^Xm       , Mm^Xm       , Hh          , Gs          , Gd          , Gd          , Md          , Hhd         , Xu          , Xu          , Xu          , Xu          
Xu          , Xu          , Xu          , Ss          , Mm          , Gll         , Wwf         , Rd          , Rd          , Gd          , Gd          , Cud         , Gs          , Gs          , Gs          , Gll         , Gd          , Ds          , Wwf         , Xu          , Xu          , Ql          , Xu          , Ql          , Xu          , Xu          , Wwf         , Ds          , Gd          , Wwf         , Gd          , Gs          , Gs          , Gs^Ft       , Mm^Xm       , Uh          , Rr          , Gd          , Gd          , Hhd         , Wog         , Hhd         , Xu          , Xu          , Xu          , Xu          
Xu          , Xu          , Xu          , Gll         , Ss          , Ss          , Wwf         , Gs          , Gll^Fp      , Rd          , Hh^Fds      , Kud         , Gs          , Sm          , Gd          , Hhd^Fmf     , Sm          , Ds          , Ds          , Wwf         , Hhd         , Xu          , Xu          , Xu          , Wog         , Wwf         , Gd          , Gd          , Gd          , Wwf         , Gd          , Gd          , Gll         , Chr         , Gll         , Gd          , Gd          , Rr          , Rr          , Wwg         , Wwg         , Wwf         , Xu          , Xu          , Xu          , Xu          
Xu          , Xu          , Xu          , Wog         , Gll         , Chr         , Wwf         , Chr         , Gd          , Rr          , Rr          , Gs^Fds      , Gd          , Mm^Xm       , Gd          , Gd          , Gll         , Gll         , Gll         , Wwf         , Wwf         , Wwf         , Wwf         , Wwf         , Wwf         , Wwf         , Wwf         , Gd          , Wwf         , Wwf         , Gd          , Gll         , Wwf         , Ss          , Ss          , Gll^Gvs     , Gll^Gvs     , Hhd         , Hhd         , Rr          , Dd          , Dd          , Xu          , Xu          , Xu          , Xu          
Xu          , Xu          , Xu          , Ww^Ewl      , Wwf         , Ss          , Wwf         , Gg          , Gg          , Gg          , Gg^Gvs      , Rr          , Rr          , Gd          , Gd          , Wwg         , Gd          , Gd          , Gll         , Wwg         , Chr         , Gd          , Ds          , Ds          , Gd          , Ds          , Gd          , Wwf         , Gd          , Gd          , Gd          , Gll         , Wwf         , Wwg         , Ss          , Wwg         , Gll^Em      , Gd          , Gd          , Rr          , Cdr         , Dd          , Xu          , Xu          , Xu          , Xu          
Xu          , Xu          , Xu          , Ss          , Ss          , Wwf         , Mm          , Wwf         , Wwf         , Wwf         , Wwf         , Gg^Gvs      , Rr          , Gd          , Gd          , Gd          , Ds          , Ds          , Wwf         , Wwg         , Gd          , Gd          , Gd          , Gd^Dr       , Gd          , Mm^Xm       , Gd^Fdf      , Gd          , Gd          , Gd^Vhr      , Gd          , Gll         , Gll         , Ss          , Ss^Bsb/     , Gll         , Wwf         , Gll^Gvs     , Gd          , Rr          , Gd          , Dd          , Xu          , Xu          , Xu          , Xu          
Xu          , Xu          , Xu          , Gll         , Wwg         , Wwf         , Gg          , Gd          , Gg          , Wwf         , Wwf         , Rr          , Gs^Vc       , Gg          , Gg          , Gll         , Wwf         , Wwrg        , Wwf         , Wwf         , Wwf         , Gd          , Wwf         , Gd          , Gd          , Mm^Xm       , Mm^Xm       , Gd          , Gd          , Gd          , Gd          , Mm^Xm       , Gd          , Gll         , Wwf         , Ss          , Ss          , Re^Vct      , Rp          , Rr          , Gd          , Mm^Xm       , Xu          , Xu          , Xu          , Xu          
Xu          , Xu          , Xu          , Wwg         , Wwg         , Wwf         , Gg          , Gd          , Co          , Ko          , Wwf         , Gg          , Gg          , Gs^Ft       , Gg          , Wwg         , Hd          , Ds          , Gd          , Gs^Fds      , Gg^Gvs      , Wwf         , Gg^Ve       , Wwf         , Wwg         , Ds          , Ds          , Ds          , Wwf         , Gd          , Ss          , Gd          , Hhd         , Wwf         , Ww^Vm       , Ss          , Ww^Ewf      , Rb          , Rp          , Gd          , Mm^Xm       , Mm^Xm       , Xu          , Xu          , Xu          , Xu          
Xu          , Xu          , Xu          , Xu          , Wwg         , Gg          , Gll         , Gll         , Wwf         , Wwf         , Wwf         , Gg          , Gg          , Gg          , Wwf         , Wwrg        , Gd          , Wwg         , Gd          , Gd          , Gd          , Gd          , Rr          , Gd          , Sm          , Wwf         , Wwf         , Wwf         , Ds          , Wwf         , Wwf         , Wwf         , Wwf         , Wwf         , Wwf         , Wwg         , Wwg^Bsb/    , Rp          , Wwg         , Wwg         , Mm^Xm       , Xu          , Xu          , Xu          , Xu          , Xu          
Xu          , Xu          , Xu          , Xu          , Wwg         , Wwrg        , Wwf         , Wwf         , Sm          , Rb          , Rb          , Wwf         , Wwg         , Wwg         , Wwf         , Gs^Fds      , Gs^Fds      , Gd          , Gs^Fds      , Hh          , Gd          , Gd          , Rr          , Gd          , Uh          , Sm^Emf      , Gll         , Ds          , Hhd^Fdf     , Ds          , Sm          , Gd          , Gd          , Wwf         , Rr          , Rr          , Gd          , Wog         , Mm^Xm       , Mm^Xm       , Mm^Xm       , Xu          , Xu          , Xu          , Xu          , Xu          
Xu          , Xu          , Xu          , Xu          , Xu          , Wwg         , Wwg         , Sm          , Rb          , Rb          , Gll         , Gll         , Wwf         , Wwf         , Gg          , Gs^Fds      , Mm^Xm       , Mm^Xm       , Hh          , Gs^Fds      , Gd          , Gd          , Rr          , Gd          , Gd          , Gd^Fdf      , Gd          , Gd^Fdf      , Gd          , Gd^Fdf      , Gll         , Gd          , Wwf         , Wwf         , Rr          , Gd          , Dd          , Ds          , Mm^Xm       , Mm^Xm       , Xu          , Xu          , Xu          , Xu          , Xu          , Xu          
Xu          , Xu          , Xu          , Xu          , Xu          , Wog         , Wwg         , Sm          , Sm          , Gll         , Gd          , Gg^Gvs      , Wwg         , Wwf         , Gd          , Md          , Mm^Xm       , Gd          , Gd          , Md          , Gd          , Gd          , Rr          , Gd          , Gll         , Gd          , Gd          , Gll         , Gd          , Gd          , Hhd         , Gd          , Wwf         , Rr          , Gd          , Gd^Fdf      , Mm^Xm       , Mm^Xm       , Mm^Xm       , Mm^Xm       , Xu          , Xu          , Xu          , Xu          , Xu          , Xu          
Xu          , Xu          , Xu          , Xu          , Xu          , Xu          , Xu          , Wwg         , Wwf         , Gll         , Gd^Fdf      , Gd          , Gs          , Wwg         , Wwf         , Gd          , Gd          , Gd          , Gs          , Gd          , Gs          , Gd          , Rr          , Gd^Vhr      , Gs^Fds      , Gd          , Gs          , Gd          , Gd          , Gd          , Wwf         , Wwf         , Gd^Vhr      , Rr          , Gd          , Gd          , Gd          , Mm^Xm       , Xu          , Xu          , Xu          , Xu          , Xu          , Xu          , Xu          , Xu          
Xu          , Xu          , Xu          , Xu          , Xu          , Xu          , Xu          , Xu          , Wwf         , Gd          , Gd          , Gd          , Rr^Vhc      , Gd^Fdf      , Ds          , Wwf         , Ds          , Gd          , Ds          , Gs          , Co          , Gd          , Rr          , Gd          , Co          , Gs          , Ds          , Dd^Vdt      , Ds          , Ds          , Wwf         , Gll         , Rr          , Rr          , Gd^Fdf      , Gd          , Gd          , Xu          , Xu          , Xu          , Xu          , Xu          , Xu          , Xu          , Xu          , Xu          
Xu          , Xu          , Xu          , Xu          , Xu          , Xu          , Xu          , Xu          , Xu          , Wwf         , Chw         , Gd          , Gd          , Gd          , Ds          , Wog         , Wog         , Ds          , Wwg         , Ds          , Co          , Co          , 2 Ko        , Co          , Co          , Ds          , Wwg         , Ds          , Wog         , Wog         , Ds          , Gd          , Rr          , Gd          , Gd          , Hhd^Fdf     , Xu          , Xu          , Xu          , Xu          , Xu          , Xu          , Xu          , Xu          , Xu          , Xu          
Xu          , Xu          , Xu          , Xu          , Xu          , Xu          , Xu          , Xu          , Xu          , Wwg         , Wwf         , Gd          , Ds          , Rd          , Wog^Bw\r    , Wog         , Co          , Wog         , Ds          , Wog         , Co          , Gd          , Co          , Gd          , Co          , Wog         , Ds          , Wog         , Co          , Wog         , Wog^Bw/r    , Rd          , Ds          , Gd          , Gd^Fdf      , Xu          , Xu          , Xu          , Xu          , Xu          , Xu          , Xu          , Xu          , Xu          , Xu          , Xu          
Xu          , Xu          , Xu          , Xu          , Xu          , Xu          , Xu          , Xu          , Xu          , Xu          , Xu          , Wwf         , Wwg         , Wog         , Co          , Rd          , Gd          , Ds          , Gd          , Ds          , Gd          , Gd          , Co          , Gd          , Gd          , Ds          , Gd          , Ds          , Gd          , Rd          , Co          , Wog         , Ds          , Gd^Fdf      , Xu          , Xu          , Xu          , Xu          , Xu          , Xu          , Xu          , Xu          , Xu          , Xu          , Xu          , Xu          
Xu          , Xu          , Xu          , Xu          , Xu          , Xu          , Xu          , Xu          , Xu          , Xu          , Xu          , Xu          , Xu          , Wog         , Ds          , Gd          , Gd          , Gd          , Gd          , Gd          , Gd          , Gd          , Gd          , Gd          , Gd          , Gd          , Gd          , Gd          , Gd          , Gd          , Ds          , Wog         , Xu          , Xu          , Xu          , Xu          , Xu          , Xu          , Xu          , Xu          , Xu          , Xu          , Xu          , Xu          , Xu          , Xu          
Xu          , Xu          , Xu          , Xu          , Xu          , Xu          , Xu          , Xu          , Xu          , Xu          , Xu          , Xu          , Xu          , Xu          , Xu          , Mm^Xm       , Mm^Xm       , Mm^Xm       , Gd          , Gd          , Gd^Vhr      , Gd          , Gll^Fmf     , Gd          , Gd^Vhr      , Gd          , Gd          , Gd          , Mm^Xm       , Mm^Xm       , Xu          , Xu          , Xu          , Xu          , Xu          , Xu          , Xu          , Xu          , Xu          , Xu          , Xu          , Xu          , Xu          , Xu          , Xu          , Xu          
Xu          , Xu          , Xu          , Xu          , Xu          , Xu          , Xu          , Xu          , Xu          , Xu          , Xu          , Xu          , Xu          , Xu          , Xu          , Xu          , Xu          , Mm^Xm       , Xu          , Gll^Fmf     , Gll^Fmf     , Gll^Fmf     , Gll^Fmf     , Gll^Fmf     , Gll^Fmf     , Gll^Fmf     , Xu          , Mm^Xm       , Xu          , Xu          , Xu          , Xu          , Xu          , Xu          , Xu          , Xu          , Xu          , Xu          , Xu          , Xu          , Xu          , Xu          , Xu          , Xu          , Xu          , Xu          
Xu          , Xu          , Xu          , Xu          , Xu          , Xu          , Xu          , Xu          , Xu          , Xu          , Xu          , Xu          , Xu          , Xu          , Xu          , Xu          , Xu          , Xu          , Xu          , Xu          , Xu          , Xu          , Xu          , Xu          , Xu          , Xu          , Xu          , Xu          , Xu          , Xu          , Xu          , Xu          , Xu          , Xu          , Xu          , Xu          , Xu          , Xu          , Xu          , Xu          , Xu          , Xu          , Xu          , Xu          , Xu          , Xu          
Xu          , Xu          , Xu          , Xu          , Xu          , Xu          , Xu          , Xu          , Xu          , Xu          , Xu          , Xu          , Xu          , Xu          , Xu          , Xu          , Xu          , Xu          , Xu          , Xu          , Xu          , Xu          , Xu          , Xu          , Xu          , Xu          , Xu          , Xu          , Xu          , Xu          , Xu          , Xu          , Xu          , Xu          , Xu          , Xu          , Xu          , Xu          , Xu          , Xu          , Xu          , Xu          , Xu          , Xu          , Xu          , Xu          
Xu          , Xu          , Xu          , Xu          , Xu          , Xu          , Xu          , Xu          , Xu          , Xu          , Xu          , Xu          , Xu          , Xu          , Xu          , Xu          , Xu          , Xu          , Xu          , Xu          , Xu          , Xu          , Xu          , Xu          , Xu          , Xu          , Xu          , Xu          , Xu          , Xu          , Xu          , Xu          , Xu          , Xu          , Xu          , Xu          , Xu          , Xu          , Xu          , Xu          , Xu          , Xu          , Xu          , Xu          , Xu          , Xu          
Xu          , Xu          , Xu          , Xu          , Xu          , Xu          , Xu          , Xu          , Xu          , Xu          , Xu          , Xu          , Xu          , Xu          , Xu          , Xu          , Xu          , Xu          , Xu          , Xu          , Xu          , Xu          , Xu          , Xu          , Xu          , Xu          , Xu          , Xu          , Xu          , Xu          , Xu          , Xu          , Xu          , Xu          , Xu          , Xu          , Xu          , Xu          , Xu          , Xu          , Xu          , Xu          , Xu          , Xu          , Xu          , Xu          
Xu          , Xu          , Xu          , Xu          , Xu          , Xu          , Xu          , Xu          , Xu          , Xu          , Xu          , Xu          , Xu          , Xu          , Xu          , Xu          , Xu          , Xu          , Xu          , Xu          , Xu          , Xu          , Xu          , Xu          , Xu          , Xu          , Xu          , Xu          , Xu          , Xu          , Xu          , Xu          , Xu          , Xu          , Xu          , Xu          , Xu          , Xu          , Xu          , Xu          , Xu          , Xu          , Xu          , Xu          , Xu          , Xu          
