Wog^Xo, Wog^Xo, Wog^Xo, Wog^Xo, Wog^Xo, Wog^Xo, Wog^Xo, Wog^Xo, Wog^Xo, Wog^Xo, Ms^Xm, Ai, Ai, Aa^Fda, Aa, Ai, Ai, Ai, Ai, Ai, Ai, Ai, Ai, Ai, Ai, Ai, Ms, Ha^Fpa, Ha^Fpa, Aa, Ms^Xm, Aa, Ms^Xm, Aa, Ms^Xm, Ms^Xm, Ms^Xm, Ms^Xm
Wog^Xo, Wog^Xo, Wog^Xo, Wog^Xo, Wog^Xo, Wog^Xo, Wog^Xo, Wog^Xo, Wog^Xo, Wog^Xo, Wog^Xo, Ai, Aa, Aa, Rb, Ha, Aa^Fda, Ai, Ai, Ai, Aa^Fda, Ms, Aa, Ai, Aa^Fda, Aa, Re, Re, Rb, Rb, Rb, Ms^Xm, Ms^Xm, Ms^Xm, Ms^Xm, Ms^Xm, Ms^Xm, Ms^Xm
Wog^Xo, Wog^Xo, Wog^Xo, Wog^Xo, Wog^Xo, Wog^Xo, Wog^Xo, Wog^Xo, Ai^Xo, Wog^Xo, Ms^Xm, Ai, Aa, Rb, Rb, Rb, Rb, Rb, Rb, Ai, Aa, Aa, Ha, Aa, Rb, Re, Rb, Rb, Re, Re, Re, Re, Re, Ms^Xm, Ms^Xm, Ms^Xm, Wwg^Bsb/, Wo^Bsb/
Ai^Xo, Wog^Xo, Wog^Xo, Wog^Xo, Wog^Xo, Ai^Xo, Wog^Xo, Ai^Xo, Ms^Xm, Wog^Xo, Ai, Ai, Aa, Rb, Cud, Kud, Cud, Rb, Rb, Aa^Vca, Kud, Aa^Fda, Rb, Rb, Kha, Rb, Rb, Rb, Rb, Aa^Fma, Aa, Ha^Fpa, Ai, Wwf, Wwg^Bsb/, Wwg^Bsb/, Ms^Xm, Ms^Xm
Ms^Xm, Wog^Xo, Ai^Xo, Ai^Xo, Ai^Xo, Wog^Xo, Ms^Xm, Wog^Xo, Aa, Wog^Bw|, 1 Kud, Aa, Rp, Rp, Cud, Rb, Rp, Cud, Cud, Cud, Rp, Cud, Rp, Rp, Rb, Cha, Ch, Ch, Rb, Rb, Wog, Ai, Wwg^Bsb/, Wwg^Bsb/, Hhd^Fdw, Gd, Gd, Ms^Xm
Aa, Wog^Xo, Ms^Xm, Wog^Xo, Ms^Xm, Wog^Xo, Rb, Rb, Cud, Cud, Wog^Bw\, Rp, Rb, Rb, Wwf, Rb, Aa^Vca, Rb, Wwf, Rb, Rb, Rp, Rb, Hhd^Fdw, Rb, Ch, Rb^Bsb\, Rb, Wwf, Wwg, Wwg^Bsb/, Wwg^Bsb/, Xu, Ai, Gd, Gd, Gd, Gd
Rb, Aa, Aa, Aa, Rb, Rb, Gll^Fp, Rb, Rb, Cud, Wwf, Rb, Rb, Hhd^Fdw, Rb, Aa^Bw/, Ha^Fpa, Rb, Rb, Rb^Es, Hhd^Fdw, Rp, Rp, Rb, Rb^Es, Ch, Wwf, Wwf^Bsb\, Ch^Bsb/, Wwg^Bsb/, Ur, Uu^Uf, Uu, Wwf, Gd^Fetd, Gd, Hhd, Gd
Rb, Rb, Hhd^Fdw, Rb, Rb, Gll^Fp, Rb, Rb, Rp, Rp, Rb, Wwf, Wwf, Wwf, Rb, Rb, Rb, Hhd, Wog, Rb^Es, Rp, Rb, Rp, Hhd, Wwf, Wwf, Wwg^Bsb/, Wwg^Bsb/, Ur, Ai, Ur, Ur, Ur, Wwf, Rb, Rb, Rb, Hhd
Uue, Rb, Rb, Rb, Rb, Rb, Rp, Rr^Vd, Rb, Rb, Rb^Efm, Wwg, Gd^Fetd, Wog, Ai, Wwf, Rb, Rb, Rp, Rp, Rb, Rr^Vd, Wog, Wwf, Wwg^Bsb/, Wwg^Bsb/, Ai, Uu^Vu, Rb, Ur, Uh, Rb^Em, Xu, Wwf^Bw\, Rr^Vd, Hhd^Fdw, Aa, Rb
Ai, Uue, Uue, Rb, Hhd^Fdw, Rb, Rp, Rb, Hhd, Rb, Rb, Wog, Rb, Ms, Rb^Efm, Ww, Wwf, Rp, Rb, Rb, Wwf^Dr, Wwf, Wwg^Bsb/, Wwg^Bsb/, Urb, Uh, Urb, Urb, Urb, Ur, Re, Uu, Wwf, Wog, Wwf, Rp, Ms, Md^Xm
Uu, Ai, Qxu^Bs/, Rb, Rb, Gd^Fetd, Rp, Rb, Gll^Fp, Rb, Rb, Wwf, Rp, Rb, Rb, Rb^Efm, Rr^Vd, Wwf, Ai, Wwf, Wwg^Bsb/, Wwg^Bsb/, Uh, Uu^Uf, Rb, Urb, Rb, Uu, Gd^Fetd, Urb, Urb, Wwf, Gs, Hh, Wwrg, Rp, Rp, Md^Xm
Rb, Rb, Uh, Ai, Urb, Rp, Rb, Rb, Ss^Vhs, Wwf, Ss^Bw|, Ss^Bw/, Aa, Rp, Rp, Rp, Ha, Rp, Wwf, Chw^Bsb|, Rb, Ai, Qxu^Bw/, Rb, Uu^Uf, Urb, Uh, Re, Rb, Rb^Efm, Ss^Vhs, Wwf^Bw\, Gs^Efm, Wwf, Gd^Fetd, Wwf, Rp, Rb
Uu, Rb, Urb, Urb, Gd^Fetd, Uu^Uf, Rb, Uh, Uu, Wwf, Rp, Gll^Fp, Rb, Rb, Wwf, Gll^Fp, Gll^Fp, Rp, Wwf, Wwg^Bsb|, Gll^Fp, Re, Ai^Bw\, Ai, Qxu^Bw/, Uu^Bw|, Rb, Rb, Rb, Wwf, Uh, Wwf^Bw|, Ss^Bw\, Gs, Rb, Rb, Rp, Rb
Rb, Aa, Urb, Rb, Uu, Rb, Rb^Em, Rb, Wwf, Wwf, Rp, Rb, Uu^Uf, Re, Re, Wwf, Rp, Rp, Wwg, Wwg^Bsb|, Rb, Wwf^Bw/, Rb, Ai^Bw\, Uue, Ai, Ha, Uu^Uf, Wwf, Rb, Wwf, Rb, Wwg^Bw|, Wog, Wwg, Rp, Xu, Xu
Uu, Uu, Rb, Urb, Rb, Cud, Wog, Wwf, Wwf, Uu, Qxu^Bw|, Rb, Gd^Fetd, Rb, Hhd^Fdw, Hhd, Rp, Wwf, Ai, Wwg^Bsb|, Wog, Ss^Bw|, Uu^Uf, Rb, Rb, Rb, Xu, Cud, Rb, Gd^Fetd, Rb, Ai, Urb, Gd^Fetd, Xu, Qxu^Bw|, Ai, Ai
Uh, Rb, Ai^Bw|, Urb, Urb, Rb, Wwf, Uue, Uu^Uf, Wwf, Rb, Uh, Re, Ai, Rb, Rp, Ai^Bw\, Rb, Chw^Bsb|, Chw^Bsb|, Rb, Ai^Bw\, Rp, Rb, Ai, Re, Uh, Rb, Wwf, Uu^Uf, Uue, Wwf, Rb, Urb, Urb, Ai^Bw|, Rb, Uh
Ai, Ai, Qxu^Bw|, Xu, Gd^Fetd, Urb, Ai, Rb, Gd^Fetd, Rb, Cud, Xu, Rb, Rb, Rb, Uu^Uf, Ss^Bw|, Wog, Wwg^Bsb|, Ai, Wwf, Rp, Hhd, Hhd^Fdw, Rb, Gd^Fetd, Rb, Qxu^Bw|, Uu, Wwf, Wwf, Wog, Cud, Rb, Urb, Rb, Uu, Uu
Xu, Xu, Rp, Wwg, Wog, Wwg^Bw|, Rb, Wwf, Rb, Wwf, Uu^Uf, Ha, Ai, Uue, Ai^Bw\, Rb, Wwf^Bw/, Rb, Wwg^Bsb|, Wwg, Rp, Rp, Wwf, Re, Re, Uu^Uf, Rb, Rp, Wwf, Wwf, Rb, Rb^Em, Rb, Uu, Rb, Urb, Aa, Rb
Rb, Rb, Rp, Rb, Gs, Ss^Bw\, Wwf^Bw|, Uh, Wwf, Rb, Rb, Rb, Uu^Bw|, Qxu^Bw/, Ai, Ai^Bw\, Re, Gll^Fp, Wwg^Bsb|, Wwf, Rp, Gll^Fp, Gll^Fp, Wwf, Rb, Rb, Gll^Fp, Rp, Wwf, Uu, Uh, Rb, Uu^Uf, Gd^Fetd, Urb, Urb, Rb, Uu
Rb, Rp, Wwf, Gd^Fetd, Wwf, Gs^Efm, Wwf^Bw\, Ss^Vhs, Rb^Efm, Rb, Re, Uh, Urb, Uu^Uf, Rb, Qxu^Bw/, Ai, Rb, Chw^Bsb|, Wwf, Rp, Ha, Rp, Rp, Rp, Aa, Ss^Bw/, Ss^Bw|, Wwf, Ss^Vhs, Rb, Rb, Rp, Urb, Ai, Uh, Rb, Rb
Md^Xm, Rp, Rp, Wwrg, Hh, Gs, Wwf, Urb, Urb, Gd^Fetd, Uu, Rb, Urb, Rb, Uu^Uf, Uh, Wwg^Bsb/, Wwg^Bsb/, Wwf, Ai, Wwf, Rr^Vd, Rb^Efm, Rb, Rb, Rp, Wwf, Rb, Rb, Gll^Fp, Rb, Rp, Gd^Fetd, Rb, Rb, Qxu^Bs/, Ai, Uu
Md^Xm, Ms, Rp, Wwf, Wog, Wwf, Uu, Re, Ur, Urb, Urb, Urb, Uh, Urb, Wwg^Bsb/, Wwg^Bsb/, Wwf, Wwf^Dr, Rb, Rb, Rp, Wwf, Ww, Rb^Efm, Ms, Rb, Wog, Rb, Rb, Hhd, Rb, Rp, Rb, Hhd^Fdw, Rb, Uue, Uue, Ai
Rb, Aa, Hhd^Fdw, Rr^Vd, Wwf^Bw\, Xu, Rb^Em, Uh, Ur, Rb, Uu^Vu, Ai, Wwg^Bsb/, Wwg^Bsb/, Wwf, Wog, Rr^Vd, Rb, Rp, Rp, Rb, Rb, Wwf, Ai, Wog, Gd^Fetd, Wwg, Rb^Efm, Rb, Rb, Rr^Vd, Rp, Rb, Rb, Rb, Rb, Rb, Uue
Hhd, Rb, Rb, Rb, Wwf, Ur, Ur, Ur, Ai, Ur, Wwg^Bsb/, Wwg^Bsb/, Wwf, Wwf, Hhd, Rp, Rb, Rp, Rb^Es, Wog, Hhd, Rb, Rb, Rb, Wwf, Wwf, Wwf, Rb, Rp, Rp, Rb, Rb, Gll^Fp, Rb, Rb, Hhd^Fdw, Rb, Rb
Rb, Hhd, Gd, Gd^Fetd, Wwf, Uu, Uu^Uf, Ur, Wwg^Bsb/, Ch^Bsb/, Wwf^Bsb\, Wwf, Ch, Rb^Es, Rb, Rp, Rp, Hhd^Fdw, Rb^Es, Rb, Rb, Ha^Fpa, Aa^Bw/, Rb, Hhd^Fdw, Rb, Rb, Wwf, Cud, Rb, Rb, Gll^Fp, Rb, Rb, Aa, Aa, Aa, Rb
Rb, Gd, Gd, Gd, Ai, Xu, Wwg^Bsb/, Wwg^Bsb/, Wwg, Wwf, Rb, Rb^Bsb\, Ch, Rb, Hhd^Fdw, Rb, Rp, Rb, Rb, Wwf, Rb, Aa^Vca, Rb, Wwf, Rb, Rb, Rp, Wog^Bw\, Cud, Cud, Rb, Rb, Wog^Xo, Ms^Xm, Wog^Xo, Ms^Xm, Wog^Xo, Aa
Ms^Xm, Gd, Gd, Hhd^Fdw, Wwg^Bsb/, Wwg^Bsb/, Ai, Wog, Rb, Rb, Ch, Ch, Cha, Rb, Rp, Rp, Cud, Rp, Cud, Cud, Cud, Rp, Rb, Cud, Rp, Rp, Aa, Kud, Wog^Bw|, Aa, Wog^Xo, Ms^Xm, Wog^Xo, Ai^Xo, Ai^Xo, Ai^Xo, Wog^Xo, Ms^Xm
Ms^Xm, Ms^Xm, Wwg^Bsb/, Wwg^Bsb/, Wwf, Ai, Ha^Fpa, Aa, Aa^Fma, Rb, Rb, Rb, Rb, 2 Kha, Rb, Rb, Aa^Fma, Kud, Aa^Vca, Rb, Rb, Cud, Kud, Cud, Rb, Aa, Ai, Ai, Wog^Xo, Ms^Xm, Ai^Xo, Wog^Xo, Ai^Xo, Wog^Xo, Wog^Xo, Wog^Xo, Wog^Xo, Ai^Xo
Wwg^Bsb/, Wwg^Bsb/, Ms^Xm, Ms^Xm, Ms^Xm, Re, Re, Re, Re, Re, Rb, Rb, Re, Rb, Aa, Ha, Aa, Aa, Ai, Rb, Rb, Rb, Rb, Rb, Rb, Aa, Ai, Ms^Xm, Wog^Xo, Ai^Xo, Wog^Xo, Wog^Xo, Wog^Xo, Wog^Xo, Wog^Xo, Wog^Xo, Wog^Xo, Wog^Xo
Ms^Xm, Ms^Xm, Ms^Xm, Ms^Xm, Ms^Xm, Ms^Xm, Ms^Xm, Rb, Rb, Rb, Re, Re, Aa, Aa^Fma, Ai, Aa, Ms, Aa^Fma, Ai, Ai, Ai, Aa^Fda, Ha, Rb, Aa, Aa, Ai, Wog^Xo, Wog^Xo, Wog^Xo, Wog^Xo, Wog^Xo, Wog^Xo, Wog^Xo, Wog^Xo, Wog^Xo, Wog^Xo, Wog^Xo
Ms^Xm, Ms^Xm, Ms^Xm, Ms^Xm, Ms^Xm, Ms^Xm, Ms^Xm, Ms^Xm, Ms^Xm, Ha^Fpa, Ha^Fpa, Ms, Ai, Ai, Ai, Ai, Ai, Ai, Ai, Ai, Ai, Ai, Ai, Aa, Aa^Fda, Ai, Ai, Ms^Xm, Wog^Xo, Wog^Xo, Wog^Xo, Wog^Xo, Wog^Xo, Wog^Xo, Wog^Xo, Wog^Xo, Wog^Xo, Wog^Xo
