Xv, Xv, Xv, Xv, Xv, Xv, Xv, Xv, Xv, Xv, Xv, Xv, Xv, Xv, Xv, Xv, Mm, Mm, Mm, Mm, Mm, Mm, Mm, Mm, Mm, Mm, Hh, Ss, Ss, Ss, Ss, Ss, Hh, Xv, Xv, Xv, Xv, Xv, Xv, Xv, Xv, Xv, Xv, Xv, Xv
Xv, Xv, Xv, Xv, Xv, Xv, Xv, Xv, Xv, Xv, Xv, Xv, Xv, Xv, Hh, Mm, Hh, Mm, Gg, Mm^Vhhr, Gg, Hh, Hh, Hh^Fp, Gg, Gg, Gg, Hh, Ss^Fdw, Ss, Ss, Hh, Gg, Gs, Hh, Xv, Xv, Xv, Xv, Xv, Xv, Xv, Xv, Xv, Xv
Xv, Xv, Xv, Xv, Xv, Xv, Xv, Xv, Xv, Xv, Xv, Xv, Hh, Gg, Gg, Hh, Gg, Gg, Gg, Rd, Gg, Gg, Gg, Gg, Hh^Vl, Gg, Gg, Ss, Ss, Ss, Gg, Gg, Gs, Gs, Gs^Fp, Ss, Ss, Xv, Xv, Xv, Xv, Xv, Xv, Xv, Xv
Xv, Xv, Xv, Xv, Xv, Xv, Xv, Xv, Xv, Xv, Gg, Gll^Fp, Gll^Fp, Gg, Gs, Gg, Gs, Gg, Chr, 1 Kh, Rd, Gg, Gs, Gg, Rd, Gs, Gg, Gg, Gg, Gg, Gg, Gg, Gg, Gg, Gs, Chs, Ss, Ss, Gs, Xv, Xv, Xv, Xv, Xv, Xv
Xv, Xv, Xv, Xv, Xv, Xv, Xv, Xv, Gs, Gg, Gs, Gg, Gg, Gg, Gg, Gg, Rd, Rd, Chw, Gg, Gg, Rd, Rd, Gg, Gg, Rd, Gg, Gg, Gg, Gg, Hh^Fp, Gg, Gg, Gg, Gs, Ss, Gg, Gs, Gs, Hh, Mm, Xv, Xv, Xv, Xv
Xv, Xv, Xv, Xv, Xv, Xv, Qxu^Xo, Hh, Gs, Gg, Gg, Gg, Hh, Gg, Rd, Chw, Gg, Gg, Chr, Wwf, Wwf, Gll^Fp, Gg, Rd, Hh, Gs^Uf, Gg, Gg, Kh, Gg, Mm, Ss, Rd, Rd, Rd, Gg, Gg, Gs, Gg, Hh^Fp, Mm, Ms^Xm, Xv, Xv, Xv
Xv, Xv, Xv, Xv, Xv, Qxu^Xo, Qxu^Xo, Hh^Fp, Hh^Fp, Gg, Gg, Gs, Mm, Rd, Gg, Gg, Gg, Gg, Rd, Gg, Gg, Wwf, Ds, Gg, Gg, Rd, Rd, Gg, Chr, Rd, Rd, Rd, Gs, Gg, Gg, Rd^Vl, Mm, Gg, Gg, Hh, Hh, Mm, Xv, Xv, Xv
Xv, Xv, Xv, Xv, Xv, Qxu^Xo, Uh, Qxu^Xo, Qxu^Bsb/, Gll, Gs, Gs, Rd, Rd, Gs, Gg, Gg, Gg, Rd, Gg, Hh, Wwf, Gg, Gg, Gg, Gg, Khw, Chr, Gg, Gs, Hh, Gg, Gs, Gs^Uf, Gg, Hh, Gs, Gs, Gs, Gg, Gs, Hh^Fdw, Xv, Xv, Xv
Xv, Xv, Xv, Xv, Xv, Ur^Uf, Ur, Uu, Uu, Qxu^Xo, Qxu^Bsb/, Rd, Gs^Fp, Rd, Rd^Vl, Gs^Fp, Rd, Rd, Gg, Rb^Uf, Gg, Wwf, Gs, Gg, Gg, Gg, Gs, Rd, Rd, Gs^Fp, Gg, Gg, Gg, Gs, Gg, Gs^Fp, Gs, Gs, Gs^Fp, Gg, Gg, Gg, Xv, Xv, Xv
Xv, Xv, Xv, Xv, Ur, Ur, Ur, Ur, Ur, Ur, Uu, Qxu^Xo, Rd, Ds, Hh, Rd, Gd, Gd, Gg, Gg, Gg, Ww^Vm, Wwf, Gs^Fp, Chr, Gs, Wwf, Hh, Ds, Rd, Rd, Gg, Gs^Fp, Gg, Gg, Gg, Gg, Gs, Gg, Hh, Gg, Gg, Xv, Xv, Xv
Xv, Xv, Xv, Uh, Ur, Ur, Wwf, Wwf, Wwf, Ur, Ur, Uu^Uf, Uu, Qxu^Xo, Rd, Rd, Qxu^Bw|, Gd, Gd, Wwf^Dr, Wwf, Ds, Wwf, Wwf, Wwf, Wwf, Wwf, Wwf, Wwf, Gs, Rb, Rd^Vl, Hh, Gg, Gs, Gs, Gs, Gg, Gs, Gs, Gs, Gs, Xv, Xv, Xv
Xv, Xv, Xv, Uu, Ur, Ur, Ur, Uh, Uu^Uf, Wwf, Wwf, Uu, Ur, Ur, Hhd, Qxu^Xo, Ur, Qxu^Xo, Rb^Fp, Wwf, Wwf, Wwf, Ww, Wwf, Wwf, Wwf, Ww, Wwf, Wwf, Wwf, Rb, Rd, Rd, Gs, Rb, Rb, Rb, Gs, Rb^Dr, Rb^Uf, Rb, Hhd^Fdw, Xv, Xv, Xv
Xv, Xv, Xv, Xv, Xv, Ur, Ur, Xu, Ur, Ur, Ur, Wwf, Wwf, Ur, Ur, Ur, Urb^Vud, Hhd, Chw, Wwf, Wwf, Ww, Wo, Wwf, Wwf, Chw, Wwf, Wwf, Aa, Rb, Gll, Gd, Gd, Rb, Rb, Cud, Rb, Rb, Ql^Xo, Ql^Xo, Rb, Gd, Rb, Xv, Xv
Xv, Xv, Xv, Xv, Xv, Uu, Ur, Hhd, Ur, Ur, Qxu^Xo, Uu, Ur, Wwf, Ur, Uu, Uh, Xuc, Wwf, Wwf, Ww, Wo, Wwr, Wwf, Wwf, Wwf, Wwf, Wwf, Ms^Xm, Rb, Rb, Gll^Uf, Rb, Rb, Hhd, Rb, Gll, Rb, Rb, Rb, Rb, Gll, Rb, Aa, Xv
Xv, Xv, Xv, Xv, Xv, Ql^Xo, Ur, Ur, Ur, Ur, Ur^Uf, Qxu^Xo, Ur, Wwf, Wwf, Wwf, Wwf, Ww, Wwf, Md^Xm, Wo, Wo, Md^Xm, Mv^Xo, Md^Xm, Wwf, Ww, Aa^Uf, Ha, Ms^Xm, Aa^Uf, Rb, Ms^Xm, Ms^Xm, Rb, Gll, Gd, Rb, Md, Hhd, Gll, Gll, Rb, Aa^Fpa, Xv
Xv, Xv, Xv, Xv, Ur, Ur, Ur, Ur, Mm, Ur, Ur, Rb^Fdw, Ur, Ur, Xuc, Uu^Uf, Uu, Xuc, Ur^Uf, Ww, Wwf, Md^Xm, Wwr, Md^Xm, Wo, Wo, Md^Xm, Ww, Wwf, Ww, Wwf, Ha^Fda, Rb, Gll^Fdw, Rb, Gll^Fdw, Gll^Uf, Gll, Gd, Gd, Rb, Rb, Xv, Xv, Xv
Xv, Xv, Xv, Uh, Ur, Ur, Ur, Uh, Ur, Ur, Ur, Ur, Rb^Fdw, Xuc, Ur, Ur, Ur^Uf, Xuc, Wwf, Wwf, Wwf, Wwf, Wo, Wo, Ww, Ww, Wwf, Wwf, Ms^Xm, Ms^Xm, Aa^Fda, Wwf, Wwf, Rb, Rb, Qxe^Xo, Qxe^Xo, Rb, Rb, Rb, Rb, Qxe^Xo, Xv, Xv, Xv
Xv, Xv, Xv, Uu, Ur, Ur, Ur, Ur, Ql^Xo, Ur, Ur, Ur, Ur, Ur, Ur, Ur, Rb, Xuc, Wwf, Wwf, Chw, Wwf, Ww, Ww, Wwf^Dr, Wwf, Wwf, Chw, Gll^Fdw, Rb, Rb^Vhca, Aa, Rb, Wwf, Wwf, Rb, Aa, Rb, Rb, Hhd, Rb, Aa, Xv, Xv, Xv
Xv, Xv, Xv, Xv, Xv, Ur, Ur, Ql^Xo, Urb^Dr, Ur, Ur, Cud, Ur, Ur, Ur, Ur, Rb, Uu, Wwf, Ww, Wwf, Wwf, Ww, Ww, Wwf, Wwf, Wwf, Ww^Dr, Wo, Hhd, Gd, Rb, Rb, Rb, Rb, Wwf, Wwf, Rb, Aa^Fpa, Ms^Xm, Rb, Rb, Rb, Xv, Xv
Xv, Xv, Xv, Xv, Xv, Hhd^Fdw, Ur, Urb^Uf, Ur, Ur, Ur, Ur, Rb, Ur, Rb, Rb^Fmw, Rb^Voa, Rb, Gll, Wwf, Wwf, Wwf, Wwf, Wwf, Wwf, Wwf, Ds, Gll, Gll, Wwf, Wwf, Gd, Wo, Ha, Rb, Rb, Aa, Wwf, Wwf, Ha, Wwf, Gll, Rb, Aa, Xv
Xv, Xv, Xv, Xv, Xv, Ur, Ur, Ur, Hhd, Rb, Rb, Rb, Gll, Rb, Rb, Hhd, Rb, Rb, Rb, Ds, Hhd, Wwf, Gll, Cha, Gll^Fdw, Wwf, Ww^Vm, Rb, Rb, Gd, Gd, Ww, Rb, Wo^Bsb/, Wo, Aa, Aa^Fpa, Rb, Rb, Wwf, Gll, Gll, Rb, Aa^Fpa, Xv
Xv, Xv, Xv, Xv, Xv, Ur, Rb, Rb, Gll, Gll^Fdw, Gll, Gll, Gd^Fdw, Gll, Gll, Rb, Gll, Gd, Gd^Fdw, Rb, Rb, Rb, Gd, Gll, Gd, Gll, Gll, Wwf, Rb^Uf, Rb^Fdw, Rb, Rb, Gll, Gll, Gll^Dr, Rb, Wo, Aa, Rb, Rb, Rb, Rb, Xv, Xv, Xv
Xv, Xv, Xv, Xv, Xv, Hhd^Fdw, Hhd, Gll, Gd, Gll, Gd, Gll, Hhd, Gll, Gll^Uf, Gll, Gll, Hhd, Gll, Gll, Cha, Khw, Gll, Gll, Gd, Gd, Ds, Wwf, Gll, Gd^Fp, Gll, Rb, Gll, Hhd, Rb^Vhca, Ds, Rb, Wo^Bsb/, Wo, Ha, Ha, Ha^Fma, Xv, Xv, Xv
Xv, Xv, Xv, Xv, Xv, Md, Md, Hhd, Gll, Gd, Gd, Mm, Gll^Vca, Gll, Gll, Gll, Rb, Gd, Gd, Cha, Rb, Rb, Gd, Gll, Hhd, Gd, Gll, Wwf, Gll, Gd, Rb, Rb, Rb, Gd^Fp, Gd, Gd, Rb, Gll, Gll, Wo, Wo^Xo, Wo^Xo, Xv, Xv, Xv
Xv, Xv, Xv, Xv, Xv, Ms^Xm, Md, Hhd^Fdw, Gll, Gd, Gll, Gll, Rb, Gll, Gll, Rb, Ss, Md, Gll, Kha, Rb, Gll, Gll, Gd^Uf, Gll, Gd, Gll^Fp, Wwf, Wwf, Cha, Rb, Gd, Rb, Rb, Rb, Rb, Rb^Uf, Rb, Gll, Hhd^Fp, Wo^Xo, Wo^Xo, Xv, Xv, Xv
Xv, Xv, Xv, Xv, Xv, Xv, Xv, Hhd, Gll, Gll, Rb, Rb, Ss, Rb, Gll, Rb, Rb, Hhd^Fdw, Gll, Rb, Gll, Gll, Gd, Gll, Gll, Gll, Gll, Gd, Rb, Chw, Rb, Rb, Chw, Rb, Gd, Rb, Rb, Rb, Gd, Hhd, Xv, Xv, Xv, Xv, Xv
Xv, Xv, Xv, Xv, Xv, Xv, Xv, Xv, Xv, Rb, Ss, Ss, Khs, Rb, Gll, Gll, Gll, Gll, Rb, Rb, Rb, Gd, Gd, Gll, Gd, Gd, Rb, Rb, 2 Kha, Cha, Rb, Rb, Rb, Rb, Gll^Fp, Gd, Gll, Gd, Xv, Xv, Xv, Xv, Xv, Xv, Xv
Xv, Xv, Xv, Xv, Xv, Xv, Xv, Xv, Xv, Xv, Xv, Ss, Ss, Rb^Fdw, Gll, Gd, Rb, Rb, Ss, Ss, Ss, Rb, Gd, Hhd^Vhha, Gd, Gd, Gll, Rb, Rb, Rb, Gll, Gll, Gll, Gll, Hhd, Gll^Fdw, Xv, Xv, Xv, Xv, Xv, Xv, Xv, Xv, Xv
Xv, Xv, Xv, Xv, Xv, Xv, Xv, Xv, Xv, Xv, Xv, Xv, Xv, Hhd, Gd, Gd, Hh, Ss, Ss, Ss^Fdw, Hh, Rb, Gll, Gd, Hh^Fmw, Hh, Mm, Gll, Mm^Vhca, Gll, Mm, Hh, Hh, Gll, Xv, Xv, Xv, Xv, Xv, Xv, Xv, Xv, Xv, Xv, Xv
Xv, Xv, Xv, Xv, Xv, Xv, Xv, Xv, Xv, Xv, Xv, Xv, Xv, Xv, Xv, Hh, Hh, Ss, Ss, Ss, Hh, Hh, Hh, Mm, Mm, Mm, Mm, Ms, Mm, Mm, Mm, Mm, Xv, Xv, Xv, Xv, Xv, Xv, Xv, Xv, Xv, Xv, Xv, Xv, Xv
