border_size=1
usage=map

Mm          , Mm          , Gg^Fds      , Wwt         , Wwt         , Ss          , Ss          , Hhd         , Md          , Ss          , Ss^Bw|r     , Ss          , Ss          , Ss          , Ss          , Ss^Bw|r     , Ss          , Ss          , Ss          , Wwt         , Wwt         , Gll^Efm     , Gll^Efm     , Gg^Efm      , Gg^Efm      , Gll^Efm     , Gll^Efm     , Hhd         , Hh          , Hh          , Mm^Xm       , Mm^Xm       
Mm          , Hh^Fds      , Wwt^Bw\r    , Wwt         , Ur          , Wwf         , Ur          , Hhd         , Ur^Fdw      , Ss          , Cud         , Ss          , Gll         , Ss          , Ss^Bw/r     , Ss^Vhs      , Ss^Bw\r     , Wwf         , Hhd^Fdw     , Hhd         , Md          , Wwf         , Gll^Efm     , Gd^Fdf      , Gll^Gvs     , Gg^Efm      , Gg^Efm      , Mm^Xm       , Mm^Xm       , Mm^Xm       , Mm^Xm       , Mm^Xm       
Hh^Fds      , Gg^Efm      , Wwt         , Gll         , Ur          , Ur          , Ur^Vu       , Ur          , Cud         , Cud         , 1 Kud       , Gll         , Xos^Efs         , Gll         , Gll         , Ss^Bw|r     , Ur          , Gll         , Xos^Efs         , Uu^Fdw      , Ur          , Cud         , Ur^Vu       , Gll^Efm     , Hh^Fds      , Mm          , Gg^Efm      , Gg^Fds      , Mm          , Mm          , Mm          , Mm^Xm       
Gg^Fds      , Gg^Fds      , Wwt^Bw\r    , Gll         , Hhd         , Md          , Ur          , Cud         , Ur          , Ur          , Hhd         , Ur          , Gll         , Ur          , Uu          , Ur          , Md          , Ur          , Cud         , Ur          , Cud         , Cud         , Gll         , Wwt^Bw\r    , Gll^Efm     , Gg^Fds      , Gg^Efm      , Wwt         , Gg^Ve       , Hh^Fds      , Hhd^Tf      , Mm^Xm       
Wwt         , Wwt         , Gll         , Ur          , Ur          , Ur          , Gll         , Xos^Efs         , Xos^Efs         , Gll^Fdw     , Md          , Ur          , Ur          , Ur^Fdw      , Ur^Tf       , Uh          , Ss          , Gll         , Gll         , 4 Kud       , Ur          , Gll         , Uu          , Wwt^Bw/r    , Wwt         , Hhd^Fdf     , Wwf         , Gg^Efm      , Gg^Fds      , Wwt^Bw\r    , Wwt^Bw/r    , Wwt^Bw/r    
Wwt         , Wwt^Bw/r    , Hhd         , Gll         , Gll         , Hhd^Fdw     , Ur          , Ur          , Gll         , Xos^Efs         , Ur          , Ur          , Wwrt        , Ss^Bw\r     , Ss^Bw\r     , Ss^Bw|r     , Wwf         , Ss^Bw|r     , Ss          , Ur          , Ss^Bw|r     , Ur          , Ur          , Uh          , Gll^Fdw     , Wwf         , Wwf         , Gg^Efm      , Wwt^Bw/r    , Wwt^Bw/r    , Gll         , Wwt         
Ss          , Ss^Bw|r     , Ss          , Gll         , Gll^Fdw     , Gll         , Hhd         , Md          , Gll         , Kud         , Gd          , Md          , Ur          , Ss          , Wwf^Bw/r    , Gll         , Gll         , Hhd         , Wwf^Fdw     , Wwt         , Ur          , Gll^Fdw     , Ss^Bw|r     , Ur          , Kud         , Cud         , Gll         , Wwt^Bw|r    , Gd^Fetd     , Ur          , Hhd^Fdw     , Gll         
Gll         , Ss^Bw|r     , Uu^Tf       , Ur          , Ur          , Ur          , Gll         , Hhd^Tf      , Ur^Vu       , Cud         , Ur^Fetd     , Ss          , Xos^Efs         , Wwf         , Ss^Bw|r     , Gll         , Gll^Vu      , Gll         , Wwf         , Wwf         , Gll         , Uh          , Gll         , Ss          , Wwf         , Cud         , Hhd         , Gll         , Ur          , Ur          , Gll         , Md          
Uh          , Uu          , Uh          , Hhd^Fdw     , Ur          , Gll         , Md          , Ur          , Ur          , Cud         , Wwf^Bw\     , Hhd         , Ss          , Ss^Tf       , Ss^Bw/r     , Ss          , Ur          , Gll^Fdw     , Ss^Tf       , Ss          , Gll         , Gll^Vu      , Gll         , Wwf         , Gll         , Wwf         , Wwf         , Wwf^Bw\r    , Ur          , Ur^Tf       , Uh          , Md          
Uh          , Ur^Fetd     , Ur          , Ur^Vu       , Ur          , Gll         , Hhd         , Hhd^Fdw     , Ur          , Wwf^Dr      , Wwf         , Ss^Bw\      , Ss^Bw\      , Ss^Bw|      , Hhd         , Gll         , Wwf         , Wwf         , Gll         , Hhd         , Gll         , Gll^Tf      , Gll         , Md          , Wwf         , Wwt^Bw\r    , Md          , Gll^Fdw     , Ss^Vhs      , Uu          , Ur          , Ur          
Wwf         , Ur          , Gll         , Ur          , Ur          , Gll         , Gll         , Md          , Wwf         , Wwf         , Ur^Dr       , Wwf^Bw/r    , Gll         , Ss^Vhs      , Ur          , Ur          , Md          , Wwf         , Wwt         , Wwf         , Wwf         , Wwt         , Wwt^Bw/r    , Hhd^Fdw     , Gll         , Wwt^Bw/r    , Gll         , Ss^Bw/r     , Ss          , Gll         , Gll         , Gll         
Ur^Tf       , Wwf         , Wwf         , Wwf         , Ur          , Gll^Fdw     , Gll         , Hhd^Fdw     , Wwf         , Wwf         , Wwf         , Wwf         , Ur^Fdw      , Gll^Tf      , Xos^Efs         , Hhd^Fdw     , Wwf         , Ur          , Wwf         , Chw         , Uu^Fdw      , Xos^Efs         , Xos^Efs         , Wwt         , Wwrt        , Wwt         , Wwf         , Ss^Bw|r     , Gll         , Gll         , Gll^Fdw     , Hhd^Fdw     
Ur^Tf       , Ur          , Gll         , Wwf         , Wwf         , Wwrt        , Wwf^Bw/r    , Chw         , Chw         , Wwf         , Wwrt        , Ur          , Ur          , Ur          , Wwf         , Wwf         , Xos^Efs         , Wwf^Tf      , Ur          , Hhd         , Gll         , Gll         , Wwt         , Xos^Efs         , Wwf         , Wwt         , Wwt         , Wwf^Bw/r    , Wwf         , Ur          , Ur          , Hhd^Fdw     
Hhd^Fdw     , Ur          , Ur          , Wwf         , Wwf^Bw/r    , Wwt         , Wwt         , Wwf         , Xos^Efs         , Wwt         , Gll         , Gll         , Hhd         , Ur          , Wwf^Tf      , Xos^Efs         , Wwf         , Wwf         , Ur          , Ur          , Ur          , Wwrt        , Wwf         , Chw         , Chw         , Wwf^Bw/r    , Wwrt        , Wwf         , Wwf         , Gll         , Ur          , Ur^Tf       
Hhd^Fdw     , Gll^Fdw     , Gll         , Gll         , Ss^Bw|r     , Wwf         , Wwt         , Wwrt        , Wwt         , Xos^Efs         , Xos^Efs         , Uu^Fdw      , Chw         , Wwf         , Ur          , Wwf         , Hhd^Fdw     , Xos^Efs         , Gll^Tf      , Ur^Fdw      , Wwf         , Wwf         , Wwf         , Wwf         , Hhd^Fdw     , Gll         , Gll^Fdw     , Ur          , Wwf         , Wwf         , Wwf         , Ur^Tf       
Gll         , Gll         , Gll         , Ss          , Ss^Bw/r     , Gll         , Wwt^Bw/r    , Gll         , Hhd^Fdw     , Wwt^Bw/r    , Wwt         , Wwf         , Wwf         , Wwt         , Wwf         , Md          , Ur          , Ur          , Ss^Vhs      , Gll         , Wwt^Bw/r    , Ur^Dr       , Wwf         , Wwf         , Md          , Gll         , Gll         , Ur          , Ur          , Gll         , Ur          , Wwf         
Ur          , Ur          , Uu          , Ss^Vhs      , Gll^Fdw     , Md          , Wwt^Bw\r    , Wwf         , Md          , Gll         , Gll^Tf      , Gll         , Hhd         , Gll         , Wwf         , Wwf         , Gll         , Hhd         , Ss^Bw|      , Ss^Bw\      , Ss^Bw\r     , Wwt         , Wwf^Dr      , Ur          , Hhd^Fdw     , Hhd         , Gll         , Ur          , Ur^Vu       , Ur          , Ur^Fetd     , Uh          
Md          , Uh          , Ur^Tf       , Ur          , Wwf^Bw\r    , Wwf         , Wwf         , Gll         , Wwf         , Gll         , Gll^Vu      , Gll         , Ss          , Ss^Tf       , Gll^Fdw     , Ur          , Ss          , Ss^Bw/r     , Ss^Tf       , Ss          , Hhd         , Wwt^Bw\r    , Cud         , Ur          , Ur          , Md          , Gll         , Ur          , Hhd^Fdw     , Uh          , Uu          , Uh          
Md          , Gll         , Ur          , Ur          , Gll         , Hhd         , Cud         , Wwf         , Ss          , Gll         , Uh          , Gll         , Wwf         , Wwf         , Gll         , Gll^Vu      , Gll         , Ss^Bw|r     , Wwf         , Xos^Efs         , Ss          , Ur^Fetd     , Cud         , Ur^Vu       , Hhd^Tf      , Gll         , Ur          , Ur          , Gll         , Uu^Tf       , Ss^Bw|r     , Gll         
Gll         , Hhd^Fdw     , Ur          , Gd^Fetd     , Wwt^Bw|r    , Gll         , Cud         , Kud         , Ur          , Ss^Bw|r     , Gll^Fdw     , Ur          , Wwt         , Wwf^Fdw     , Hhd         , Gll         , Gll         , Wwf^Bw/r    , Ss          , Ur          , Md          , Gd          , Kud         , Gll         , Md          , Hhd         , Gll         , Gll^Fdw     , Gll         , Ss          , Ss^Bw|r     , Ss          
Wwt^Bw\r    , Gll         , Wwt^Bw/r    , Wwt^Bw/r    , Gg^Efm      , Wwf         , Wwf         , Gll^Fdw     , Uh          , Ur          , Ur          , Ss^Bw|r     , Ur          , Ss          , Ss^Bw|r     , Wwf         , Ss^Bw|r     , Ss^Bw\r     , Ss^Bw\r     , Wwrt        , Ur          , Ur          , Xos^Efs         , Gll         , Ur          , Ur          , Hhd^Fdw     , Gll         , Gll         , Hhd         , Wwt^Bw/r    , Wwt         
Wwt         , Wwt^Bw\r    , Wwt^Bw\r    , Gg^Fds      , Gg^Efm      , Wwf         , Hhd^Fdf     , Wwt         , Wwt^Bw/r    , Uu          , Gll         , Ur          , 3 Kud       , Gll         , Gll         , Ss          , Uh          , Ur^Tf       , Ur^Fdw      , Ur          , Ur          , Md          , Gll^Fdw     , Xos^Efs         , Xos^Efs         , Gll         , Ur          , Ur          , Ur          , Ur          , Wwt         , Wwt         
Mm^Xm       , Hhd^Tf      , Hh^Fds      , Gg^Ve       , Wwt         , Gg^Efm      , Gg^Fds      , Gll^Efm     , Wwt^Bw\r    , Gll         , Cud         , Cud         , Ur          , Cud         , Ur          , Md          , Ur          , Uu          , Ur          , Gll         , Ur          , Hhd         , Ur          , Ur          , Cud         , Ur          , Md          , Hhd         , Gll         , Wwt^Bw\r    , Gg^Fds      , Gg^Fds      
Mm^Xm       , Mm          , Mm          , Mm          , Gg^Fds      , Gg^Efm      , Mm          , Hh^Fds      , Gll^Efm     , Ur^Vu       , Cud         , Gll         , Uu^Fdw      , Xos^Efs         , Gll         , Ur          , Ss^Bw|r     , Gll         , Gll         , Xos^Efs         , Gll         , 2 Kud       , Cud         , Cud         , Ur          , Ur^Vu       , Ur          , Ur          , Gll         , Wwt         , Gg^Efm      , Hh^Fds      
Mm^Xm       , Mm^Xm       , Mm^Xm       , Mm^Xm       , Mm^Xm       , Gg^Efm      , Gg^Efm      , Gll^Efm     , Gd^Fdf      , Gll^Efm     , Wwf         , Md          , Hhd         , Hhd^Fdw     , Wwf         , Ss^Bw\r     , Ss^Vhs      , Ss^Bw/r     , Ss          , Gll         , Ss          , Cud         , Ss          , Ur^Fdw      , Hhd         , Ur          , Wwf         , Ur          , Wwt         , Wwt^Bw\r    , Hh^Fds      , Mm          
Mm^Xm       , Mm^Xm       , Hh          , Hh          , Hhd         , Gll^Efm     , Gll^Efm     , Gg^Efm      , Gg^Efm      , Gll^Efm     , Gll^Efm     , Wwt         , Wwt         , Ss          , Ss          , Ss          , Ss^Bw|r     , Ss          , Ss          , Ss          , Ss          , Ss^Bw|r     , Ss          , Md          , Hhd         , Ss          , Ss          , Wwt         , Wwt         , Gg^Fds      , Mm          , Mm          
