_off^_usr          , _off^_usr          , _off^_usr          , _off^_usr          , _off^_usr          , _off^_usr          , _off^_usr          , _off^_usr          , Xu          , Xu          , Wot         , Wot         , Hh          , Gs^Ft       , Hh          , Hh^Ft       , Hh          , Ds          , Wot         , Wot         , Wot         , Wot         , Wot         , Xu          , Xu          , _off^_usr          , _off^_usr          , _off^_usr          , _off^_usr          , _off^_usr          , _off^_usr          , _off^_usr          , _off^_usr          , _off^_usr          , _off^_usr          , _off^_usr          
_off^_usr          , _off^_usr          , _off^_usr          , _off^_usr          , _off^_usr          , _off^_usr          , Xu          , Xu          , Wot         , Wot         , Wot         , Wot         , Ds          , Ds^Ft       , Gs^Ft       , Mm          , Hh          , Gs^Ft       , Gs^Edpp     , Wot^Bw/     , Wwt         , Wot         , Wot         , Wot         , Wot         , Xu          , Xu          , _off^_usr          , _off^_usr          , _off^_usr          , _off^_usr          , _off^_usr          , _off^_usr          , _off^_usr          , _off^_usr          , _off^_usr          
_off^_usr          , _off^_usr          , _off^_usr          , _off^_usr          , Xu          , Xu          , Wot         , Wot         , Wot         , Wot         , Wot         , Wot         , Wot         , Ds          , Wot         , Ds^Ft       , Gs^Edpp     , Ket         , Gs^Edpp     , Wot         , Wwt         , Wot         , Wot         , Wot         , Wot         , Wot         , Wot         , Xu          , Xu          , _off^_usr          , Xu          , _off^_usr          , Xu          , _off^_usr          , Xu          , _off^_usr          
_off^_usr          , _off^_usr          , Xu          , Xu          , Wot         , Wot         , Wwt         , Wot         , Wwt         , Wot         , Wwt         , Wwt         , Wwt         , Wot         , Wwt^Bw/     , Wot^Bw/     , Wot         , Wot         , Wot         , Wot^Bw\     , Wwt^Bw\     , Wwt         , Wwt         , Wwt         , Wwt         , Wot         , Wot         , Wot         , Wot         , Xu          , Wot         , Xu          , Wot         , Xu          , Wot         , Xu          
Xu          , Xu          , Wot         , Wot         , Ds^Ft       , Wwt         , Wwt         , Wwt         , Wwt         , Wwt         , Ds          , Ce          , 1 Ket       , Wwt^Bw|     , Wwt         , Wwt         , Wwt         , Wwt         , Wwf         , Wwt         , Wwt         , Wwt^Bw|     , 4 Ket       , Ce          , Wwt         , Wot         , Wwt         , Wwt         , Wwt         , Wot         , Wot         , Wot         , Wot         , Wot         , Wwt         , Wot         
Wot         , Wot         , Wwt         , Wwt         , Gs^Edpp     , Gg^Edpp     , Wwf         , Gs^Ft       , Gg          , Ds          , Gs          , Ce          , Ce          , Ce          , Gg          , Gll^Tf      , Wwf         , Gs^Vl       , Wwf         , Gs          , Gs^Edpp     , Ce          , Ce          , Ce          , Gg          , Wwt         , Wwt         , Wwt         , Ds          , Wwt         , Gs          , Wwf         , Gs          , Hh^Fds      , Wwt         , Wot         
Wot         , Wwt         , Gs^Vht      , Wwf         , Wwf         , Hh          , Wwf         , Gg          , Gg          , Gs^Edpp     , Gs^Edpp     , Gs^Ft       , Gs          , Gs          , Gs          , Gs          , Gs^Edpp     , Wwf         , Gs^Ft       , Gg          , Gs^Edpp     , Gg          , Gg          , Gg          , Gs^Edpp     , Gs          , Wwf         , Ds^Vhs      , Ww          , Gs^Edpp     , Ww          , Wwf         , Gs^Vht      , Gg          , Gs^Ft       , Wot         
Wot         , Wwt         , Gg          , Gg          , Wwf         , Ww          , Gs          , Ss^Vhs      , Gg^Edpp     , Gg^Edpp     , Hh          , Gg          , Gs^Edpp     , Gg          , Hh^Fds      , Gs^Ft       , Wwf         , Wwf         , Gs^Ft       , Ss          , Gg          , Gs          , Gg          , Gs^Ft       , Gs          , Gs^Edpp     , Gs^Ft       , Wwf         , Gs^Edpp     , Ww          , Ww          , Ww          , Gg          , Gs          , Wwt         , Wot         
Wot         , Wwt         , Gs^Edpp     , Hh^Tf       , Ww^Bw\      , Ww          , Gs          , Gs          , Hh^Fds      , Gg          , Gg          , Gs^Ft       , Gg^Edpp     , Gg^Edpp     , Hh          , Mm          , Wwf         , Gs          , Gg          , Gg^Edpp     , Gs          , Gg          , Gg^Edpp     , Gs          , Gs          , Gg          , Mm          , Hh^Fds      , Ww          , Ww^Bw\      , Ww^Bw\      , Wwf         , Wwf         , Hh          , Wwt         , Wot         
Wot         , Wwf         , Wwf         , Gs^Edpp     , Ww          , Ww^Bw/      , Ww          , Gll^Tf      , Ww          , Gg          , Wwf         , Gg          , Re^Vct      , Gg          , Gs^Edpp     , Gs^Edpp     , Ww          , Gg          , Gs          , Gs          , Ww          , Ww          , Ww          , Re^Vct      , Wwf         , Wwf         , Ww          , Ww          , Gs          , Ww^Bw/      , Ww          , Hh^Tf       , Gs^Edpp     , Wwf         , Wwt         , Wot         
Wot         , Ds^Ft       , Gs^Edpp     , Ww          , Ww          , Ww^Bw|      , Ww          , Ww          , Gs^Ft       , Wwf         , Gs          , Wwf         , Wwf         , Gs          , Ww          , Ww          , Ww          , Hh^Vl       , Gs^Edpp     , Gs^Edpp     , Ww          , Gll^Tf      , Hh          , Wwf         , Gg^Edpp     , Gs^Ft       , Gs          , Gs          , Gs^Vht      , Ww          , Ww          , Ww          , Gs          , Gs          , Wwt         , Wot         
Wot         , Ds^Vht      , Gs^Edpp     , Ww          , Ww          , Gg          , Gs^Edpp     , Gs^Vht      , Gg          , Gg          , Gg^Edpp     , Gs^Edpp     , Gg^Edpp     , Ww          , Hh^Fds      , Mm          , Hh          , Ww          , Ww          , Gs^Edpp     , Wwf         , Gs          , Gs^Edpp     , Gg          , Gg          , Gg          , Gs          , Gg          , Gg^Edpp     , Gg          , Ww          , Ww          , Wwf         , Gs^Vht      , Ds^Ft       , Wot         
Wot         , Wwt         , Wwf         , Wwf         , Gs^Edpp     , Gg          , Gg          , Gs          , Gg          , Gg          , Gs          , Gg^Edpp     , Gg          , Gg          , Gg^Edpp     , Gs^Ft       , Wwf         , Ww          , Ww          , Hh^Fds      , Mm          , Wwf         , Gs          , Gs          , Gs          , Gg          , Gs^Ft       , Hh^Fds      , Mm          , Gg          , Gs          , Gs          , Hh          , Wwf         , Wwt         , Wot         
Wot         , Wwt         , Wwt         , Gs          , Gg^Edpp     , Gs          , Hh^Fds      , Mm          , Hh^Tf       , Gs          , Gs          , Ss          , Gs^Ft       , Gg          , Ww          , Wwf         , Gs^Edpp     , Gg^Edpp     , Gg          , Wwf         , Wwf         , Wwf         , Gs^Ft       , Gg          , Gs^Edpp     , Gg          , Ss          , Hh          , Mm^Xm       , Gll^Tf      , Gs^Edpp     , Gs^Edpp     , Ds          , Wwt         , Wwt         , Wot         
Wot         , Wwt         , Ds          , Gs          , Gs          , Gs^Ft       , Mm^Xm       , Mm^Xm       , Mm^Xm       , Gg          , Gs          , Gg          , Gg^Edpp     , Ww          , Wo          , Gg          , Gs^Edpp     , Gs^Ft       , Gs^Ft       , Gs^Edpp     , Gg          , Ww          , Ww          , Gg          , Gs          , Gs          , Mm^Xm       , Mm^Xm       , Mv          , Mm^Xm       , Gg^Edpp     , Gs^Edpp     , Ss          , Ds          , Wot         , Wot         
Wot         , Wot         , Ds          , Ss          , Gg^Edpp     , Gs          , Mm^Xm       , Mv          , Mm^Xm       , Mm^Xm       , Gg          , Gs^Edpp     , Gs          , Ww          , Ww          , Gs          , Gs^Edpp     , Gs^Ft       , Gs^Ft       , Gs^Edpp     , Gs          , Wo          , Ww          , Gg          , Gg          , Gg          , Gg^Edpp     , Mm^Xm       , Mm^Xm       , Mm^Xm       , Gs^Ft       , Gg          , Gg          , Ds          , Wwt         , Wot         
Wot         , Wwt         , Wwt         , Ds          , Gs^Edpp     , Gg^Edpp     , Gll^Tf      , Mm^Xm       , Hh          , Ss          , Gg          , Gg          , Gs          , Gs^Ft       , Wwf         , Wwf         , Wwf         , Gg^Edpp     , Gg          , Gs^Edpp     , Wwf         , Ww          , Gg^Edpp     , Gs^Ft       , Ss          , Gg          , Gg^Edpp     , Hh^Tf       , Mm          , Hh^Fds      , Gg^Edpp     , Gs          , Gs          , Wwt         , Wwt         , Wot         
Wot         , Wwt         , Wwf         , Hh          , Gs^Edpp     , Gs          , Gs          , Mm          , Hh^Fds      , Gs^Ft       , Gg          , Gs^Edpp     , Gg          , Gg          , Wwf         , Mm          , Hh^Fds      , Ww          , Ww          , Wwf         , Gs^Ft       , Gg          , Gg          , Gs^Edpp     , Gg          , Gg          , Gs          , Gs          , Gg          , Gg^Edpp     , Gs          , Gs^Edpp     , Wwf         , Wwf         , Wwt         , Wot         
Wot         , Ds^Ft       , Gs^Vht      , Wwf         , Ww          , Ww          , Gg          , Gg          , Gs^Edpp     , Gs          , Gs          , Gg          , Gg          , Gg          , Gg^Edpp     , Wwf         , Gg          , Ww          , Ww          , Hh          , Mm          , Hh^Fds      , Ww          , Gs          , Gs^Edpp     , Gs          , Gs          , Gs          , Gs^Vht      , Gg          , Gg          , Ww          , Ww          , Gs^Edpp     , Ds^Vht      , Wot         
Wot         , Wwt         , Gg          , Gs^Edpp     , Ww          , Ww          , Ww          , Gs^Vht      , Gg^Edpp     , Gs          , Gs^Ft       , Gs^Edpp     , Wwf         , Hh          , Gll^Tf      , Ww          , Gs          , Gs^Edpp     , Hh^Vl       , Ww          , Ww          , Ww          , Gg          , Wwf         , Wwf         , Gg          , Wwf         , Gs^Ft       , Ww          , Ww          , Ww^Bw|      , Ww          , Ww          , Gs^Edpp     , Ds^Ft       , Wot         
Wot         , Wwt         , Wwf         , Gs          , Hh^Tf       , Ww          , Ww^Bw/      , Gg^Edpp     , Ww          , Ww          , Wwf         , Wwf         , Re^Vct      , Ww          , Ww          , Ww          , Gs^Edpp     , Gs          , Gs          , Ww          , Gs^Edpp     , Gs^Edpp     , Gs          , Re^Vct      , Gs          , Wwf         , Gs          , Ww          , Gll^Tf      , Ww          , Ww^Bw/      , Ww          , Gs          , Wwf         , Wwf         , Wot         
Wot         , Wwt         , Hh          , Wwf         , Wwf         , Ww^Bw\      , Ww^Bw\      , Ww          , Hh^Fds      , Mm          , Gg          , Gs          , Gs          , Gg          , Gs          , Gs          , Gg          , Gs          , Gs          , Wwf         , Mm          , Hh          , Gs          , Gg          , Gs^Ft       , Gs          , Gg          , Hh^Fds      , Gg          , Gs          , Ww          , Ww^Bw\      , Hh^Tf       , Gg          , Wwt         , Wot         
Wot         , Wwt         , Gs          , Gg          , Ww          , Ww          , Ww          , Gs^Edpp     , Wwf         , Gs^Ft       , Gs^Edpp     , Gs          , Gs^Ft       , Gg          , Gs          , Gs^Edpp     , Ss          , Gs^Ft       , Wwf         , Wwf         , Gs^Ft       , Hh^Fds      , Gg^Edpp     , Gs          , Gg          , Hh          , Gg          , Gs^Edpp     , Ss^Vhs      , Gg^Edpp     , Ww          , Wwf         , Gs^Edpp     , Gg^Edpp     , Wwt         , Wot         
Wot         , Gs^Ft       , Gg^Edpp     , Gs^Vht      , Wwf         , Ww          , Gs^Edpp     , Ww          , Ds^Vhs      , Wwf         , Gs^Edpp     , Gs^Edpp     , Gg          , Gg          , Gs          , Gg          , Gs          , Gs^Ft       , Wwf         , Gg          , Gg          , Gg^Edpp     , Gs^Edpp     , Gs          , Gs^Ft       , Gg          , Gg^Edpp     , Gs          , Gs          , Wwf         , Hh          , Wwf         , Wwf         , Gs^Vht      , Wwt         , Wot         
Wot         , Wwt         , Hh^Fds      , Gs          , Wwf         , Gs^Edpp     , Wwt         , Ds          , Wwt         , Wwt         , Wwt         , Gs^Edpp     , Ce          , Ce          , Ce          , Gs          , Gg          , Wwf         , Gs^Vl       , Wwf         , Gll^Tf      , Gg          , Ce          , Ce          , Ce          , Gg          , Ds          , Gs          , Gs^Ft       , Wwf         , Gs          , Gs^Edpp     , Wwt         , Wwt         , Wot         , Wot         
Wot         , Wwt         , Wot         , Wot         , Wot         , Wot         , Wot         , Wwt         , Wwt         , Wwt         , Wot         , Wwt         , Ce          , 3 Ket       , Wwt^Bw|     , Wwt         , Wwt         , Wwf         , Wwt         , Wwt         , Wwt         , Wwt         , Wwt^Bw|     , 2 Ket       , Ce          , Ds          , Wwt         , Wwt         , Wwt         , Wwt         , Wwt         , Ds^Ft       , Wot         , Wot         , Xu          , Xu          
Xu          , Wot         , Xu          , Wot         , Xu          , Wot         , Xu          , Wot         , Wot         , Wot         , Wot         , Wwt         , Wwt         , Wwt         , Wwt         , Wwt^Bw\     , Wot^Bw\     , Wot         , Wot         , Wot         , Wot^Bw/     , Wwt^Bw/     , Wot         , Wwt         , Wwt         , Wwt         , Wot         , Wwt         , Wot         , Wwt         , Wot         , Wot         , Xu          , Xu          , _off^_usr          , _off^_usr          
_off^_usr          , Xu          , _off^_usr          , Xu          , _off^_usr          , Xu          , _off^_usr          , Xu          , Xu          , Wot         , Wot         , Wot         , Wot         , Wot         , Wot         , Wwt         , Wot         , Gs^Edpp     , Ket         , Gs^Edpp     , Ds^Ft       , Wot         , Ds          , Wot         , Wot         , Wot         , Wot         , Wot         , Wot         , Wot         , Xu          , Xu          , _off^_usr          , _off^_usr          , _off^_usr          , _off^_usr          
_off^_usr          , _off^_usr          , _off^_usr          , _off^_usr          , _off^_usr          , _off^_usr          , _off^_usr          , _off^_usr          , _off^_usr          , Xu          , Xu          , Wot         , Wot         , Wot         , Wot         , Wwt         , Wot^Bw/     , Gs^Edpp     , Gs^Ft       , Hh          , Mm          , Gs^Ft       , Ds^Ft       , Ds          , Wot         , Wot         , Wot         , Wot         , Xu          , Xu          , _off^_usr          , _off^_usr          , _off^_usr          , _off^_usr          , _off^_usr          , _off^_usr          
_off^_usr          , _off^_usr          , _off^_usr          , _off^_usr          , _off^_usr          , _off^_usr          , _off^_usr          , _off^_usr          , _off^_usr          , _off^_usr          , _off^_usr          , Xu          , Xu          , Wot         , Wot         , Wot         , Wot         , Wot         , Ds          , Hh          , Hh^Ft       , Hh          , Gs^Ft       , Hh          , Wot         , Wot         , Xu          , Xu          , _off^_usr          , _off^_usr          , _off^_usr          , _off^_usr          , _off^_usr          , _off^_usr          , _off^_usr          , _off^_usr          
